Archive member included to satisfy reference by file (symbol)

C:/Program Files (x86)/Arm GNU Toolchain arm-none-eabi/13.3 rel1/bin/../lib/gcc/arm-none-eabi/13.3.1/thumb/v8-m.main+dp/hard\libgcc.a(_aeabi_ldivmod.o)
                              ./ra/fsp/src/r_sci_b_uart/r_sci_b_uart.o (__aeabi_ldivmod)
C:/Program Files (x86)/Arm GNU Toolchain arm-none-eabi/13.3 rel1/bin/../lib/gcc/arm-none-eabi/13.3.1/thumb/v8-m.main+dp/hard\libgcc.a(_udivmoddi4.o)
                              C:/Program Files (x86)/Arm GNU Toolchain arm-none-eabi/13.3 rel1/bin/../lib/gcc/arm-none-eabi/13.3.1/thumb/v8-m.main+dp/hard\libgcc.a(_aeabi_ldivmod.o) (__udivmoddi4)
C:/Program Files (x86)/Arm GNU Toolchain arm-none-eabi/13.3 rel1/bin/../lib/gcc/arm-none-eabi/13.3.1/thumb/v8-m.main+dp/hard\libgcc.a(_dvmd_tls.o)
                              C:/Program Files (x86)/Arm GNU Toolchain arm-none-eabi/13.3 rel1/bin/../lib/gcc/arm-none-eabi/13.3.1/thumb/v8-m.main+dp/hard\libgcc.a(_aeabi_ldivmod.o) (__aeabi_ldiv0)
C:/Program Files (x86)/Arm GNU Toolchain arm-none-eabi/13.3 rel1/bin/../lib/gcc/arm-none-eabi/13.3.1/thumb/v8-m.main+dp/hard\libg_nano.a(libc_a-exit.o)
                              C:/Program Files (x86)/Arm GNU Toolchain arm-none-eabi/13.3 rel1/bin/../lib/gcc/arm-none-eabi/13.3.1/thumb/v8-m.main+dp/hard/crt0.o (exit)
C:/Program Files (x86)/Arm GNU Toolchain arm-none-eabi/13.3 rel1/bin/../lib/gcc/arm-none-eabi/13.3.1/thumb/v8-m.main+dp/hard\libg_nano.a(libc_a-findfp.o)
                              C:/Program Files (x86)/Arm GNU Toolchain arm-none-eabi/13.3 rel1/bin/../lib/gcc/arm-none-eabi/13.3.1/thumb/v8-m.main+dp/hard\libg_nano.a(libc_a-exit.o) (__stdio_exit_handler)
C:/Program Files (x86)/Arm GNU Toolchain arm-none-eabi/13.3 rel1/bin/../lib/gcc/arm-none-eabi/13.3.1/thumb/v8-m.main+dp/hard\libg_nano.a(libc_a-fwalk.o)
                              C:/Program Files (x86)/Arm GNU Toolchain arm-none-eabi/13.3 rel1/bin/../lib/gcc/arm-none-eabi/13.3.1/thumb/v8-m.main+dp/hard\libg_nano.a(libc_a-findfp.o) (_fwalk_sglue)
C:/Program Files (x86)/Arm GNU Toolchain arm-none-eabi/13.3 rel1/bin/../lib/gcc/arm-none-eabi/13.3.1/thumb/v8-m.main+dp/hard\libg_nano.a(libc_a-printf.o)
                              ./src/hal_entry.o (printf)
C:/Program Files (x86)/Arm GNU Toolchain arm-none-eabi/13.3 rel1/bin/../lib/gcc/arm-none-eabi/13.3.1/thumb/v8-m.main+dp/hard\libg_nano.a(libc_a-puts.o)
                              ./src/hal_entry.o (puts)
C:/Program Files (x86)/Arm GNU Toolchain arm-none-eabi/13.3 rel1/bin/../lib/gcc/arm-none-eabi/13.3.1/thumb/v8-m.main+dp/hard\libg_nano.a(libc_a-stdio.o)
                              C:/Program Files (x86)/Arm GNU Toolchain arm-none-eabi/13.3 rel1/bin/../lib/gcc/arm-none-eabi/13.3.1/thumb/v8-m.main+dp/hard\libg_nano.a(libc_a-findfp.o) (__sread)
C:/Program Files (x86)/Arm GNU Toolchain arm-none-eabi/13.3 rel1/bin/../lib/gcc/arm-none-eabi/13.3.1/thumb/v8-m.main+dp/hard\libg_nano.a(libc_a-wbuf.o)
                              C:/Program Files (x86)/Arm GNU Toolchain arm-none-eabi/13.3 rel1/bin/../lib/gcc/arm-none-eabi/13.3.1/thumb/v8-m.main+dp/hard\libg_nano.a(libc_a-puts.o) (__swbuf_r)
C:/Program Files (x86)/Arm GNU Toolchain arm-none-eabi/13.3 rel1/bin/../lib/gcc/arm-none-eabi/13.3.1/thumb/v8-m.main+dp/hard\libg_nano.a(libc_a-wsetup.o)
                              C:/Program Files (x86)/Arm GNU Toolchain arm-none-eabi/13.3 rel1/bin/../lib/gcc/arm-none-eabi/13.3.1/thumb/v8-m.main+dp/hard\libg_nano.a(libc_a-puts.o) (__swsetup_r)
C:/Program Files (x86)/Arm GNU Toolchain arm-none-eabi/13.3 rel1/bin/../lib/gcc/arm-none-eabi/13.3.1/thumb/v8-m.main+dp/hard\libg_nano.a(libc_a-memset.o)
                              C:/Program Files (x86)/Arm GNU Toolchain arm-none-eabi/13.3 rel1/bin/../lib/gcc/arm-none-eabi/13.3.1/thumb/v8-m.main+dp/hard/crt0.o (memset)
C:/Program Files (x86)/Arm GNU Toolchain arm-none-eabi/13.3 rel1/bin/../lib/gcc/arm-none-eabi/13.3.1/thumb/v8-m.main+dp/hard\libg_nano.a(libc_a-closer.o)
                              C:/Program Files (x86)/Arm GNU Toolchain arm-none-eabi/13.3 rel1/bin/../lib/gcc/arm-none-eabi/13.3.1/thumb/v8-m.main+dp/hard\libg_nano.a(libc_a-stdio.o) (_close_r)
C:/Program Files (x86)/Arm GNU Toolchain arm-none-eabi/13.3 rel1/bin/../lib/gcc/arm-none-eabi/13.3.1/thumb/v8-m.main+dp/hard\libg_nano.a(libc_a-reent.o)
                              C:/Program Files (x86)/Arm GNU Toolchain arm-none-eabi/13.3 rel1/bin/../lib/gcc/arm-none-eabi/13.3.1/thumb/v8-m.main+dp/hard\libg_nano.a(libc_a-closer.o) (errno)
C:/Program Files (x86)/Arm GNU Toolchain arm-none-eabi/13.3 rel1/bin/../lib/gcc/arm-none-eabi/13.3.1/thumb/v8-m.main+dp/hard\libg_nano.a(libc_a-impure.o)
                              C:/Program Files (x86)/Arm GNU Toolchain arm-none-eabi/13.3 rel1/bin/../lib/gcc/arm-none-eabi/13.3.1/thumb/v8-m.main+dp/hard\libg_nano.a(libc_a-printf.o) (_impure_ptr)
[...]
Memory Configuration

Name             Origin             Length             Attributes
RAM              0x22000000         0x000e0000         xrw
FLASH            0x02000000         0x001f8000         xr
DATA_FLASH       0x27000000         0x00003000         xr
SDRAM            0x68000000         0x08000000         xrw
OSPI0_CS0        0x80000000         0x10000000         xrw
OSPI0_CS1        0x90000000         0x10000000         xr
OPTION_SETTING_OFS0 0x0300a100         0x00000004         r
OPTION_SETTING_OFS2 0x0300a104         0x00000004         r
OPTION_SETTING_DUALSEL 0x0300a110         0x00000004         r
OPTION_SETTING_OFS1 0x1300a180         0x00000004         r
OPTION_SETTING_BANKSEL 0x1300a190         0x00000004         r
OPTION_SETTING_BPS 0x1300a1c0         0x00000010         r
OPTION_SETTING_PBPS 0x1300a1e0         0x00000010         r
OPTION_SETTING_OFS1_SEC 0x0300a200         0x00000004         r
OPTION_SETTING_BANKSEL_SEC 0x0300a210         0x00000004         r
OPTION_SETTING_BPS_SEC 0x0300a240         0x00000010         r
OPTION_SETTING_PBPS_SEC 0x0300a260         0x00000010         r
OPTION_SETTING_OFS1_SEL 0x0300a280         0x00000004         r
OPTION_SETTING_BANKSEL_SEL 0x0300a290         0x00000004         r
OPTION_SETTING_BPS_SEL 0x0300a2c0         0x00000010         r
OPTION_SETTING_DATA_FLASH_FSBLCTRL0 0x27030080         0x00000004         r
OPTION_SETTING_DATA_FLASH_FSBLCTRL1 0x27030084         0x00000004         r
OPTION_SETTING_DATA_FLASH_FSBLCTRL2 0x27030088         0x00000004         r
OPTION_SETTING_DATA_FLASH_SACC0 0x2703008c         0x00000004         r
OPTION_SETTING_DATA_FLASH_SACC1 0x27030090         0x00000004         r
OPTION_SETTING_DATA_FLASH_SAMR 0x27030094         0x00000004         r
ITCM             0x00000000         0x00010000         xrw
DTCM             0x20000000         0x00010000         xrw
*default*        0x00000000         0xffffffff

Linker script and memory map

LOAD C:/Program Files (x86)/Arm GNU Toolchain arm-none-eabi/13.3 rel1/bin/../lib/gcc/arm-none-eabi/13.3.1/thumb/v8-m.main+dp/hard/crti.o
LOAD C:/Program Files (x86)/Arm GNU Toolchain arm-none-eabi/13.3 rel1/bin/../lib/gcc/arm-none-eabi/13.3.1/thumb/v8-m.main+dp/hard/crtbegin.o
LOAD C:/Program Files (x86)/Arm GNU Toolchain arm-none-eabi/13.3 rel1/bin/../lib/gcc/arm-none-eabi/13.3.1/thumb/v8-m.main+dp/hard/crt0.o
START GROUP
LOAD ./src/hal_entry.o
LOAD ./src/hal_warmstart.o
LOAD ./src/i2c_controller.o
LOAD ./src/mipi_dsi_ep.o
LOAD ./src/system.o
LOAD ./src/uart_ep.o
LOAD ./ra_gen/common_data.o
LOAD ./ra_gen/hal_data.o
LOAD ./ra_gen/main.o
LOAD ./ra_gen/pin_data.o
LOAD ./ra_gen/vector_data.o
LOAD ./ra/fsp/src/r_sci_b_uart/r_sci_b_uart.o
LOAD ./ra/fsp/src/r_mipi_phy/r_mipi_phy.o
LOAD ./ra/fsp/src/r_mipi_dsi/r_mipi_dsi.o
LOAD ./ra/fsp/src/r_ioport/r_ioport.o
LOAD ./ra/fsp/src/r_iic_master/r_iic_master.o
LOAD ./ra/fsp/src/r_glcdc/r_glcdc.o
LOAD ./ra/fsp/src/bsp/mcu/ra8d1/bsp_linker.o
LOAD ./ra/fsp/src/bsp/mcu/all/bsp_clocks.o
LOAD ./ra/fsp/src/bsp/mcu/all/bsp_common.o
LOAD ./ra/fsp/src/bsp/mcu/all/bsp_delay.o
LOAD ./ra/fsp/src/bsp/mcu/all/bsp_group_irq.o
LOAD ./ra/fsp/src/bsp/mcu/all/bsp_guard.o
LOAD ./ra/fsp/src/bsp/mcu/all/bsp_io.o
LOAD ./ra/fsp/src/bsp/mcu/all/bsp_ipc.o
LOAD ./ra/fsp/src/bsp/mcu/all/bsp_irq.o
LOAD ./ra/fsp/src/bsp/mcu/all/bsp_macl.o
LOAD ./ra/fsp/src/bsp/mcu/all/bsp_register_protection.o
LOAD ./ra/fsp/src/bsp/mcu/all/bsp_sbrk.o
LOAD ./ra/fsp/src/bsp/mcu/all/bsp_sdram.o
LOAD ./ra/fsp/src/bsp/mcu/all/bsp_security.o
LOAD ./ra/fsp/src/bsp/cmsis/Device/RENESAS/Source/startup.o
LOAD ./ra/fsp/src/bsp/cmsis/Device/RENESAS/Source/system.o
END GROUP
START GROUP
LOAD C:/Program Files (x86)/Arm GNU Toolchain arm-none-eabi/13.3 rel1/bin/../lib/gcc/arm-none-eabi/13.3.1/thumb/v8-m.main+dp/hard\libgcc.a
LOAD C:/Program Files (x86)/Arm GNU Toolchain arm-none-eabi/13.3 rel1/bin/../lib/gcc/arm-none-eabi/13.3.1/thumb/v8-m.main+dp/hard\libg_nano.a
LOAD C:/Program Files (x86)/Arm GNU Toolchain arm-none-eabi/13.3 rel1/bin/../lib/gcc/arm-none-eabi/13.3.1/thumb/v8-m.main+dp/hard\libc_nano.a
END GROUP
START GROUP
LOAD C:/Program Files (x86)/Arm GNU Toolchain arm-none-eabi/13.3 rel1/bin/../lib/gcc/arm-none-eabi/13.3.1/thumb/v8-m.main+dp/hard\libgcc.a
LOAD C:/Program Files (x86)/Arm GNU Toolchain arm-none-eabi/13.3 rel1/bin/../lib/gcc/arm-none-eabi/13.3.1/thumb/v8-m.main+dp/hard\libc_nano.a
END GROUP
LOAD C:/Program Files (x86)/Arm GNU Toolchain arm-none-eabi/13.3 rel1/bin/../lib/gcc/arm-none-eabi/13.3.1/thumb/v8-m.main+dp/hard/crtend.o
LOAD C:/Program Files (x86)/Arm GNU Toolchain arm-none-eabi/13.3 rel1/bin/../lib/gcc/arm-none-eabi/13.3.1/thumb/v8-m.main+dp/hard/crtn.o
                0x22000000                        RAM_START = 0x22000000
                0x000e0000                        RAM_LENGTH = 0xe0000
                0x02000000                        FLASH_START = 0x2000000
                0x001f8000                        FLASH_LENGTH = 0x1f8000
                0x27000000                        DATA_FLASH_START = 0x27000000
                0x00003000                        DATA_FLASH_LENGTH = 0x3000
                0x68000000                        SDRAM_START = 0x68000000
                0x08000000                        SDRAM_LENGTH = 0x8000000
                0x80000000                        OSPI0_CS0_START = 0x80000000
                0x10000000                        OSPI0_CS0_LENGTH = 0x10000000
                0x90000000                        OSPI0_CS1_START = 0x90000000
                0x10000000                        OSPI0_CS1_LENGTH = 0x10000000
                0x0300a100                        OPTION_SETTING_OFS0_START = 0x300a100
                0x00000004                        OPTION_SETTING_OFS0_LENGTH = 0x4
                0x0300a104                        OPTION_SETTING_OFS2_START = 0x300a104
                0x00000004                        OPTION_SETTING_OFS2_LENGTH = 0x4
                0x0300a110                        OPTION_SETTING_DUALSEL_START = 0x300a110
                0x00000004                        OPTION_SETTING_DUALSEL_LENGTH = 0x4
                0x1300a180                        OPTION_SETTING_OFS1_START = 0x1300a180
                0x00000004                        OPTION_SETTING_OFS1_LENGTH = 0x4
                0x1300a190                        OPTION_SETTING_BANKSEL_START = 0x1300a190
                0x00000004                        OPTION_SETTING_BANKSEL_LENGTH = 0x4
                0x1300a1c0                        OPTION_SETTING_BPS_START = 0x1300a1c0
                0x00000010                        OPTION_SETTING_BPS_LENGTH = 0x10
                0x1300a1e0                        OPTION_SETTING_PBPS_START = 0x1300a1e0
                0x00000010                        OPTION_SETTING_PBPS_LENGTH = 0x10
                0x0300a200                        OPTION_SETTING_OFS1_SEC_START = 0x300a200
                0x00000004                        OPTION_SETTING_OFS1_SEC_LENGTH = 0x4
                0x0300a210                        OPTION_SETTING_BANKSEL_SEC_START = 0x300a210
                0x00000004                        OPTION_SETTING_BANKSEL_SEC_LENGTH = 0x4
                0x0300a240                        OPTION_SETTING_BPS_SEC_START = 0x300a240
                0x00000010                        OPTION_SETTING_BPS_SEC_LENGTH = 0x10
                0x0300a260                        OPTION_SETTING_PBPS_SEC_START = 0x300a260
                0x00000010                        OPTION_SETTING_PBPS_SEC_LENGTH = 0x10
                0x0300a280                        OPTION_SETTING_OFS1_SEL_START = 0x300a280
                0x00000004                        OPTION_SETTING_OFS1_SEL_LENGTH = 0x4
                0x0300a290                        OPTION_SETTING_BANKSEL_SEL_START = 0x300a290
                0x00000004                        OPTION_SETTING_BANKSEL_SEL_LENGTH = 0x4
                0x0300a2c0                        OPTION_SETTING_BPS_SEL_START = 0x300a2c0
                0x00000010                        OPTION_SETTING_BPS_SEL_LENGTH = 0x10
                0x27030080                        OPTION_SETTING_DATA_FLASH_FSBLCTRL0_START = 0x27030080
                0x00000004                        OPTION_SETTING_DATA_FLASH_FSBLCTRL0_LENGTH = 0x4
                0x27030084                        OPTION_SETTING_DATA_FLASH_FSBLCTRL1_START = 0x27030084
                0x00000004                        OPTION_SETTING_DATA_FLASH_FSBLCTRL1_LENGTH = 0x4
                0x27030088                        OPTION_SETTING_DATA_FLASH_FSBLCTRL2_START = 0x27030088
                0x00000004                        OPTION_SETTING_DATA_FLASH_FSBLCTRL2_LENGTH = 0x4
                0x2703008c                        OPTION_SETTING_DATA_FLASH_SACC0_START = 0x2703008c
                0x00000004                        OPTION_SETTING_DATA_FLASH_SACC0_LENGTH = 0x4
                0x27030090                        OPTION_SETTING_DATA_FLASH_SACC1_START = 0x27030090
                0x00000004                        OPTION_SETTING_DATA_FLASH_SACC1_LENGTH = 0x4
                0x27030094                        OPTION_SETTING_DATA_FLASH_SAMR_START = 0x27030094
                0x00000004                        OPTION_SETTING_DATA_FLASH_SAMR_LENGTH = 0x4
                0x00000000                        ITCM_START = 0x0
                0x00010000                        ITCM_LENGTH = 0x10000
                0x20000000                        DTCM_START = 0x20000000
                0x00010000                        DTCM_LENGTH = 0x10000
START GROUP
LOAD C:/Program Files (x86)/Arm GNU Toolchain arm-none-eabi/13.3 rel1/bin/../lib/gcc/arm-none-eabi/13.3.1/thumb/v8-m.main+dp/hard\libgcc.a
LOAD C:/Program Files (x86)/Arm GNU Toolchain arm-none-eabi/13.3 rel1/bin/../lib/gcc/arm-none-eabi/13.3.1/thumb/v8-m.main+dp/hard\libc.a
LOAD C:/Program Files (x86)/Arm GNU Toolchain arm-none-eabi/13.3 rel1/bin/../lib/gcc/arm-none-eabi/13.3.1/thumb/v8-m.main+dp/hard\libm.a
END GROUP

.ospi0_cs1.startof
                0x90000000        0x0
                0x90000000                        __ddsc_OSPI0_CS1_START = .

.sdram.startof  0x68000000        0x0
                0x68000000                        __ddsc_SDRAM_START = .

__sdram_from_ospi0_cs1$$
                0x68000000        0x0 load address 0x90000000
                0x68000000                        __sdram_from_ospi0_cs1$$Base = .
                0x90000000                        __sdram_from_ospi0_cs1$$Load = LOADADDR (__sdram_from_ospi0_cs1$$)
 *(.sdram_from_ospi0_cs1)
 *(.sdram_code_from_ospi0_cs1)
                0x68000000                        __sdram_from_ospi0_cs1$$Limit = .

.ospi0_cs0.startof
                0x80000000        0x0
                0x80000000                        __ddsc_OSPI0_CS0_START = .

__ospi0_cs0_from_ospi0_cs1$$
                0x80000000        0x0 load address 0x90000000
                0x80000000                        __ospi0_cs0_from_ospi0_cs1$$Base = .
                0x90000000                        __ospi0_cs0_from_ospi0_cs1$$Load = LOADADDR (__ospi0_cs0_from_ospi0_cs1$$)
 *(.ospi0_cs0_from_ospi0_cs1)
 *(.ospi0_cs0_code_from_ospi0_cs1)
                0x80000000                        __ospi0_cs0_from_ospi0_cs1$$Limit = .

.itcm.startof   0x00000000        0x0
                0x00000000                        __ddsc_ITCM_START = .

__itcm_from_ospi0_cs1$$
                0x00000000        0x0 load address 0x90000000
                0x00000000                        __itcm_from_ospi0_cs1$$Base = .
                0x90000000                        __itcm_from_ospi0_cs1$$Load = LOADADDR (__itcm_from_ospi0_cs1$$)
 *(.itcm_from_ospi0_cs1)
 *(.itcm_code_from_ospi0_cs1)
                0x00000000                        __itcm_from_ospi0_cs1$$Limit = .

.dtcm.startof   0x20000000        0x0
                0x20000000                        __ddsc_DTCM_START = .

__dtcm_from_ospi0_cs1$$
                0x20000000        0x0 load address 0x90000000
                0x20000000                        __dtcm_from_ospi0_cs1$$Base = .
                0x90000000                        __dtcm_from_ospi0_cs1$$Load = LOADADDR (__dtcm_from_ospi0_cs1$$)
 *(.dtcm_from_ospi0_cs1)
 *(.dtcm_code_from_ospi0_cs1)
                0x20000000                        __dtcm_from_ospi0_cs1$$Limit = .

.ram.startof    0x22000000        0x0
                0x22000000                        __ddsc_RAM_START = .

__ram_dtc_vector$$
                0x22000000        0x0
                0x22000000                        __ram_dtc_vector$$Base = .
 *(.fsp_dtc_vector_table)
                0x22000000                        __ram_dtc_vector$$Limit = .

__ram_from_ospi0_cs1$$
                0x22000000        0x0 load address 0x90000000
                0x22000000                        __ram_from_ospi0_cs1$$Base = .
                0x90000000                        __ram_from_ospi0_cs1$$Load = LOADADDR (__ram_from_ospi0_cs1$$)
 *(.ram_from_ospi0_cs1)
 *(.ram_code_from_ospi0_cs1)
                0x22000000                        __ram_from_ospi0_cs1$$Limit = .

__ospi0_cs1_readonly$$
                0x90000000        0x0
                0x90000000                        __ospi0_cs1_readonly$$Base = .
 *(.ospi0_cs1)
 *(.ospi0_cs1_code)
                0x90000000                        __ospi0_cs1_readonly$$Limit = .

__ospi0_cs1_noinit$$
                0x90000000        0x0
                0x90000000                        __ospi0_cs1_noinit$$Base = .
 *(.ospi0_cs1_noinit)
                0x90000000                        __ospi0_cs1_noinit$$Limit = .

.ospi0_cs1.endof
                0x90000000        0x0
                0x90000000                        __ddsc_OSPI0_CS1_END = .

.data_flash.startof
                0x27000000        0x0
                0x27000000                        __ddsc_DATA_FLASH_START = .

__sdram_from_data_flash$$
                0x68000000        0x0 load address 0x27000000
                0x68000000                        __sdram_from_data_flash$$Base = .
                0x27000000                        __sdram_from_data_flash$$Load = LOADADDR (__sdram_from_data_flash$$)
 *(.sdram_from_data_flash)
 *(.sdram_code_from_data_flash)
                0x68000000                        __sdram_from_data_flash$$Limit = .

__ospi0_cs0_from_data_flash$$
                0x80000000        0x0 load address 0x27000000
                0x80000000                        __ospi0_cs0_from_data_flash$$Base = .
                0x27000000                        __ospi0_cs0_from_data_flash$$Load = LOADADDR (__ospi0_cs0_from_data_flash$$)
 *(.ospi0_cs0_from_data_flash)
 *(.ospi0_cs0_code_from_data_flash)
                0x80000000                        __ospi0_cs0_from_data_flash$$Limit = .

__itcm_from_data_flash$$
                0x00000000        0x0 load address 0x27000000
                0x00000000                        __itcm_from_data_flash$$Base = .
                0x27000000                        __itcm_from_data_flash$$Load = LOADADDR (__itcm_from_data_flash$$)
 *(.itcm_from_data_flash)
 *(.itcm_code_from_data_flash)
                0x00000000                        __itcm_from_data_flash$$Limit = .

__dtcm_from_data_flash$$
                0x20000000        0x0 load address 0x27000000
                0x20000000                        __dtcm_from_data_flash$$Base = .
                0x27000000                        __dtcm_from_data_flash$$Load = LOADADDR (__dtcm_from_data_flash$$)
 *(.dtcm_from_data_flash)
 *(.dtcm_code_from_data_flash)
                0x20000000                        __dtcm_from_data_flash$$Limit = .

__ram_from_data_flash$$
                0x22000000        0x0 load address 0x27000000
                0x22000000                        __ram_from_data_flash$$Base = .
                0x27000000                        __ram_from_data_flash$$Load = LOADADDR (__ram_from_data_flash$$)
 *(.ram_from_data_flash)
 *(.ram_code_from_data_flash)
                0x22000000                        __ram_from_data_flash$$Limit = .

__data_flash_readonly$$
                0x27000000        0x0
                0x27000000                        __data_flash_readonly$$Base = .
 *(.data_flash)
 *(.data_flash_code)
                0x27000000                        __data_flash_readonly$$Limit = .

__data_flash_noinit$$
                0x27000000        0x0
                0x27000000                        __data_flash_noinit$$Base = .
 *(.data_flash_noinit)
                0x27000000                        __data_flash_noinit$$Limit = .

.data_flash.endof
                0x27000000        0x0
                0x27000000                        __ddsc_DATA_FLASH_END = .

.flash.startof  0x02000000        0x0
                0x02000000                        __ddsc_FLASH_START = .

__flash_vectors$$
                0x02000000       0x7c
                0x02000000                        __flash_vectors$$Base = .
                0x02000000                        _VECTORS = .
 *(.fixed_vectors)
 .fixed_vectors
                0x02000000       0x40 ./ra/fsp/src/bsp/cmsis/Device/RENESAS/Source/startup.o
                0x02000000                __Vectors
 *(.application_vectors)
 .application_vectors
                0x02000040       0x3c ./ra_gen/vector_data.o
                0x02000040                g_vector_table
                0x0200007c                        __flash_vectors$$Limit = .

__flash_noinit$$
                0x0200007c        0x0
                0x0200007c                        __flash_noinit$$Base = .
 *(.flash_noinit)
                0x0200007c                        __flash_noinit$$Limit = .

__sdram_from_flash$$
                0x68000000        0x0 load address 0x0200007c
                0x68000000                        __sdram_from_flash$$Base = .
                0x0200007c                        __sdram_from_flash$$Load = LOADADDR (__sdram_from_flash$$)
 *(.sdram_from_flash)
 *(.sdram_code_from_flash)
                0x68000000                        __sdram_from_flash$$Limit = .

__sdram_noinit_nocache$$
                0x68000000        0x0 load address 0x02000080
                0x68000000                        __sdram_noinit_nocache$$Base = .
 *(.sdram_noinit_nocache)
                0x68000000                        __sdram_noinit_nocache$$Limit = .

__sdram_zero_nocache$$
                0x68000000        0x0 load address 0x0200007c
                0x68000000                        __sdram_zero_nocache$$Base = .
 *(.sdram_nocache)
                0x68000000                        . = ALIGN (0x20)
                0x68000000                        __sdram_zero_nocache$$Limit = .

__sdram_noinit$$
                0x68000000        0x0 load address 0x0200007c
                0x68000000                        __sdram_noinit$$Base = .
 *(.sdram_noinit)
                0x68000000                        __sdram_noinit$$Limit = .

__sdram_zero$$  0x68000000        0x0 load address 0x0200007c
                0x68000000                        __sdram_zero$$Base = .
 *(.sdram)
                0x68000000                        __sdram_zero$$Limit = .

.sdram.endof    0x68000000        0x0
                0x68000000                        __ddsc_SDRAM_END = .

__ospi0_cs0_from_flash$$
                0x80000000        0x0 load address 0x0200007c
                0x80000000                        __ospi0_cs0_from_flash$$Base = .
                0x0200007c                        __ospi0_cs0_from_flash$$Load = LOADADDR (__ospi0_cs0_from_flash$$)
 *(.ospi0_cs0_from_flash)
 *(.ospi0_cs0_code_from_flash)
                0x80000000                        __ospi0_cs0_from_flash$$Limit = .

__ospi0_cs0_noinit_nocache$$
                0x80000000        0x0 load address 0x02000080
                0x80000000                        __ospi0_cs0_noinit_nocache$$Base = .
 *(.ospi0_cs0_noinit_nocache)
                0x80000000                        __ospi0_cs0_noinit_nocache$$Limit = .

__ospi0_cs0_zero_nocache$$
                0x80000000        0x0 load address 0x0200007c
                0x80000000                        __ospi0_cs0_zero_nocache$$Base = .
 *(.ospi0_cs0_nocache)
                0x80000000                        . = ALIGN (0x20)
                0x80000000                        __ospi0_cs0_zero_nocache$$Limit = .

__ospi0_cs0_noinit$$
                0x80000000        0x0 load address 0x0200007c
                0x80000000                        __ospi0_cs0_noinit$$Base = .
 *(.ospi0_cs0_noinit)
                0x80000000                        __ospi0_cs0_noinit$$Limit = .

__ospi0_cs0_zero$$
                0x80000000        0x0 load address 0x0200007c
                0x80000000                        __ospi0_cs0_zero$$Base = .
 *(.ospi0_cs0)
                0x80000000                        __ospi0_cs0_zero$$Limit = .

.ospi0_cs0.endof
                0x80000000        0x0
                0x80000000                        __ddsc_OSPI0_CS0_END = .

__itcm_from_flash$$
                0x00000000        0x0 load address 0x0200007c
                0x00000000                        __itcm_from_flash$$Base = .
                0x0200007c                        __itcm_from_flash$$Load = LOADADDR (__itcm_from_flash$$)
 *(.itcm_from_flash)
 *(.itcm_code_from_flash)
                0x00000000                        __itcm_from_flash$$Limit = .

__itcm_noinit$$
                0x00000000        0x0 load address 0x0200007c
                0x00000000                        __itcm_noinit$$Base = .
 *(.itcm_noinit)
                0x00000000                        __itcm_noinit$$Limit = .

__itcm_zero$$   0x00000000        0x0 load address 0x0200007c
                0x00000000                        __itcm_zero$$Base = .
 *(.itcm)
                0x00000000                        __itcm_zero$$Limit = .

.itcm.endof     0x00000000        0x0
                0x00000000                        __ddsc_ITCM_END = .

__dtcm_from_flash$$
                0x20000000        0x0 load address 0x0200007c
                0x20000000                        __dtcm_from_flash$$Base = .
                0x0200007c                        __dtcm_from_flash$$Load = LOADADDR (__dtcm_from_flash$$)
 *(.dtcm_from_flash)
 *(.dtcm_code_from_flash)
                0x20000000                        __dtcm_from_flash$$Limit = .

__dtcm_noinit$$
                0x20000000        0x0 load address 0x0200007c
                0x20000000                        __dtcm_noinit$$Base = .
 *(.dtcm_noinit)
                0x20000000                        __dtcm_noinit$$Limit = .

__dtcm_zero$$   0x20000000        0x0 load address 0x0200007c
                0x20000000                        __dtcm_zero$$Base = .
 *(.dtcm)
                0x20000000                        __dtcm_zero$$Limit = .

.dtcm.endof     0x20000000        0x0
                0x20000000                        __ddsc_DTCM_END = .

__ram_from_flash$$
                0x22000000       0x68 load address 0x0200007c
                0x22000000                        __ram_from_flash$$Base = .
                0x0200007c                        __ram_from_flash$$Load = LOADADDR (__ram_from_flash$$)
 *(.ram_from_flash)
 *(.ram_code_from_flash)
 *(.data*)
 .data.i2c_event
                0x22000000        0x1 ./src/i2c_controller.o
 *fill*         0x22000001        0x3 
 .data.g_uart4_baud_setting
                0x22000004        0x4 ./ra_gen/hal_data.o
                0x22000004                g_uart4_baud_setting
 .data.g_clut_data_latched
                0x22000008        0x2 ./ra/fsp/src/r_glcdc/r_glcdc.o
 *fill*         0x2200000a        0x2 
 .data.__sglue  0x2200000c        0xc C:/Program Files (x86)/Arm GNU Toolchain arm-none-eabi/13.3 rel1/bin/../lib/gcc/arm-none-eabi/13.3.1/thumb/v8-m.main+dp/hard\libg_nano.a(libc_a-findfp.o)
                0x2200000c                __sglue
 .data._impure_ptr
                0x22000018        0x4 C:/Program Files (x86)/Arm GNU Toolchain arm-none-eabi/13.3 rel1/bin/../lib/gcc/arm-none-eabi/13.3.1/thumb/v8-m.main+dp/hard\libg_nano.a(libc_a-impure.o)
                0x22000018                _impure_ptr
 .data._impure_data
                0x2200001c       0x4c C:/Program Files (x86)/Arm GNU Toolchain arm-none-eabi/13.3 rel1/bin/../lib/gcc/arm-none-eabi/13.3.1/thumb/v8-m.main+dp/hard\libg_nano.a(libc_a-impure.o)
                0x2200001c                _impure_data
 *(vtable)
                0x22000068                        __ram_from_flash$$Limit = .

.tm_clone_table
                0x22000068        0x0 load address 0x020000e4
 .tm_clone_table
                0x22000068        0x0 C:/Program Files (x86)/Arm GNU Toolchain arm-none-eabi/13.3 rel1/bin/../lib/gcc/arm-none-eabi/13.3.1/thumb/v8-m.main+dp/hard/crtbegin.o
 .tm_clone_table
                0x22000068        0x0 C:/Program Files (x86)/Arm GNU Toolchain arm-none-eabi/13.3 rel1/bin/../lib/gcc/arm-none-eabi/13.3.1/thumb/v8-m.main+dp/hard/crtend.o

.igot.plt       0x22000068        0x0 load address 0x020000e4
 .igot.plt      0x22000068        0x0 C:/Program Files (x86)/Arm GNU Toolchain arm-none-eabi/13.3 rel1/bin/../lib/gcc/arm-none-eabi/13.3.1/thumb/v8-m.main+dp/hard/crtbegin.o

__ram_noinit_nocache$$
                0x22000080        0x0 load address 0x02000100
                0x22000080                        __ram_noinit_nocache$$Base = .
 *(.ram_noinit_nocache)
                0x22000080                        __ram_noinit_nocache$$Limit = .

__ram_zero_nocache$$
                0x22000068       0x18 load address 0x020000e4
                0x22000068                        __ram_zero_nocache$$Base = .
 *(.ram_nocache)
                0x22000080                        . = ALIGN (0x20)
 *fill*         0x22000068       0x18 
                0x22000080                        __ram_zero_nocache$$Limit = .

__ram_noinit$$  0x22000080      0x42c load address 0x020000e4
                0x22000080                        __ram_noinit$$Base = .
 *(.bss.g_heap)
 *(.bss.g_main_stack)
 .bss.g_main_stack
                0x22000080      0x400 ./ra/fsp/src/bsp/cmsis/Device/RENESAS/Source/startup.o
                0x22000080                g_main_stack
 *(.ram_noinit)
 .ram_noinit    0x22000480       0x2c ./ra/fsp/src/bsp/mcu/all/bsp_clocks.o
 *(.noinit)
                0x220004ac                        __ram_noinit$$Limit = .

__ram_zero$$    0x220004b0      0x298 load address 0x020000e4
                0x220004b0                        __ram_zero$$Base = .
 *(.ram)
 *(.bss*)
 .bss.completed.1
                0x220004b0        0x1 C:/Program Files (x86)/Arm GNU Toolchain arm-none-eabi/13.3 rel1/bin/../lib/gcc/arm-none-eabi/13.3.1/thumb/v8-m.main+dp/hard/crtbegin.o
 *fill*         0x220004b1        0x3 
 .bss.object.0  0x220004b4       0x18 C:/Program Files (x86)/Arm GNU Toolchain arm-none-eabi/13.3 rel1/bin/../lib/gcc/arm-none-eabi/13.3.1/thumb/v8-m.main+dp/hard/crtbegin.o
 .bss.g_uart_event
                0x220004cc        0x1 ./src/uart_ep.o
 .bss.g_data_received_flag
                0x220004cd        0x1 ./src/uart_ep.o
 .bss.g_counter_var
                0x220004ce        0x1 ./src/uart_ep.o
 *fill*         0x220004cf        0x1 
 .bss.g_ioport_ctrl
                0x220004d0        0x8 ./ra_gen/common_data.o
                0x220004d0                g_ioport_ctrl
 .bss.g_i2c_master0_ctrl
                0x220004d8       0x40 ./ra_gen/hal_data.o
                0x220004d8                g_i2c_master0_ctrl
 .bss.g_uart4_ctrl
                0x22000518       0x30 ./ra_gen/hal_data.o
                0x22000518                g_uart4_ctrl
 .bss.g_video_started
                0x22000548        0x1 ./ra/fsp/src/r_mipi_dsi/r_mipi_dsi.o
 .bss.g_clock_state
                0x22000549        0x1 ./ra/fsp/src/r_mipi_dsi/r_mipi_dsi.o
 *fill*         0x2200054a        0x2 
 .bss.g_frame_ctr
                0x2200054c        0x4 ./ra/fsp/src/r_glcdc/r_glcdc.o
 .bss.g_fade_pending
                0x22000550        0x8 ./ra/fsp/src/r_glcdc/r_glcdc.o
 .bss.g_ctrl_blk
                0x22000558        0xc ./ra/fsp/src/r_glcdc/r_glcdc.o
 *fill*         0x22000564        0x4 
 .bss.g_bsp_group_irq_sources
                0x22000568       0x40 ./ra/fsp/src/bsp/mcu/all/bsp_group_irq.o
                0x22000568                g_bsp_group_irq_sources
 .bss.g_protect_pfswe_counter
                0x220005a8        0x4 ./ra/fsp/src/bsp/mcu/all/bsp_io.o
                0x220005a8                g_protect_pfswe_counter
 *fill*         0x220005ac        0x4 
 .bss.gp_renesas_isr_context
                0x220005b0       0x3c ./ra/fsp/src/bsp/mcu/all/bsp_irq.o
                0x220005b0                gp_renesas_isr_context
 .bss.g_protect_counters
                0x220005ec        0xa ./ra/fsp/src/bsp/mcu/all/bsp_register_protection.o
                0x220005ec                g_protect_counters
 *fill*         0x220005f6        0x2 
 .bss.SystemCoreClock
                0x220005f8        0x4 ./ra/fsp/src/bsp/cmsis/Device/RENESAS/Source/system.o
                0x220005f8                SystemCoreClock
 .bss.__sf      0x220005fc      0x138 C:/Program Files (x86)/Arm GNU Toolchain arm-none-eabi/13.3 rel1/bin/../lib/gcc/arm-none-eabi/13.3.1/thumb/v8-m.main+dp/hard\libg_nano.a(libc_a-findfp.o)
                0x220005fc                __sf
 .bss.__stdio_exit_handler
                0x22000734        0x4 C:/Program Files (x86)/Arm GNU Toolchain arm-none-eabi/13.3 rel1/bin/../lib/gcc/arm-none-eabi/13.3.1/thumb/v8-m.main+dp/hard\libg_nano.a(libc_a-findfp.o)
                0x22000734                __stdio_exit_handler
 .bss.errno     0x22000738        0x4 C:/Program Files (x86)/Arm GNU Toolchain arm-none-eabi/13.3 rel1/bin/../lib/gcc/arm-none-eabi/13.3.1/thumb/v8-m.main+dp/hard\libg_nano.a(libc_a-reent.o)
                0x22000738                errno
 .bss.__lock___malloc_recursive_mutex
                0x2200073c        0x1 C:/Program Files (x86)/Arm GNU Toolchain arm-none-eabi/13.3 rel1/bin/../lib/gcc/arm-none-eabi/13.3.1/thumb/v8-m.main+dp/hard\libg_nano.a(libc_a-lock.o)
                0x2200073c                __lock___malloc_recursive_mutex
 .bss.__lock___sfp_recursive_mutex
                0x2200073d        0x1 C:/Program Files (x86)/Arm GNU Toolchain arm-none-eabi/13.3 rel1/bin/../lib/gcc/arm-none-eabi/13.3.1/thumb/v8-m.main+dp/hard\libg_nano.a(libc_a-lock.o)
                0x2200073d                __lock___sfp_recursive_mutex
 *fill*         0x2200073e        0x2 
 .bss.__malloc_sbrk_start
                0x22000740        0x4 C:/Program Files (x86)/Arm GNU Toolchain arm-none-eabi/13.3 rel1/bin/../lib/gcc/arm-none-eabi/13.3.1/thumb/v8-m.main+dp/hard\libg_nano.a(libc_a-mallocr.o)
                0x22000740                __malloc_sbrk_start
 .bss.__malloc_free_list
                0x22000744        0x4 C:/Program Files (x86)/Arm GNU Toolchain arm-none-eabi/13.3 rel1/bin/../lib/gcc/arm-none-eabi/13.3.1/thumb/v8-m.main+dp/hard\libg_nano.a(libc_a-mallocr.o)
                0x22000744                __malloc_free_list
                0x22000748                        __ram_zero$$Limit = .

__ram_thread_stack$$
                0x22000748        0x0 load address 0x020000e8
                0x22000748                        __ram_thread_stack$$Base = .
 *(.stack?*)
                0x22000748                        __ram_thread_stack$$Limit = .

.ram.endof      0x22002000        0x0
                0x22002000                        __ddsc_RAM_END = .

.ram.flat_nsc   0x22002000        0x0
                0x22002000                        __sau_ddsc_RAM_NSC = .

__flash_readonly$$
                0x020000e8     0x33e0
                0x020000e8                        __flash_readonly$$Base = .
 *(.flash)
 *(.flash_code)
 *(.text*)
 .text.deregister_tm_clones
                0x020000e8       0x1c C:/Program Files (x86)/Arm GNU Toolchain arm-none-eabi/13.3 rel1/bin/../lib/gcc/arm-none-eabi/13.3.1/thumb/v8-m.main+dp/hard/crtbegin.o
 .text.register_tm_clones
                0x02000104       0x28 C:/Program Files (x86)/Arm GNU Toolchain arm-none-eabi/13.3 rel1/bin/../lib/gcc/arm-none-eabi/13.3.1/thumb/v8-m.main+dp/hard/crtbegin.o
 .text.__do_global_dtors_aux
                0x0200012c       0x28 C:/Program Files (x86)/Arm GNU Toolchain arm-none-eabi/13.3 rel1/bin/../lib/gcc/arm-none-eabi/13.3.1/thumb/v8-m.main+dp/hard/crtbegin.o
 .text.frame_dummy
                0x02000154       0x24 C:/Program Files (x86)/Arm GNU Toolchain arm-none-eabi/13.3 rel1/bin/../lib/gcc/arm-none-eabi/13.3.1/thumb/v8-m.main+dp/hard/crtbegin.o
 .text.R_HDMI_BridgeInit
                0x02000178       0x3c ./src/hal_entry.o
                0x02000178                R_HDMI_BridgeInit
 .text._write   0x020001b4       0x10 ./src/hal_entry.o
                0x020001b4                _write
 .text.hal_entry
                0x020001c4       0xb4 ./src/hal_entry.o
                0x020001c4                hal_entry
 .text.R_BSP_WarmStart
                0x02000278       0x24 ./src/hal_warmstart.o
                0x02000278                R_BSP_WarmStart
 .text.I2C_ReadByte
                0x0200029c       0xc0 ./src/i2c_controller.o
                0x0200029c                I2C_ReadByte
 .text.i2c_master_callback
                0x0200035c       0x10 ./src/i2c_controller.o
                0x0200035c                i2c_master_callback
 .text._close   0x0200036c        0x4 ./src/system.o
                0x0200036c                _close
 .text._fstat   0x02000370        0x4 ./src/system.o
                0x02000370                _fstat
 .text._isatty  0x02000374        0xc ./src/system.o
                0x02000374                _isatty
 .text._lseek   0x02000380        0x4 ./src/system.o
                0x02000380                _lseek
 .text._read    0x02000384        0x4 ./src/system.o
                0x02000384                _read
 .text.uart_initialize
                0x02000388       0x10 ./src/uart_ep.o
                0x02000388                uart_initialize
 .text.uart_print_user_msg
                0x02000398       0x48 ./src/uart_ep.o
                0x02000398                uart_print_user_msg
 .text.usart_callback
                0x020003e0       0x40 ./src/uart_ep.o
                0x020003e0                usart_callback
 .text.startup.main
                0x02000420        0xc ./ra_gen/main.o
                0x02000420                main
 .text.R_SCI_B_UART_Write
                0x0200042c       0x40 ./ra/fsp/src/r_sci_b_uart/r_sci_b_uart.o
                0x0200042c                R_SCI_B_UART_Write
 .text.r_sci_b_irq_cfg
                0x0200046c       0x70 ./ra/fsp/src/r_sci_b_uart/r_sci_b_uart.o
 .text.r_sci_b_uart_call_callback
                0x020004dc       0x44 ./ra/fsp/src/r_sci_b_uart/r_sci_b_uart.o
 .text.R_SCI_B_UART_Open
                0x02000520      0x284 ./ra/fsp/src/r_sci_b_uart/r_sci_b_uart.o
                0x02000520                R_SCI_B_UART_Open
 .text.sci_b_uart_txi_isr
                0x020007a4       0x90 ./ra/fsp/src/r_sci_b_uart/r_sci_b_uart.o
                0x020007a4                sci_b_uart_txi_isr
 .text.sci_b_uart_rxi_isr
                0x02000834       0x90 ./ra/fsp/src/r_sci_b_uart/r_sci_b_uart.o
                0x02000834                sci_b_uart_rxi_isr
 .text.sci_b_uart_tei_isr
                0x020008c4       0x4c ./ra/fsp/src/r_sci_b_uart/r_sci_b_uart.o
                0x020008c4                sci_b_uart_tei_isr
 .text.sci_b_uart_eri_isr
                0x02000910       0x84 ./ra/fsp/src/r_sci_b_uart/r_sci_b_uart.o
                0x02000910                sci_b_uart_eri_isr
 .text.dsi_call_callback
                0x02000994       0x3c ./ra/fsp/src/r_mipi_dsi/r_mipi_dsi.o
 .text.mipi_dsi_seq0_isr
                0x020009d0       0x54 ./ra/fsp/src/r_mipi_dsi/r_mipi_dsi.o
                0x020009d0                mipi_dsi_seq0_isr
 .text.mipi_dsi_seq1_isr
                0x02000a24       0x54 ./ra/fsp/src/r_mipi_dsi/r_mipi_dsi.o
                0x02000a24                mipi_dsi_seq1_isr
 .text.mipi_dsi_vin1_isr
                0x02000a78       0xe4 ./ra/fsp/src/r_mipi_dsi/r_mipi_dsi.o
                0x02000a78                mipi_dsi_vin1_isr
 .text.mipi_dsi_rcv_isr
                0x02000b5c       0x64 ./ra/fsp/src/r_mipi_dsi/r_mipi_dsi.o
                0x02000b5c                mipi_dsi_rcv_isr
 .text.mipi_dsi_ferr_isr
                0x02000bc0       0x54 ./ra/fsp/src/r_mipi_dsi/r_mipi_dsi.o
                0x02000bc0                mipi_dsi_ferr_isr
 .text.mipi_dsi_ppi_isr
                0x02000c14       0x78 ./ra/fsp/src/r_mipi_dsi/r_mipi_dsi.o
                0x02000c14                mipi_dsi_ppi_isr
 .text.bsp_vbatt_init
                0x02000c8c       0xec ./ra/fsp/src/r_ioport/r_ioport.o
 .text.r_ioport_pins_config
                0x02000d78       0xac ./ra/fsp/src/r_ioport/r_ioport.o
 .text.R_IOPORT_Open
                0x02000e24       0x14 ./ra/fsp/src/r_ioport/r_ioport.o
                0x02000e24                R_IOPORT_Open
 .text.iic_master_notify
                0x02000e38       0x3c ./ra/fsp/src/r_iic_master/r_iic_master.o
 .text.iic_master_run_hw_master
                0x02000e74      0x114 ./ra/fsp/src/r_iic_master/r_iic_master.o
 .text.R_IIC_MASTER_SlaveAddressSet
                0x02000f88       0x3c ./ra/fsp/src/r_iic_master/r_iic_master.o
                0x02000f88                R_IIC_MASTER_SlaveAddressSet
 .text.R_IIC_MASTER_Read
                0x02000fc4       0x60 ./ra/fsp/src/r_iic_master/r_iic_master.o
                0x02000fc4                R_IIC_MASTER_Read
 .text.R_IIC_MASTER_Write
                0x02001024       0x68 ./ra/fsp/src/r_iic_master/r_iic_master.o
                0x02001024                R_IIC_MASTER_Write
 .text.iic_master_open_hw_master
                0x0200108c      0x238 ./ra/fsp/src/r_iic_master/r_iic_master.o
 .text.R_IIC_MASTER_Open
                0x020012c4       0xe8 ./ra/fsp/src/r_iic_master/r_iic_master.o
                0x020012c4                R_IIC_MASTER_Open
 .text.iic_master_rxi_isr
                0x020013ac      0x194 ./ra/fsp/src/r_iic_master/r_iic_master.o
                0x020013ac                iic_master_rxi_isr
 .text.iic_master_txi_isr
                0x02001540      0x124 ./ra/fsp/src/r_iic_master/r_iic_master.o
                0x02001540                iic_master_txi_isr
 .text.iic_master_tei_isr
                0x02001664       0xe4 ./ra/fsp/src/r_iic_master/r_iic_master.o
                0x02001664                iic_master_tei_isr
 .text.iic_master_eri_isr
                0x02001748      0x140 ./ra/fsp/src/r_iic_master/r_iic_master.o
                0x02001748                iic_master_eri_isr
 .text.glcdc_line_detect_isr
                0x02001888       0x84 ./ra/fsp/src/r_glcdc/r_glcdc.o
                0x02001888                glcdc_line_detect_isr
 .text.SystemCoreClockUpdate
                0x0200190c       0x8c ./ra/fsp/src/bsp/mcu/all/bsp_clocks.o
                0x0200190c                SystemCoreClockUpdate
 .text.bsp_clock_init
                0x02001998      0x1b4 ./ra/fsp/src/bsp/mcu/all/bsp_clocks.o
                0x02001998                bsp_clock_init
 .text.R_BSP_Init_RTC
                0x02001b4c       0x28 ./ra/fsp/src/bsp/mcu/all/bsp_clocks.o
                0x02001b4c                R_BSP_Init_RTC
 .text.bsp_init_internal
                0x02001b74        0x4 ./ra/fsp/src/bsp/mcu/all/bsp_common.o
                0x02001b74                bsp_init_internal
                0x02001b74                bsp_init
 .text.bsp_prv_software_delay_loop
                0x02001b78        0xc ./ra/fsp/src/bsp/mcu/all/bsp_delay.o
                0x02001b78                bsp_prv_software_delay_loop
 .text.R_BSP_SoftwareDelay
                0x02001b84       0x88 ./ra/fsp/src/bsp/mcu/all/bsp_delay.o
                0x02001b84                R_BSP_SoftwareDelay
 .text.NMI_Handler
                0x02001c0c       0x44 ./ra/fsp/src/bsp/mcu/all/bsp_group_irq.o
                0x02001c0c                NMI_Handler
 .text.bsp_irq_cfg
                0x02001c50       0x2c ./ra/fsp/src/bsp/mcu/all/bsp_irq.o
                0x02001c50                bsp_irq_cfg
 .text.R_BSP_RegisterProtectEnable
                0x02001c7c       0x60 ./ra/fsp/src/bsp/mcu/all/bsp_register_protection.o
                0x02001c7c                R_BSP_RegisterProtectEnable
 .text.R_BSP_RegisterProtectDisable
                0x02001cdc       0x54 ./ra/fsp/src/bsp/mcu/all/bsp_register_protection.o
                0x02001cdc                R_BSP_RegisterProtectDisable
 .text._sbrk    0x02001d30       0x14 ./ra/fsp/src/bsp/mcu/all/bsp_sbrk.o
                0x02001d30                _sbrk
 .text.R_BSP_SdramInit
                0x02001d44       0xcc ./ra/fsp/src/bsp/mcu/all/bsp_sdram.o
                0x02001d44                R_BSP_SdramInit
 .text.Default_Handler
                0x02001e10        0x4 ./ra/fsp/src/bsp/cmsis/Device/RENESAS/Source/startup.o
                0x02001e10                DebugMon_Handler
                0x02001e10                HardFault_Handler
                0x02001e10                SysTick_Handler
                0x02001e10                PendSV_Handler
                0x02001e10                UsageFault_Handler
                0x02001e10                SecureFault_Handler
                0x02001e10                Default_Handler
                0x02001e10                MemManage_Handler
                0x02001e10                SVC_Handler
                0x02001e10                BusFault_Handler
 .text.Reset_Handler
                0x02001e14        0xc ./ra/fsp/src/bsp/cmsis/Device/RENESAS/Source/startup.o
                0x02001e14                Reset_Handler
 .text.SystemRuntimeInit
                0x02001e20       0x64 ./ra/fsp/src/bsp/cmsis/Device/RENESAS/Source/system.o
 *fill*         0x02001e84        0x4 
 .text.SystemInit
                0x02001e88      0x1ec ./ra/fsp/src/bsp/cmsis/Device/RENESAS/Source/system.o
                0x02001e88                SystemInit
 .text.std      0x02002074       0x6c C:/Program Files (x86)/Arm GNU Toolchain arm-none-eabi/13.3 rel1/bin/../lib/gcc/arm-none-eabi/13.3.1/thumb/v8-m.main+dp/hard\libg_nano.a(libc_a-findfp.o)
 .text.stdio_exit_handler
                0x020020e0       0x18 C:/Program Files (x86)/Arm GNU Toolchain arm-none-eabi/13.3 rel1/bin/../lib/gcc/arm-none-eabi/13.3.1/thumb/v8-m.main+dp/hard\libg_nano.a(libc_a-findfp.o)
 .text.cleanup_stdio
                0x020020f8       0x40 C:/Program Files (x86)/Arm GNU Toolchain arm-none-eabi/13.3 rel1/bin/../lib/gcc/arm-none-eabi/13.3.1/thumb/v8-m.main+dp/hard\libg_nano.a(libc_a-findfp.o)
 .text.global_stdio_init.part.0
                0x02002138       0x3c C:/Program Files (x86)/Arm GNU Toolchain arm-none-eabi/13.3 rel1/bin/../lib/gcc/arm-none-eabi/13.3.1/thumb/v8-m.main+dp/hard\libg_nano.a(libc_a-findfp.o)
 .text.__sfp_lock_acquire
                0x02002174        0xc C:/Program Files (x86)/Arm GNU Toolchain arm-none-eabi/13.3 rel1/bin/../lib/gcc/arm-none-eabi/13.3.1/thumb/v8-m.main+dp/hard\libg_nano.a(libc_a-findfp.o)
                0x02002174                __sfp_lock_acquire
 .text.__sfp_lock_release
                0x02002180        0xc C:/Program Files (x86)/Arm GNU Toolchain arm-none-eabi/13.3 rel1/bin/../lib/gcc/arm-none-eabi/13.3.1/thumb/v8-m.main+dp/hard\libg_nano.a(libc_a-findfp.o)
                0x02002180                __sfp_lock_release
 .text.__sinit  0x0200218c       0x30 C:/Program Files (x86)/Arm GNU Toolchain arm-none-eabi/13.3 rel1/bin/../lib/gcc/arm-none-eabi/13.3.1/thumb/v8-m.main+dp/hard\libg_nano.a(libc_a-findfp.o)
                0x0200218c                __sinit
 .text._fwalk_sglue
                0x020021bc       0x3c C:/Program Files (x86)/Arm GNU Toolchain arm-none-eabi/13.3 rel1/bin/../lib/gcc/arm-none-eabi/13.3.1/thumb/v8-m.main+dp/hard\libg_nano.a(libc_a-fwalk.o)
                0x020021bc                _fwalk_sglue
 .text.printf   0x020021f8       0x24 C:/Program Files (x86)/Arm GNU Toolchain arm-none-eabi/13.3 rel1/bin/../lib/gcc/arm-none-eabi/13.3.1/thumb/v8-m.main+dp/hard\libg_nano.a(libc_a-printf.o)
                0x020021f8                iprintf
                0x020021f8                printf
 .text._puts_r  0x0200221c       0xaa C:/Program Files (x86)/Arm GNU Toolchain arm-none-eabi/13.3 rel1/bin/../lib/gcc/arm-none-eabi/13.3.1/thumb/v8-m.main+dp/hard\libg_nano.a(libc_a-puts.o)
                0x0200221c                _puts_r
 *fill*         0x020022c6        0x2 
 .text.puts     0x020022c8       0x10 C:/Program Files (x86)/Arm GNU Toolchain arm-none-eabi/13.3 rel1/bin/../lib/gcc/arm-none-eabi/13.3.1/thumb/v8-m.main+dp/hard\libg_nano.a(libc_a-puts.o)
                0x020022c8                puts
 .text.__sread  0x020022d8       0x22 C:/Program Files (x86)/Arm GNU Toolchain arm-none-eabi/13.3 rel1/bin/../lib/gcc/arm-none-eabi/13.3.1/thumb/v8-m.main+dp/hard\libg_nano.a(libc_a-stdio.o)
                0x020022d8                __sread
 .text.__swrite
                0x020022fa       0x38 C:/Program Files (x86)/Arm GNU Toolchain arm-none-eabi/13.3 rel1/bin/../lib/gcc/arm-none-eabi/13.3.1/thumb/v8-m.main+dp/hard\libg_nano.a(libc_a-stdio.o)
                0x020022fa                __swrite
 .text.__sseek  0x02002332       0x24 C:/Program Files (x86)/Arm GNU Toolchain arm-none-eabi/13.3 rel1/bin/../lib/gcc/arm-none-eabi/13.3.1/thumb/v8-m.main+dp/hard\libg_nano.a(libc_a-stdio.o)
                0x02002332                __sseek
 .text.__sclose
                0x02002356        0x8 C:/Program Files (x86)/Arm GNU Toolchain arm-none-eabi/13.3 rel1/bin/../lib/gcc/arm-none-eabi/13.3.1/thumb/v8-m.main+dp/hard\libg_nano.a(libc_a-stdio.o)
                0x02002356                __sclose
 .text.__swbuf_r
                0x0200235e       0x7c C:/Program Files (x86)/Arm GNU Toolchain arm-none-eabi/13.3 rel1/bin/../lib/gcc/arm-none-eabi/13.3.1/thumb/v8-m.main+dp/hard\libg_nano.a(libc_a-wbuf.o)
                0x0200235e                __swbuf_r
 *fill*         0x020023da        0x2 
 .text.__swsetup_r
                0x020023dc       0xac C:/Program Files (x86)/Arm GNU Toolchain arm-none-eabi/13.3 rel1/bin/../lib/gcc/arm-none-eabi/13.3.1/thumb/v8-m.main+dp/hard\libg_nano.a(libc_a-wsetup.o)
                0x020023dc                __swsetup_r
 .text.memset   0x02002488       0x10 C:/Program Files (x86)/Arm GNU Toolchain arm-none-eabi/13.3 rel1/bin/../lib/gcc/arm-none-eabi/13.3.1/thumb/v8-m.main+dp/hard\libg_nano.a(libc_a-memset.o)
                0x02002488                memset
 .text._close_r
                0x02002498       0x20 C:/Program Files (x86)/Arm GNU Toolchain arm-none-eabi/13.3 rel1/bin/../lib/gcc/arm-none-eabi/13.3.1/thumb/v8-m.main+dp/hard\libg_nano.a(libc_a-closer.o)
                0x02002498                _close_r
 .text._lseek_r
                0x020024b8       0x24 C:/Program Files (x86)/Arm GNU Toolchain arm-none-eabi/13.3 rel1/bin/../lib/gcc/arm-none-eabi/13.3.1/thumb/v8-m.main+dp/hard\libg_nano.a(libc_a-lseekr.o)
                0x020024b8                _lseek_r
 .text._read_r  0x020024dc       0x24 C:/Program Files (x86)/Arm GNU Toolchain arm-none-eabi/13.3 rel1/bin/../lib/gcc/arm-none-eabi/13.3.1/thumb/v8-m.main+dp/hard\libg_nano.a(libc_a-readr.o)
                0x020024dc                _read_r
 .text._write_r
                0x02002500       0x24 C:/Program Files (x86)/Arm GNU Toolchain arm-none-eabi/13.3 rel1/bin/../lib/gcc/arm-none-eabi/13.3.1/thumb/v8-m.main+dp/hard\libg_nano.a(libc_a-writer.o)
                0x02002500                _write_r
 .text.__errno  0x02002524        0xc C:/Program Files (x86)/Arm GNU Toolchain arm-none-eabi/13.3 rel1/bin/../lib/gcc/arm-none-eabi/13.3.1/thumb/v8-m.main+dp/hard\libg_nano.a(libc_a-errno.o)
                0x02002524                __errno
 .text.__retarget_lock_init_recursive
                0x02002530        0x2 C:/Program Files (x86)/Arm GNU Toolchain arm-none-eabi/13.3 rel1/bin/../lib/gcc/arm-none-eabi/13.3.1/thumb/v8-m.main+dp/hard\libg_nano.a(libc_a-lock.o)
                0x02002530                __retarget_lock_init_recursive
 .text.__retarget_lock_acquire_recursive
                0x02002532        0x2 C:/Program Files (x86)/Arm GNU Toolchain arm-none-eabi/13.3 rel1/bin/../lib/gcc/arm-none-eabi/13.3.1/thumb/v8-m.main+dp/hard\libg_nano.a(libc_a-lock.o)
                0x02002532                __retarget_lock_acquire_recursive
 .text.__retarget_lock_release_recursive
                0x02002534        0x2 C:/Program Files (x86)/Arm GNU Toolchain arm-none-eabi/13.3 rel1/bin/../lib/gcc/arm-none-eabi/13.3.1/thumb/v8-m.main+dp/hard\libg_nano.a(libc_a-lock.o)
                0x02002534                __retarget_lock_release_recursive
 .text.memcpy   0x02002536       0x1a C:/Program Files (x86)/Arm GNU Toolchain arm-none-eabi/13.3 rel1/bin/../lib/gcc/arm-none-eabi/13.3.1/thumb/v8-m.main+dp/hard\libg_nano.a(libc_a-memcpy-stub.o)
                0x02002536                memcpy
 .text          0x02002550       0x10 C:/Program Files (x86)/Arm GNU Toolchain arm-none-eabi/13.3 rel1/bin/../lib/gcc/arm-none-eabi/13.3.1/thumb/v8-m.main+dp/hard\libg_nano.a(libc_a-strlen.o)
                0x02002550                strlen
 .text._free_r  0x02002560       0x94 C:/Program Files (x86)/Arm GNU Toolchain arm-none-eabi/13.3 rel1/bin/../lib/gcc/arm-none-eabi/13.3.1/thumb/v8-m.main+dp/hard\libg_nano.a(libc_a-freer.o)
                0x02002560                _free_r
 .text.sbrk_aligned
                0x020025f4       0x44 C:/Program Files (x86)/Arm GNU Toolchain arm-none-eabi/13.3 rel1/bin/../lib/gcc/arm-none-eabi/13.3.1/thumb/v8-m.main+dp/hard\libg_nano.a(libc_a-mallocr.o)
 .text._malloc_r
                0x02002638      0x100 C:/Program Files (x86)/Arm GNU Toolchain arm-none-eabi/13.3 rel1/bin/../lib/gcc/arm-none-eabi/13.3.1/thumb/v8-m.main+dp/hard\libg_nano.a(libc_a-mallocr.o)
                0x02002638                _malloc_r
 .text.__malloc_lock
                0x02002738        0xc C:/Program Files (x86)/Arm GNU Toolchain arm-none-eabi/13.3 rel1/bin/../lib/gcc/arm-none-eabi/13.3.1/thumb/v8-m.main+dp/hard\libg_nano.a(libc_a-mlock.o)
                0x02002738                __malloc_lock
 .text.__malloc_unlock
                0x02002744        0xc C:/Program Files (x86)/Arm GNU Toolchain arm-none-eabi/13.3 rel1/bin/../lib/gcc/arm-none-eabi/13.3.1/thumb/v8-m.main+dp/hard\libg_nano.a(libc_a-mlock.o)
                0x02002744                __malloc_unlock
 .text.__sfputc_r
                0x02002750       0x2e C:/Program Files (x86)/Arm GNU Toolchain arm-none-eabi/13.3 rel1/bin/../lib/gcc/arm-none-eabi/13.3.1/thumb/v8-m.main+dp/hard\libg_nano.a(libc_a-nano-vfprintf.o)
 .text.__sfputs_r
                0x0200277e       0x24 C:/Program Files (x86)/Arm GNU Toolchain arm-none-eabi/13.3 rel1/bin/../lib/gcc/arm-none-eabi/13.3.1/thumb/v8-m.main+dp/hard\libg_nano.a(libc_a-nano-vfprintf.o)
                0x0200277e                __sfputs_r
 *fill*         0x020027a2        0x2 
 .text._vfprintf_r
                0x020027a4      0x230 C:/Program Files (x86)/Arm GNU Toolchain arm-none-eabi/13.3 rel1/bin/../lib/gcc/arm-none-eabi/13.3.1/thumb/v8-m.main+dp/hard\libg_nano.a(libc_a-nano-vfprintf.o)
                0x020027a4                _vfprintf_r
                0x020027a4                _vfiprintf_r
 .text._printf_common
                0x020029d4       0xe4 C:/Program Files (x86)/Arm GNU Toolchain arm-none-eabi/13.3 rel1/bin/../lib/gcc/arm-none-eabi/13.3.1/thumb/v8-m.main+dp/hard\libg_nano.a(libc_a-nano-vfprintf_i.o)
                0x020029d4                _printf_common
 .text._printf_i
                0x02002ab8      0x23c C:/Program Files (x86)/Arm GNU Toolchain arm-none-eabi/13.3 rel1/bin/../lib/gcc/arm-none-eabi/13.3.1/thumb/v8-m.main+dp/hard\libg_nano.a(libc_a-nano-vfprintf_i.o)
                0x02002ab8                _printf_i
 .text.__sflush_r
                0x02002cf4      0x108 C:/Program Files (x86)/Arm GNU Toolchain arm-none-eabi/13.3 rel1/bin/../lib/gcc/arm-none-eabi/13.3.1/thumb/v8-m.main+dp/hard\libg_nano.a(libc_a-fflush.o)
                0x02002cf4                __sflush_r
 .text._fflush_r
                0x02002dfc       0x50 C:/Program Files (x86)/Arm GNU Toolchain arm-none-eabi/13.3 rel1/bin/../lib/gcc/arm-none-eabi/13.3.1/thumb/v8-m.main+dp/hard\libg_nano.a(libc_a-fflush.o)
                0x02002dfc                _fflush_r
 .text.__swhatbuf_r
                0x02002e4c       0x4a C:/Program Files (x86)/Arm GNU Toolchain arm-none-eabi/13.3 rel1/bin/../lib/gcc/arm-none-eabi/13.3.1/thumb/v8-m.main+dp/hard\libg_nano.a(libc_a-makebuf.o)
                0x02002e4c                __swhatbuf_r
 .text.__smakebuf_r
                0x02002e96       0x78 C:/Program Files (x86)/Arm GNU Toolchain arm-none-eabi/13.3 rel1/bin/../lib/gcc/arm-none-eabi/13.3.1/thumb/v8-m.main+dp/hard\libg_nano.a(libc_a-makebuf.o)
                0x02002e96                __smakebuf_r
 *fill*         0x02002f0e        0x2 
 .text._fstat_r
                0x02002f10       0x24 C:/Program Files (x86)/Arm GNU Toolchain arm-none-eabi/13.3 rel1/bin/../lib/gcc/arm-none-eabi/13.3.1/thumb/v8-m.main+dp/hard\libg_nano.a(libc_a-fstatr.o)
                0x02002f10                _fstat_r
 .text._isatty_r
                0x02002f34       0x20 C:/Program Files (x86)/Arm GNU Toolchain arm-none-eabi/13.3 rel1/bin/../lib/gcc/arm-none-eabi/13.3.1/thumb/v8-m.main+dp/hard\libg_nano.a(libc_a-isattyr.o)
                0x02002f34                _isatty_r
 .text._sbrk_r  0x02002f54       0x20 C:/Program Files (x86)/Arm GNU Toolchain arm-none-eabi/13.3 rel1/bin/../lib/gcc/arm-none-eabi/13.3.1/thumb/v8-m.main+dp/hard\libg_nano.a(libc_a-sbrkr.o)
                0x02002f54                _sbrk_r
 .text.memchr   0x02002f74       0x1c C:/Program Files (x86)/Arm GNU Toolchain arm-none-eabi/13.3 rel1/bin/../lib/gcc/arm-none-eabi/13.3.1/thumb/v8-m.main+dp/hard\libg_nano.a(libc_a-memchr-stub.o)
                0x02002f74                memchr
 *(.rodata*)
 .rodata.R_HDMI_BridgeInit.str1.4
                0x02002f90       0xd1 ./src/hal_entry.o
                                 0x14 (size before relaxing)
 .rodata.hal_entry.str1.4
                0x02003061        0xf ./src/hal_entry.o
 .rodata.I2C_WriteByte.str1.4
                0x02003061       0x86 ./src/i2c_controller.o
 .rodata.I2C_ReadByte.str1.4
                0x02003061       0x25 ./src/i2c_controller.o
 *fill*         0x02003061        0x3 
 .rodata.g_i2c_master0_cfg
                0x02003064       0x28 ./ra_gen/hal_data.o
                0x02003064                g_i2c_master0_cfg
 .rodata.g_i2c_master0_extend
                0x0200308c        0x8 ./ra_gen/hal_data.o
                0x0200308c                g_i2c_master0_extend
 .rodata.g_uart4_cfg
                0x02003094       0x20 ./ra_gen/hal_data.o
                0x02003094                g_uart4_cfg
 .rodata.g_uart4_cfg_extend
                0x020030b4       0x14 ./ra_gen/hal_data.o
                0x020030b4                g_uart4_cfg_extend
 .rodata.g_bsp_pin_cfg
                0x020030c8        0xc ./ra_gen/pin_data.o
                0x020030c8                g_bsp_pin_cfg
 .rodata.g_bsp_pin_cfg_data
                0x020030d4      0x1b8 ./ra_gen/pin_data.o
                0x020030d4                g_bsp_pin_cfg_data
 *fill*         0x0200328c        0x4 
 .rodata.g_interrupt_event_link_select
                0x02003290       0x1e ./ra_gen/vector_data.o
                0x02003290                g_interrupt_event_link_select
 *fill*         0x020032ae        0x2 
 .rodata.g_vbatt_pins_input
                0x020032b0        0x6 ./ra/fsp/src/r_ioport/r_ioport.o
 *fill*         0x020032b6        0x2 
 .rodata.g_init_info
                0x020032b8       0x18 ./ra/fsp/src/bsp/mcu/ra8d1/bsp_linker.o
                0x020032b8                g_init_info
 .rodata.nocache_list
                0x020032d0       0x18 ./ra/fsp/src/bsp/mcu/ra8d1/bsp_linker.o
 .rodata.copy_list
                0x020032e8       0xf0 ./ra/fsp/src/bsp/mcu/ra8d1/bsp_linker.o
 .rodata.zero_list
                0x020033d8       0x60 ./ra/fsp/src/bsp/mcu/ra8d1/bsp_linker.o
 .rodata.g_prcr_masks
                0x02003438        0xa ./ra/fsp/src/bsp/mcu/all/bsp_register_protection.o
 .rodata._vfprintf_r.str1.1
                0x02003442       0x33 C:/Program Files (x86)/Arm GNU Toolchain arm-none-eabi/13.3 rel1/bin/../lib/gcc/arm-none-eabi/13.3.1/thumb/v8-m.main+dp/hard\libg_nano.a(libc_a-nano-vfprintf.o)
                                 0x11 (size before relaxing)
 .rodata._printf_i.str1.1
                0x02003475       0x22 C:/Program Files (x86)/Arm GNU Toolchain arm-none-eabi/13.3 rel1/bin/../lib/gcc/arm-none-eabi/13.3.1/thumb/v8-m.main+dp/hard\libg_nano.a(libc_a-nano-vfprintf_i.o)
 *(.mcuboot_sce9_key)
 *(.version)
 *fill*         0x02003475        0x3 
 .version       0x02003478       0x50 ./ra/fsp/src/bsp/mcu/all/bsp_common.o
                0x020034c8                        __flash_readonly$$Limit = .

.glue_7         0x020034c8        0x0
 .glue_7        0x020034c8        0x0 linker stubs

.glue_7t        0x020034c8        0x0
 .glue_7t       0x020034c8        0x0 linker stubs

.vfp11_veneer   0x020034c8        0x0
 .vfp11_veneer  0x020034c8        0x0 linker stubs

.v4_bx          0x020034c8        0x0
 .v4_bx         0x020034c8        0x0 linker stubs

.init           0x020034c8        0x4
 .init          0x020034c8        0x4 C:/Program Files (x86)/Arm GNU Toolchain arm-none-eabi/13.3 rel1/bin/../lib/gcc/arm-none-eabi/13.3.1/thumb/v8-m.main+dp/hard/crti.o
                0x020034c8                _init

.fini           0x020034cc        0x4
 .fini          0x020034cc        0x4 C:/Program Files (x86)/Arm GNU Toolchain arm-none-eabi/13.3 rel1/bin/../lib/gcc/arm-none-eabi/13.3.1/thumb/v8-m.main+dp/hard/crti.o
                0x020034cc                _fini

.iplt           0x020034d0        0x0
 .iplt          0x020034d0        0x0 C:/Program Files (x86)/Arm GNU Toolchain arm-none-eabi/13.3 rel1/bin/../lib/gcc/arm-none-eabi/13.3.1/thumb/v8-m.main+dp/hard/crtbegin.o

__flash_ctor$$
 *crtbegin.o(.ctors)
 *crtbegin?.o(.ctors)
 EXCLUDE_FILE(*crtend.o *crtend?.o) *(.ctors)
 *(SORT_BY_NAME(.ctors.*))
 *(.ctors)
 *crtbegin.o(.dtors)
 *crtbegin?.o(.dtors)
 EXCLUDE_FILE(*crtend.o *crtend?.o) *(.dtors)
 *(SORT_BY_NAME(.dtors.*))
 *(.dtors)

__flash_preinit_array$$
                0x020034d0        0x0
                0x020034d0                        __preinit_array_start = .
 *(.preinit_array)
                0x020034d0                        __preinit_array_end = .

__flash_.got$$
 *(.got.plt)
 *(.got)

__flash_init_array$$
                0x020034d0        0x4
                0x020034d0                        __init_array_start = .
 *(SORT_BY_NAME(.init_array.*))
 *(.init_array)
 .init_array    0x020034d0        0x4 C:/Program Files (x86)/Arm GNU Toolchain arm-none-eabi/13.3 rel1/bin/../lib/gcc/arm-none-eabi/13.3.1/thumb/v8-m.main+dp/hard/crtbegin.o
                0x020034d4                        __init_array_end = .

__flash_fini_array$$
                0x020034d4        0x4
                0x020034d4                        __fini_array_start = .
 *(SORT_BY_NAME(.fini_array.*))
 *(.fini_array)
 .fini_array    0x020034d4        0x4 C:/Program Files (x86)/Arm GNU Toolchain arm-none-eabi/13.3 rel1/bin/../lib/gcc/arm-none-eabi/13.3.1/thumb/v8-m.main+dp/hard/crtbegin.o
                0x020034d8                        __fini_array_end = .

__flash_arm.extab$$
 *(.ARM.extab*)
 *(.gnu.linkonce.armextab.*)

__flash_arm.exidx$$
                0x020034d8        0x8
                0x020034d8                        __exidx_start = .
 *(.ARM.exidx*)
 .ARM.exidx     0x020034d8        0x8 C:/Program Files (x86)/Arm GNU Toolchain arm-none-eabi/13.3 rel1/bin/../lib/gcc/arm-none-eabi/13.3.1/thumb/v8-m.main+dp/hard\libg_nano.a(libc_a-strlen.o)
 *(.gnu.linkonce.armexidx.*)
                0x020034e0                        __exidx_end = .

.flash.endof    0x02008000        0x0
                0x02008000                        __ddsc_FLASH_END = .

.flash.flat_nsc
                0x02008000        0x0
                0x02008000                        __sau_ddsc_FLASH_NSC = .

.option_setting_ofs0.startof
                0x0300a100        0x0
                0x0300a100                        __ddsc_OPTION_SETTING_OFS0_START = .

__option_setting_ofs0_reg$$
                0x0300a100        0x4
                0x0300a100                        __option_setting_ofs0_reg$$Base = .
 *(.option_setting_ofs0)
 .option_setting_ofs0
                0x0300a100        0x4 ./ra/fsp/src/bsp/mcu/ra8d1/bsp_linker.o
                0x0300a104                        __option_setting_ofs0_reg$$Limit = .

.option_setting_ofs0.endof
                0x0300a104        0x0
                0x0300a104                        __ddsc_OPTION_SETTING_OFS0_END = .

.option_setting_ofs2.startof
                0x0300a104        0x0
                0x0300a104                        __ddsc_OPTION_SETTING_OFS2_START = .

__option_setting_ofs2_reg$$
                0x0300a104        0x4
                0x0300a104                        __option_setting_ofs2_reg$$Base = .
 *(.option_setting_ofs2)
 .option_setting_ofs2
                0x0300a104        0x4 ./ra/fsp/src/bsp/mcu/ra8d1/bsp_linker.o
                0x0300a108                        __option_setting_ofs2_reg$$Limit = .

.option_setting_ofs2.endof
                0x0300a108        0x0
                0x0300a108                        __ddsc_OPTION_SETTING_OFS2_END = .

.option_setting_dualsel.startof
                0x0300a110        0x0
                0x0300a110                        __ddsc_OPTION_SETTING_DUALSEL_START = .

__option_setting_dualsel_reg$$
                0x0300a110        0x0
                0x0300a110                        __option_setting_dualsel_reg$$Base = .
 *(.option_setting_dualsel)
                0x0300a110                        __option_setting_dualsel_reg$$Limit = .

.option_setting_dualsel.endof
                0x0300a110        0x0
                0x0300a110                        __ddsc_OPTION_SETTING_DUALSEL_END = .

.option_setting_ofs1.startof
                0x1300a180        0x0
                0x1300a180                        __ddsc_OPTION_SETTING_OFS1_START = .

__option_setting_ofs1_reg$$
                0x1300a180        0x0
                0x1300a180                        __option_setting_ofs1_reg$$Base = .
 *(.option_setting_ofs1)
                0x1300a180                        __option_setting_ofs1_reg$$Limit = .

.option_setting_ofs1.endof
                0x1300a180        0x0
                0x1300a180                        __ddsc_OPTION_SETTING_OFS1_END = .

.option_setting_banksel.startof
                0x1300a190        0x0
                0x1300a190                        __ddsc_OPTION_SETTING_BANKSEL_START = .

__option_setting_banksel_reg$$
                0x1300a190        0x0
                0x1300a190                        __option_setting_banksel_reg$$Base = .
 *(.option_setting_banksel)
                0x1300a190                        __option_setting_banksel_reg$$Limit = .

.option_setting_banksel.endof
                0x1300a190        0x0
                0x1300a190                        __ddsc_OPTION_SETTING_BANKSEL_END = .

.option_setting_bps.startof
                0x1300a1c0        0x0
                0x1300a1c0                        __ddsc_OPTION_SETTING_BPS_START = .

__option_setting_bps_reg$$
                0x1300a1c0        0x0
                0x1300a1c0                        __option_setting_bps_reg$$Base = .
 *(.option_setting_bps)
                0x1300a1c0                        __option_setting_bps_reg$$Limit = .

.option_setting_bps.endof
                0x1300a1c0        0x0
                0x1300a1c0                        __ddsc_OPTION_SETTING_BPS_END = .

.option_setting_pbps.startof
                0x1300a1e0        0x0
                0x1300a1e0                        __ddsc_OPTION_SETTING_PBPS_START = .

__option_setting_pbps_reg$$
                0x1300a1e0        0x0
                0x1300a1e0                        __option_setting_pbps_reg$$Base = .
 *(.option_setting_pbps)
                0x1300a1e0                        __option_setting_pbps_reg$$Limit = .

.option_setting_pbps.endof
                0x1300a1e0        0x0
                0x1300a1e0                        __ddsc_OPTION_SETTING_PBPS_END = .

.option_setting_ofs1_sec.startof
                0x0300a200        0x0
                0x0300a200                        __ddsc_OPTION_SETTING_OFS1_SEC_START = .

__option_setting_ofs1_sec_reg$$
                0x0300a200        0x4
                0x0300a200                        __option_setting_ofs1_sec_reg$$Base = .
 *(.option_setting_ofs1_sec)
 .option_setting_ofs1_sec
                0x0300a200        0x4 ./ra/fsp/src/bsp/mcu/ra8d1/bsp_linker.o
                0x0300a204                        __option_setting_ofs1_sec_reg$$Limit = .

.option_setting_ofs1_sec.endof
                0x0300a204        0x0
                0x0300a204                        __ddsc_OPTION_SETTING_OFS1_SEC_END = .

.option_setting_banksel_sec.startof
                0x0300a210        0x0
                0x0300a210                        __ddsc_OPTION_SETTING_BANKSEL_SEC_START = .

__option_setting_banksel_sec_reg$$
                0x0300a210        0x0
                0x0300a210                        __option_setting_banksel_sec_reg$$Base = .
 *(.option_setting_banksel_sec)
                0x0300a210                        __option_setting_banksel_sec_reg$$Limit = .

.option_setting_banksel_sec.endof
                0x0300a210        0x0
                0x0300a210                        __ddsc_OPTION_SETTING_BANKSEL_SEC_END = .

.option_setting_bps_sec.startof
                0x0300a240        0x0
                0x0300a240                        __ddsc_OPTION_SETTING_BPS_SEC_START = .

__option_setting_bps_sec_reg$$
                0x0300a240        0x0
                0x0300a240                        __option_setting_bps_sec_reg$$Base = .
 *(.option_setting_bps_sec)
                0x0300a240                        __option_setting_bps_sec_reg$$Limit = .

.option_setting_bps_sec.endof
                0x0300a240        0x0
                0x0300a240                        __ddsc_OPTION_SETTING_BPS_SEC_END = .

.option_setting_pbps_sec.startof
                0x0300a260        0x0
                0x0300a260                        __ddsc_OPTION_SETTING_PBPS_SEC_START = .

__option_setting_pbps_sec_reg$$
                0x0300a260        0x0
                0x0300a260                        __option_setting_pbps_sec_reg$$Base = .
 *(.option_setting_pbps_sec)
                0x0300a260                        __option_setting_pbps_sec_reg$$Limit = .

.option_setting_pbps_sec.endof
                0x0300a260        0x0
                0x0300a260                        __ddsc_OPTION_SETTING_PBPS_SEC_END = .

.option_setting_ofs1_sel.startof
                0x0300a280        0x0
                0x0300a280                        __ddsc_OPTION_SETTING_OFS1_SEL_START = .

__option_setting_ofs1_sel_reg$$
                0x0300a280        0x4
                0x0300a280                        __option_setting_ofs1_sel_reg$$Base = .
 *(.option_setting_ofs1_sel)
 .option_setting_ofs1_sel
                0x0300a280        0x4 ./ra/fsp/src/bsp/mcu/ra8d1/bsp_linker.o
                0x0300a284                        __option_setting_ofs1_sel_reg$$Limit = .

.eh_frame       0x0300a284        0x0
 .eh_frame      0x0300a284        0x0 C:/Program Files (x86)/Arm GNU Toolchain arm-none-eabi/13.3 rel1/bin/../lib/gcc/arm-none-eabi/13.3.1/thumb/v8-m.main+dp/hard/crtbegin.o

.rel.dyn        0x0300a284        0x0
 .rel.iplt      0x0300a284        0x0 C:/Program Files (x86)/Arm GNU Toolchain arm-none-eabi/13.3 rel1/bin/../lib/gcc/arm-none-eabi/13.3.1/thumb/v8-m.main+dp/hard/crtbegin.o

.option_setting_ofs1_sel.endof
                0x0300a284        0x0
                0x0300a284                        __ddsc_OPTION_SETTING_OFS1_SEL_END = .

.option_setting_banksel_sel.startof
                0x0300a290        0x0
                0x0300a290                        __ddsc_OPTION_SETTING_BANKSEL_SEL_START = .

__option_setting_banksel_sel_reg$$
                0x0300a290        0x0
                0x0300a290                        __option_setting_banksel_sel_reg$$Base = .
 *(.option_setting_banksel_sel)
                0x0300a290                        __option_setting_banksel_sel_reg$$Limit = .

.option_setting_banksel_sel.endof
                0x0300a290        0x0
                0x0300a290                        __ddsc_OPTION_SETTING_BANKSEL_SEL_END = .

.option_setting_bps_sel.startof
                0x0300a2c0        0x0
                0x0300a2c0                        __ddsc_OPTION_SETTING_BPS_SEL_START = .

__option_setting_bps_sel_reg$$
                0x0300a2c0        0x0
                0x0300a2c0                        __option_setting_bps_sel_reg$$Base = .
 *(.option_setting_bps_sel)
                0x0300a2c0                        __option_setting_bps_sel_reg$$Limit = .

.option_setting_bps_sel.endof
                0x0300a2c0        0x0
                0x0300a2c0                        __ddsc_OPTION_SETTING_BPS_SEL_END = .

.option_setting_data_flash_fsblctrl0.startof
                0x27030080        0x0
                0x27030080                        __ddsc_OPTION_SETTING_DATA_FLASH_FSBLCTRL0_START = .

__option_setting_data_flash_fsblctrl0_reg$$
                0x27030080        0x0
                0x27030080                        __option_setting_data_flash_fsblctrl0_reg$$Base = .
 *(.option_setting_data_flash_fsblctrl0)
                0x27030080                        __option_setting_data_flash_fsblctrl0_reg$$Limit = .

.option_setting_data_flash_fsblctrl0.endof
                0x27030080        0x0
                0x27030080                        __ddsc_OPTION_SETTING_DATA_FLASH_FSBLCTRL0_END = .

.option_setting_data_flash_fsblctrl1.startof
                0x27030084        0x0
                0x27030084                        __ddsc_OPTION_SETTING_DATA_FLASH_FSBLCTRL1_START = .

__option_setting_data_flash_fsblctrl1_reg$$
                0x27030084        0x0
                0x27030084                        __option_setting_data_flash_fsblctrl1_reg$$Base = .
 *(.option_setting_data_flash_fsblctrl1)
                0x27030084                        __option_setting_data_flash_fsblctrl1_reg$$Limit = .

.option_setting_data_flash_fsblctrl1.endof
                0x27030084        0x0
                0x27030084                        __ddsc_OPTION_SETTING_DATA_FLASH_FSBLCTRL1_END = .

.option_setting_data_flash_fsblctrl2.startof
                0x27030088        0x0
                0x27030088                        __ddsc_OPTION_SETTING_DATA_FLASH_FSBLCTRL2_START = .

__option_setting_data_flash_fsblctrl2_reg$$
                0x27030088        0x0
                0x27030088                        __option_setting_data_flash_fsblctrl2_reg$$Base = .
 *(.option_setting_data_flash_fsblctrl2)
                0x27030088                        __option_setting_data_flash_fsblctrl2_reg$$Limit = .

.option_setting_data_flash_fsblctrl2.endof
                0x27030088        0x0
                0x27030088                        __ddsc_OPTION_SETTING_DATA_FLASH_FSBLCTRL2_END = .

.option_setting_data_flash_sacc0.startof
                0x2703008c        0x0
                0x2703008c                        __ddsc_OPTION_SETTING_DATA_FLASH_SACC0_START = .

__option_setting_data_flash_sacc0_reg$$
                0x2703008c        0x0
                0x2703008c                        __option_setting_data_flash_sacc0_reg$$Base = .
 *(.option_setting_data_flash_sacc0)
                0x2703008c                        __option_setting_data_flash_sacc0_reg$$Limit = .

.option_setting_data_flash_sacc0.endof
                0x2703008c        0x0
                0x2703008c                        __ddsc_OPTION_SETTING_DATA_FLASH_SACC0_END = .

.option_setting_data_flash_sacc1.startof
                0x27030090        0x0
                0x27030090                        __ddsc_OPTION_SETTING_DATA_FLASH_SACC1_START = .

__option_setting_data_flash_sacc1_reg$$
                0x27030090        0x0
                0x27030090                        __option_setting_data_flash_sacc1_reg$$Base = .
 *(.option_setting_data_flash_sacc1)
                0x27030090                        __option_setting_data_flash_sacc1_reg$$Limit = .

.option_setting_data_flash_sacc1.endof
                0x27030090        0x0
                0x27030090                        __ddsc_OPTION_SETTING_DATA_FLASH_SACC1_END = .

.option_setting_data_flash_samr.startof
                0x27030094        0x0
                0x27030094                        __ddsc_OPTION_SETTING_DATA_FLASH_SAMR_START = .

__option_setting_data_flash_samr_reg$$
                0x27030094        0x0
                0x27030094                        __option_setting_data_flash_samr_reg$$Base = .
 *(.option_setting_data_flash_samr)
                0x27030094                        __option_setting_data_flash_samr_reg$$Limit = .

.option_setting_data_flash_samr.endof
                0x27030094        0x0
                0x27030094                        __ddsc_OPTION_SETTING_DATA_FLASH_SAMR_END = .
OUTPUT(dsi_ai_vision.elf elf32-littlearm)
LOAD linker stubs

.ARM.attributes
                0x00000000       0x3a
 .ARM.attributes
                0x00000000       0x24 C:/Program Files (x86)/Arm GNU Toolchain arm-none-eabi/13.3 rel1/bin/../lib/gcc/arm-none-eabi/13.3.1/thumb/v8-m.main+dp/hard/crti.o
 .ARM.attributes
                0x00000024       0x36 C:/Program Files (x86)/Arm GNU Toolchain arm-none-eabi/13.3 rel1/bin/../lib/gcc/arm-none-eabi/13.3.1/thumb/v8-m.main+dp/hard/crtbegin.o
 .ARM.attributes
                0x0000005a       0x3e ./src/hal_entry.o
 .ARM.attributes
                0x00000098       0x3e ./src/hal_warmstart.o
 .ARM.attributes
                0x000000d6       0x3e ./src/i2c_controller.o
 .ARM.attributes
                0x00000114       0x3e ./src/system.o
 .ARM.attributes
                0x00000152       0x3e ./src/uart_ep.o
 .ARM.attributes
                0x00000190       0x3e ./ra_gen/common_data.o
 .ARM.attributes
                0x000001ce       0x3e ./ra_gen/hal_data.o
 .ARM.attributes
                0x0000020c       0x3e ./ra_gen/main.o
 .ARM.attributes
                0x0000024a       0x3e ./ra_gen/pin_data.o
 .ARM.attributes
                0x00000288       0x3e ./ra_gen/vector_data.o
 .ARM.attributes
                0x000002c6       0x3e ./ra/fsp/src/r_sci_b_uart/r_sci_b_uart.o
 .ARM.attributes
                0x00000304       0x3e ./ra/fsp/src/r_mipi_dsi/r_mipi_dsi.o
 .ARM.attributes
                0x00000342       0x3e ./ra/fsp/src/r_ioport/r_ioport.o
 .ARM.attributes
                0x00000380       0x3e ./ra/fsp/src/r_iic_master/r_iic_master.o
 .ARM.attributes
                0x000003be       0x3e ./ra/fsp/src/r_glcdc/r_glcdc.o
 .ARM.attributes
                0x000003fc       0x3e ./ra/fsp/src/bsp/mcu/ra8d1/bsp_linker.o
 .ARM.attributes
                0x0000043a       0x3e ./ra/fsp/src/bsp/mcu/all/bsp_clocks.o
 .ARM.attributes
                0x00000478       0x3e ./ra/fsp/src/bsp/mcu/all/bsp_common.o
 .ARM.attributes
                0x000004b6       0x3e ./ra/fsp/src/bsp/mcu/all/bsp_delay.o
 .ARM.attributes
                0x000004f4       0x3e ./ra/fsp/src/bsp/mcu/all/bsp_group_irq.o
 .ARM.attributes
                0x00000532       0x3e ./ra/fsp/src/bsp/mcu/all/bsp_io.o
 .ARM.attributes
                0x00000570       0x3e ./ra/fsp/src/bsp/mcu/all/bsp_irq.o
 .ARM.attributes
                0x000005ae       0x3e ./ra/fsp/src/bsp/mcu/all/bsp_register_protection.o
 .ARM.attributes
                0x000005ec       0x3e ./ra/fsp/src/bsp/mcu/all/bsp_sbrk.o
 .ARM.attributes
                0x0000062a       0x3e ./ra/fsp/src/bsp/mcu/all/bsp_sdram.o
 .ARM.attributes
                0x00000668       0x3e ./ra/fsp/src/bsp/cmsis/Device/RENESAS/Source/startup.o
 .ARM.attributes
                0x000006a6       0x3e ./ra/fsp/src/bsp/cmsis/Device/RENESAS/Source/system.o
 .ARM.attributes
                0x000006e4       0x36 C:/Program Files (x86)/Arm GNU Toolchain arm-none-eabi/13.3 rel1/bin/../lib/gcc/arm-none-eabi/13.3.1/thumb/v8-m.main+dp/hard\libg_nano.a(libc_a-findfp.o)
 .ARM.attributes
                0x0000071a       0x36 C:/Program Files (x86)/Arm GNU Toolchain arm-none-eabi/13.3 rel1/bin/../lib/gcc/arm-none-eabi/13.3.1/thumb/v8-m.main+dp/hard\libg_nano.a(libc_a-fwalk.o)
 .ARM.attributes
                0x00000750       0x36 C:/Program Files (x86)/Arm GNU Toolchain arm-none-eabi/13.3 rel1/bin/../lib/gcc/arm-none-eabi/13.3.1/thumb/v8-m.main+dp/hard\libg_nano.a(libc_a-printf.o)
 .ARM.attributes
                0x00000786       0x36 C:/Program Files (x86)/Arm GNU Toolchain arm-none-eabi/13.3 rel1/bin/../lib/gcc/arm-none-eabi/13.3.1/thumb/v8-m.main+dp/hard\libg_nano.a(libc_a-puts.o)
 .ARM.attributes
                0x000007bc       0x36 C:/Program Files (x86)/Arm GNU Toolchain arm-none-eabi/13.3 rel1/bin/../lib/gcc/arm-none-eabi/13.3.1/thumb/v8-m.main+dp/hard\libg_nano.a(libc_a-stdio.o)
 .ARM.attributes
                0x000007f2       0x36 C:/Program Files (x86)/Arm GNU Toolchain arm-none-eabi/13.3 rel1/bin/../lib/gcc/arm-none-eabi/13.3.1/thumb/v8-m.main+dp/hard\libg_nano.a(libc_a-wbuf.o)
 .ARM.attributes
                0x00000828       0x36 C:/Program Files (x86)/Arm GNU Toolchain arm-none-eabi/13.3 rel1/bin/../lib/gcc/arm-none-eabi/13.3.1/thumb/v8-m.main+dp/hard\libg_nano.a(libc_a-wsetup.o)
 .ARM.attributes
                0x0000085e       0x36 C:/Program Files (x86)/Arm GNU Toolchain arm-none-eabi/13.3 rel1/bin/../lib/gcc/arm-none-eabi/13.3.1/thumb/v8-m.main+dp/hard\libg_nano.a(libc_a-memset.o)
 .ARM.attributes
                0x00000894       0x36 C:/Program Files (x86)/Arm GNU Toolchain arm-none-eabi/13.3 rel1/bin/../lib/gcc/arm-none-eabi/13.3.1/thumb/v8-m.main+dp/hard\libg_nano.a(libc_a-closer.o)
 .ARM.attributes
                0x000008ca       0x36 C:/Program Files (x86)/Arm GNU Toolchain arm-none-eabi/13.3 rel1/bin/../lib/gcc/arm-none-eabi/13.3.1/thumb/v8-m.main+dp/hard\libg_nano.a(libc_a-reent.o)
 .ARM.attributes
                0x00000900       0x36 C:/Program Files (x86)/Arm GNU Toolchain arm-none-eabi/13.3 rel1/bin/../lib/gcc/arm-none-eabi/13.3.1/thumb/v8-m.main+dp/hard\libg_nano.a(libc_a-impure.o)
 .ARM.attributes
                0x00000936       0x36 C:/Program Files (x86)/Arm GNU Toolchain arm-none-eabi/13.3 rel1/bin/../lib/gcc/arm-none-eabi/13.3.1/thumb/v8-m.main+dp/hard\libg_nano.a(libc_a-lseekr.o)
 .ARM.attributes
                0x0000096c       0x36 C:/Program Files (x86)/Arm GNU Toolchain arm-none-eabi/13.3 rel1/bin/../lib/gcc/arm-none-eabi/13.3.1/thumb/v8-m.main+dp/hard\libg_nano.a(libc_a-readr.o)
 .ARM.attributes
                0x000009a2       0x36 C:/Program Files (x86)/Arm GNU Toolchain arm-none-eabi/13.3 rel1/bin/../lib/gcc/arm-none-eabi/13.3.1/thumb/v8-m.main+dp/hard\libg_nano.a(libc_a-writer.o)
 .ARM.attributes
                0x000009d8       0x36 C:/Program Files (x86)/Arm GNU Toolchain arm-none-eabi/13.3 rel1/bin/../lib/gcc/arm-none-eabi/13.3.1/thumb/v8-m.main+dp/hard\libg_nano.a(libc_a-errno.o)
 .ARM.attributes
                0x00000a0e       0x36 C:/Program Files (x86)/Arm GNU Toolchain arm-none-eabi/13.3 rel1/bin/../lib/gcc/arm-none-eabi/13.3.1/thumb/v8-m.main+dp/hard\libg_nano.a(libc_a-lock.o)
 .ARM.attributes
                0x00000a44       0x36 C:/Program Files (x86)/Arm GNU Toolchain arm-none-eabi/13.3 rel1/bin/../lib/gcc/arm-none-eabi/13.3.1/thumb/v8-m.main+dp/hard\libg_nano.a(libc_a-memcpy-stub.o)
 .ARM.attributes
                0x00000a7a       0x22 C:/Program Files (x86)/Arm GNU Toolchain arm-none-eabi/13.3 rel1/bin/../lib/gcc/arm-none-eabi/13.3.1/thumb/v8-m.main+dp/hard\libg_nano.a(libc_a-strlen.o)
 .ARM.attributes
                0x00000a9c       0x36 C:/Program Files (x86)/Arm GNU Toolchain arm-none-eabi/13.3 rel1/bin/../lib/gcc/arm-none-eabi/13.3.1/thumb/v8-m.main+dp/hard\libg_nano.a(libc_a-freer.o)
 .ARM.attributes
                0x00000ad2       0x36 C:/Program Files (x86)/Arm GNU Toolchain arm-none-eabi/13.3 rel1/bin/../lib/gcc/arm-none-eabi/13.3.1/thumb/v8-m.main+dp/hard\libg_nano.a(libc_a-mallocr.o)
 .ARM.attributes
                0x00000b08       0x36 C:/Program Files (x86)/Arm GNU Toolchain arm-none-eabi/13.3 rel1/bin/../lib/gcc/arm-none-eabi/13.3.1/thumb/v8-m.main+dp/hard\libg_nano.a(libc_a-mlock.o)
 .ARM.attributes
                0x00000b3e       0x36 C:/Program Files (x86)/Arm GNU Toolchain arm-none-eabi/13.3 rel1/bin/../lib/gcc/arm-none-eabi/13.3.1/thumb/v8-m.main+dp/hard\libg_nano.a(libc_a-nano-vfprintf.o)
 .ARM.attributes
                0x00000b74       0x36 C:/Program Files (x86)/Arm GNU Toolchain arm-none-eabi/13.3 rel1/bin/../lib/gcc/arm-none-eabi/13.3.1/thumb/v8-m.main+dp/hard\libg_nano.a(libc_a-nano-vfprintf_i.o)
 .ARM.attributes
                0x00000baa       0x36 C:/Program Files (x86)/Arm GNU Toolchain arm-none-eabi/13.3 rel1/bin/../lib/gcc/arm-none-eabi/13.3.1/thumb/v8-m.main+dp/hard\libg_nano.a(libc_a-fflush.o)
 .ARM.attributes
                0x00000be0       0x36 C:/Program Files (x86)/Arm GNU Toolchain arm-none-eabi/13.3 rel1/bin/../lib/gcc/arm-none-eabi/13.3.1/thumb/v8-m.main+dp/hard\libg_nano.a(libc_a-makebuf.o)
 .ARM.attributes
                0x00000c16       0x36 C:/Program Files (x86)/Arm GNU Toolchain arm-none-eabi/13.3 rel1/bin/../lib/gcc/arm-none-eabi/13.3.1/thumb/v8-m.main+dp/hard\libg_nano.a(libc_a-fstatr.o)
 .ARM.attributes
                0x00000c4c       0x36 C:/Program Files (x86)/Arm GNU Toolchain arm-none-eabi/13.3 rel1/bin/../lib/gcc/arm-none-eabi/13.3.1/thumb/v8-m.main+dp/hard\libg_nano.a(libc_a-isattyr.o)
 .ARM.attributes
                0x00000c82       0x36 C:/Program Files (x86)/Arm GNU Toolchain arm-none-eabi/13.3 rel1/bin/../lib/gcc/arm-none-eabi/13.3.1/thumb/v8-m.main+dp/hard\libg_nano.a(libc_a-sbrkr.o)
 .ARM.attributes
                0x00000cb8       0x36 C:/Program Files (x86)/Arm GNU Toolchain arm-none-eabi/13.3 rel1/bin/../lib/gcc/arm-none-eabi/13.3.1/thumb/v8-m.main+dp/hard\libg_nano.a(libc_a-memchr-stub.o)
 .ARM.attributes
                0x00000cee       0x36 C:/Program Files (x86)/Arm GNU Toolchain arm-none-eabi/13.3 rel1/bin/../lib/gcc/arm-none-eabi/13.3.1/thumb/v8-m.main+dp/hard/crtend.o

.comment        0x00000000       0x45
 .comment       0x00000000       0x45 ./src/hal_entry.o
                                 0x46 (size before relaxing)
 .comment       0x00000045       0x46 ./src/hal_warmstart.o
 .comment       0x00000045       0x46 ./src/i2c_controller.o
 .comment       0x00000045       0x46 ./src/system.o
 .comment       0x00000045       0x46 ./src/uart_ep.o
 .comment       0x00000045       0x46 ./ra_gen/common_data.o
 .comment       0x00000045       0x46 ./ra_gen/hal_data.o
 .comment       0x00000045       0x46 ./ra_gen/main.o
 .comment       0x00000045       0x46 ./ra_gen/pin_data.o
 .comment       0x00000045       0x46 ./ra_gen/vector_data.o
 .comment       0x00000045       0x46 ./ra/fsp/src/r_sci_b_uart/r_sci_b_uart.o
 .comment       0x00000045       0x46 ./ra/fsp/src/r_mipi_dsi/r_mipi_dsi.o
 .comment       0x00000045       0x46 ./ra/fsp/src/r_ioport/r_ioport.o
 .comment       0x00000045       0x46 ./ra/fsp/src/r_iic_master/r_iic_master.o
 .comment       0x00000045       0x46 ./ra/fsp/src/r_glcdc/r_glcdc.o
 .comment       0x00000045       0x46 ./ra/fsp/src/bsp/mcu/ra8d1/bsp_linker.o
 .comment       0x00000045       0x46 ./ra/fsp/src/bsp/mcu/all/bsp_clocks.o
 .comment       0x00000045       0x46 ./ra/fsp/src/bsp/mcu/all/bsp_common.o
 .comment       0x00000045       0x46 ./ra/fsp/src/bsp/mcu/all/bsp_delay.o
 .comment       0x00000045       0x46 ./ra/fsp/src/bsp/mcu/all/bsp_group_irq.o
 .comment       0x00000045       0x46 ./ra/fsp/src/bsp/mcu/all/bsp_io.o
 .comment       0x00000045       0x46 ./ra/fsp/src/bsp/mcu/all/bsp_irq.o
 .comment       0x00000045       0x46 ./ra/fsp/src/bsp/mcu/all/bsp_register_protection.o
 .comment       0x00000045       0x46 ./ra/fsp/src/bsp/mcu/all/bsp_sbrk.o
 .comment       0x00000045       0x46 ./ra/fsp/src/bsp/mcu/all/bsp_sdram.o
 .comment       0x00000045       0x46 ./ra/fsp/src/bsp/cmsis/Device/RENESAS/Source/startup.o
 .comment       0x00000045       0x46 ./ra/fsp/src/bsp/cmsis/Device/RENESAS/Source/system.o

.debug_info     0x00000000    0x6becb
 .debug_info    0x00000000     0x3aff ./src/hal_entry.o
 .debug_info    0x00003aff     0x1005 ./src/hal_warmstart.o
 .debug_info    0x00004b04     0x1cb2 ./src/i2c_controller.o
 .debug_info    0x000067b6      0x1b7 ./src/system.o
 .debug_info    0x0000696d     0x29aa ./src/uart_ep.o
 .debug_info    0x00009317     0x32fa ./ra_gen/common_data.o
 .debug_info    0x0000c611     0x3cc3 ./ra_gen/hal_data.o
 .debug_info    0x000102d4       0xb1 ./ra_gen/main.o
 .debug_info    0x00010385      0xa31 ./ra_gen/pin_data.o
 .debug_info    0x00010db6      0x9b2 ./ra_gen/vector_data.o
 .debug_info    0x00011768     0xbd77 ./ra/fsp/src/r_sci_b_uart/r_sci_b_uart.o
 .debug_info    0x0001d4df    0x1188d ./ra/fsp/src/r_mipi_dsi/r_mipi_dsi.o
 .debug_info    0x0002ed6c     0x9b03 ./ra/fsp/src/r_ioport/r_ioport.o
 .debug_info    0x0003886f     0xb207 ./ra/fsp/src/r_iic_master/r_iic_master.o
 .debug_info    0x00043a76     0x74b1 ./ra/fsp/src/r_glcdc/r_glcdc.o
 .debug_info    0x0004af27      0x63c ./ra/fsp/src/bsp/mcu/ra8d1/bsp_linker.o
 .debug_info    0x0004b563     0x7df0 ./ra/fsp/src/bsp/mcu/all/bsp_clocks.o
 .debug_info    0x00053353      0x954 ./ra/fsp/src/bsp/mcu/all/bsp_common.o
 .debug_info    0x00053ca7      0x204 ./ra/fsp/src/bsp/mcu/all/bsp_delay.o
 .debug_info    0x00053eab     0x11ac ./ra/fsp/src/bsp/mcu/all/bsp_group_irq.o
 .debug_info    0x00055057       0xb2 ./ra/fsp/src/bsp/mcu/all/bsp_io.o
 .debug_info    0x00055109     0x1238 ./ra/fsp/src/bsp/mcu/all/bsp_irq.o
 .debug_info    0x00056341     0x5dac ./ra/fsp/src/bsp/mcu/all/bsp_register_protection.o
 .debug_info    0x0005c0ed       0xd8 ./ra/fsp/src/bsp/mcu/all/bsp_sbrk.o
 .debug_info    0x0005c1c5     0x7b12 ./ra/fsp/src/bsp/mcu/all/bsp_sdram.o
 .debug_info    0x00063cd7      0x187 ./ra/fsp/src/bsp/cmsis/Device/RENESAS/Source/startup.o
 .debug_info    0x00063e5e     0x806d ./ra/fsp/src/bsp/cmsis/Device/RENESAS/Source/system.o

.debug_abbrev   0x00000000     0x4a2e
 .debug_abbrev  0x00000000      0x4aa ./src/hal_entry.o
 .debug_abbrev  0x000004aa      0x17f ./src/hal_warmstart.o
 .debug_abbrev  0x00000629      0x374 ./src/i2c_controller.o
 .debug_abbrev  0x0000099d       0x9d ./src/system.o
 .debug_abbrev  0x00000a3a      0x327 ./src/uart_ep.o
 .debug_abbrev  0x00000d61      0x2f6 ./ra_gen/common_data.o
 .debug_abbrev  0x00001057      0x2b5 ./ra_gen/hal_data.o
 .debug_abbrev  0x0000130c       0x61 ./ra_gen/main.o
 .debug_abbrev  0x0000136d       0xff ./ra_gen/pin_data.o
 .debug_abbrev  0x0000146c       0xbe ./ra_gen/vector_data.o
 .debug_abbrev  0x0000152a      0x6a8 ./ra/fsp/src/r_sci_b_uart/r_sci_b_uart.o
 .debug_abbrev  0x00001bd2      0x6fe ./ra/fsp/src/r_mipi_dsi/r_mipi_dsi.o
 .debug_abbrev  0x000022d0      0x48b ./ra/fsp/src/r_ioport/r_ioport.o
 .debug_abbrev  0x0000275b      0x654 ./ra/fsp/src/r_iic_master/r_iic_master.o
 .debug_abbrev  0x00002daf      0x64f ./ra/fsp/src/r_glcdc/r_glcdc.o
 .debug_abbrev  0x000033fe       0xe3 ./ra/fsp/src/bsp/mcu/ra8d1/bsp_linker.o
 .debug_abbrev  0x000034e1      0x3c2 ./ra/fsp/src/bsp/mcu/all/bsp_clocks.o
 .debug_abbrev  0x000038a3      0x188 ./ra/fsp/src/bsp/mcu/all/bsp_common.o
 .debug_abbrev  0x00003a2b      0x10d ./ra/fsp/src/bsp/mcu/all/bsp_delay.o
 .debug_abbrev  0x00003b38      0x25d ./ra/fsp/src/bsp/mcu/all/bsp_group_irq.o
 .debug_abbrev  0x00003d95       0x5e ./ra/fsp/src/bsp/mcu/all/bsp_io.o
 .debug_abbrev  0x00003df3      0x1cc ./ra/fsp/src/bsp/mcu/all/bsp_irq.o
 .debug_abbrev  0x00003fbf      0x26c ./ra/fsp/src/bsp/mcu/all/bsp_register_protection.o
 .debug_abbrev  0x0000422b       0x90 ./ra/fsp/src/bsp/mcu/all/bsp_sbrk.o
 .debug_abbrev  0x000042bb      0x26b ./ra/fsp/src/bsp/mcu/all/bsp_sdram.o
 .debug_abbrev  0x00004526      0x102 ./ra/fsp/src/bsp/cmsis/Device/RENESAS/Source/startup.o
 .debug_abbrev  0x00004628      0x406 ./ra/fsp/src/bsp/cmsis/Device/RENESAS/Source/system.o

.debug_loclists
                0x00000000     0x66f4
 .debug_loclists
                0x00000000      0x206 ./src/hal_entry.o
 .debug_loclists
                0x00000206       0x29 ./src/hal_warmstart.o
 .debug_loclists
                0x0000022f      0x1de ./src/i2c_controller.o
 .debug_loclists
                0x0000040d       0xc3 ./src/system.o
 .debug_loclists
                0x000004d0       0xb2 ./src/uart_ep.o
 .debug_loclists
                0x00000582      0xe3d ./ra/fsp/src/r_sci_b_uart/r_sci_b_uart.o
 .debug_loclists
                0x000013bf     0x13c2 ./ra/fsp/src/r_mipi_dsi/r_mipi_dsi.o
 .debug_loclists
                0x00002781      0x7e5 ./ra/fsp/src/r_ioport/r_ioport.o
 .debug_loclists
                0x00002f66     0x1790 ./ra/fsp/src/r_iic_master/r_iic_master.o
 .debug_loclists
                0x000046f6     0x162d ./ra/fsp/src/r_glcdc/r_glcdc.o
 .debug_loclists
                0x00005d23      0x4a1 ./ra/fsp/src/bsp/mcu/all/bsp_clocks.o
 .debug_loclists
                0x000061c4       0x20 ./ra/fsp/src/bsp/mcu/all/bsp_common.o
 .debug_loclists
                0x000061e4      0x1ac ./ra/fsp/src/bsp/mcu/all/bsp_delay.o
 .debug_loclists
                0x00006390       0x73 ./ra/fsp/src/bsp/mcu/all/bsp_group_irq.o
 .debug_loclists
                0x00006403       0x38 ./ra/fsp/src/bsp/mcu/all/bsp_irq.o
 .debug_loclists
                0x0000643b       0xa7 ./ra/fsp/src/bsp/mcu/all/bsp_register_protection.o
 .debug_loclists
                0x000064e2       0x29 ./ra/fsp/src/bsp/mcu/all/bsp_sbrk.o
 .debug_loclists
                0x0000650b       0x43 ./ra/fsp/src/bsp/mcu/all/bsp_sdram.o
 .debug_loclists
                0x0000654e      0x1a6 ./ra/fsp/src/bsp/cmsis/Device/RENESAS/Source/system.o

.debug_aranges  0x00000000      0x6f8
 .debug_aranges
                0x00000000       0xa0 ./src/hal_entry.o
 .debug_aranges
                0x000000a0       0x20 ./src/hal_warmstart.o
 .debug_aranges
                0x000000c0       0x30 ./src/i2c_controller.o
 .debug_aranges
                0x000000f0       0x48 ./src/system.o
 .debug_aranges
                0x00000138       0x38 ./src/uart_ep.o
 .debug_aranges
                0x00000170       0x20 ./ra_gen/common_data.o
 .debug_aranges
                0x00000190       0x20 ./ra_gen/hal_data.o
 .debug_aranges
                0x000001b0       0x20 ./ra_gen/main.o
 .debug_aranges
                0x000001d0       0x18 ./ra_gen/pin_data.o
 .debug_aranges
                0x000001e8       0x18 ./ra_gen/vector_data.o
 .debug_aranges
                0x00000200       0xa8 ./ra/fsp/src/r_sci_b_uart/r_sci_b_uart.o
 .debug_aranges
                0x000002a8       0x90 ./ra/fsp/src/r_mipi_dsi/r_mipi_dsi.o
 .debug_aranges
                0x00000338       0x90 ./ra/fsp/src/r_ioport/r_ioport.o
 .debug_aranges
                0x000003c8       0x90 ./ra/fsp/src/r_iic_master/r_iic_master.o
 .debug_aranges
                0x00000458       0x90 ./ra/fsp/src/r_glcdc/r_glcdc.o
 .debug_aranges
                0x000004e8       0x18 ./ra/fsp/src/bsp/mcu/ra8d1/bsp_linker.o
 .debug_aranges
                0x00000500       0x70 ./ra/fsp/src/bsp/mcu/all/bsp_clocks.o
 .debug_aranges
                0x00000570       0x30 ./ra/fsp/src/bsp/mcu/all/bsp_common.o
 .debug_aranges
                0x000005a0       0x28 ./ra/fsp/src/bsp/mcu/all/bsp_delay.o
 .debug_aranges
                0x000005c8       0x28 ./ra/fsp/src/bsp/mcu/all/bsp_group_irq.o
 .debug_aranges
                0x000005f0       0x18 ./ra/fsp/src/bsp/mcu/all/bsp_io.o
 .debug_aranges
                0x00000608       0x20 ./ra/fsp/src/bsp/mcu/all/bsp_irq.o
 .debug_aranges
                0x00000628       0x28 ./ra/fsp/src/bsp/mcu/all/bsp_register_protection.o
 .debug_aranges
                0x00000650       0x20 ./ra/fsp/src/bsp/mcu/all/bsp_sbrk.o
 .debug_aranges
                0x00000670       0x30 ./ra/fsp/src/bsp/mcu/all/bsp_sdram.o
 .debug_aranges
                0x000006a0       0x28 ./ra/fsp/src/bsp/cmsis/Device/RENESAS/Source/startup.o
 .debug_aranges
                0x000006c8       0x30 ./ra/fsp/src/bsp/cmsis/Device/RENESAS/Source/system.o

.debug_rnglists
                0x00000000     0x12c1
 .debug_rnglists
                0x00000000       0xae ./src/hal_entry.o
 .debug_rnglists
                0x000000ae       0x13 ./src/hal_warmstart.o
 .debug_rnglists
                0x000000c1       0x39 ./src/i2c_controller.o
 .debug_rnglists
                0x000000fa       0x31 ./src/system.o
 .debug_rnglists
                0x0000012b       0x25 ./src/uart_ep.o
 .debug_rnglists
                0x00000150       0x13 ./ra_gen/common_data.o
 .debug_rnglists
                0x00000163       0x13 ./ra_gen/hal_data.o
 .debug_rnglists
                0x00000176       0x13 ./ra_gen/main.o
 .debug_rnglists
                0x00000189      0x248 ./ra/fsp/src/r_sci_b_uart/r_sci_b_uart.o
 .debug_rnglists
                0x000003d1      0x476 ./ra/fsp/src/r_mipi_dsi/r_mipi_dsi.o
 .debug_rnglists
                0x00000847       0xbc ./ra/fsp/src/r_ioport/r_ioport.o
 .debug_rnglists
                0x00000903      0x470 ./ra/fsp/src/r_iic_master/r_iic_master.o
 .debug_rnglists
                0x00000d73      0x307 ./ra/fsp/src/r_glcdc/r_glcdc.o
 .debug_rnglists
                0x0000107a       0xc4 ./ra/fsp/src/bsp/mcu/all/bsp_clocks.o
 .debug_rnglists
                0x0000113e       0x1f ./ra/fsp/src/bsp/mcu/all/bsp_common.o
 .debug_rnglists
                0x0000115d       0x35 ./ra/fsp/src/bsp/mcu/all/bsp_delay.o
 .debug_rnglists
                0x00001192       0x37 ./ra/fsp/src/bsp/mcu/all/bsp_group_irq.o
 .debug_rnglists
                0x000011c9       0x1f ./ra/fsp/src/bsp/mcu/all/bsp_irq.o
 .debug_rnglists
                0x000011e8       0x31 ./ra/fsp/src/bsp/mcu/all/bsp_register_protection.o
 .debug_rnglists
                0x00001219       0x13 ./ra/fsp/src/bsp/mcu/all/bsp_sbrk.o
 .debug_rnglists
                0x0000122c       0x20 ./ra/fsp/src/bsp/mcu/all/bsp_sdram.o
 .debug_rnglists
                0x0000124c       0x19 ./ra/fsp/src/bsp/cmsis/Device/RENESAS/Source/startup.o
 .debug_rnglists
                0x00001265       0x5c ./ra/fsp/src/bsp/cmsis/Device/RENESAS/Source/system.o

.debug_line     0x00000000     0xc740
 .debug_line    0x00000000      0x874 ./src/hal_entry.o
 .debug_line    0x00000874      0x317 ./src/hal_warmstart.o
 .debug_line    0x00000b8b      0x529 ./src/i2c_controller.o
 .debug_line    0x000010b4       0xd2 ./src/system.o
 .debug_line    0x00001186      0x504 ./src/uart_ep.o
 .debug_line    0x0000168a      0x31c ./ra_gen/common_data.o
 .debug_line    0x000019a6      0x327 ./ra_gen/hal_data.o