Archive member included to satisfy reference by file (symbol)

C:/Program Files (x86)/Arm GNU Toolchain arm-none-eabi/13.3 rel1/bin/../lib/gcc/arm-none-eabi/13.3.1/thumb/v8-m.main+dp/hard\libgcc.a(_aeabi_ldivmod.o)
                              ./ra/fsp/src/r_sci_b_uart/r_sci_b_uart.o (__aeabi_ldivmod)
C:/Program Files (x86)/Arm GNU Toolchain arm-none-eabi/13.3 rel1/bin/../lib/gcc/arm-none-eabi/13.3.1/thumb/v8-m.main+dp/hard\libgcc.a(_udivmoddi4.o)
                              C:/Program Files (x86)/Arm GNU Toolchain arm-none-eabi/13.3 rel1/bin/../lib/gcc/arm-none-eabi/13.3.1/thumb/v8-m.main+dp/hard\libgcc.a(_aeabi_ldivmod.o) (__udivmoddi4)
C:/Program Files (x86)/Arm GNU Toolchain arm-none-eabi/13.3 rel1/bin/../lib/gcc/arm-none-eabi/13.3.1/thumb/v8-m.main+dp/hard\libgcc.a(_dvmd_tls.o)
                              C:/Program Files (x86)/Arm GNU Toolchain arm-none-eabi/13.3 rel1/bin/../lib/gcc/arm-none-eabi/13.3.1/thumb/v8-m.main+dp/hard\libgcc.a(_aeabi_ldivmod.o) (__aeabi_ldiv0)
C:/Program Files (x86)/Arm GNU Toolchain arm-none-eabi/13.3 rel1/bin/../lib/gcc/arm-none-eabi/13.3.1/thumb/v8-m.main+dp/hard\libg_nano.a(libc_a-exit.o)
                              C:/Program Files (x86)/Arm GNU Toolchain arm-none-eabi/13.3 rel1/bin/../lib/gcc/arm-none-eabi/13.3.1/thumb/v8-m.main+dp/hard/crt0.o (exit)
C:/Program Files (x86)/Arm GNU Toolchain arm-none-eabi/13.3 rel1/bin/../lib/gcc/arm-none-eabi/13.3.1/thumb/v8-m.main+dp/hard\libg_nano.a(libc_a-findfp.o)
                              C:/Program Files (x86)/Arm GNU Toolchain arm-none-eabi/13.3 rel1/bin/../lib/gcc/arm-none-eabi/13.3.1/thumb/v8-m.main+dp/hard\libg_nano.a(libc_a-exit.o) (__stdio_exit_handler)
C:/Program Files (x86)/Arm GNU Toolchain arm-none-eabi/13.3 rel1/bin/../lib/gcc/arm-none-eabi/13.3.1/thumb/v8-m.main+dp/hard\libg_nano.a(libc_a-fwalk.o)
                              C:/Program Files (x86)/Arm GNU Toolchain arm-none-eabi/13.3 rel1/bin/../lib/gcc/arm-none-eabi/13.3.1/thumb/v8-m.main+dp/hard\libg_nano.a(libc_a-findfp.o) (_fwalk_sglue)
C:/Program Files (x86)/Arm GNU Toolchain arm-none-eabi/13.3 rel1/bin/../lib/gcc/arm-none-eabi/13.3.1/thumb/v8-m.main+dp/hard\libg_nano.a(libc_a-printf.o)
                              ./src/lontium_bridge_lt8912.o (printf)
C:/Program Files (x86)/Arm GNU Toolchain arm-none-eabi/13.3 rel1/bin/../lib/gcc/arm-none-eabi/13.3.1/thumb/v8-m.main+dp/hard\libg_nano.a(libc_a-puts.o)
                              ./src/hal_entry.o (puts)
C:/Program Files (x86)/Arm GNU Toolchain arm-none-eabi/13.3 rel1/bin/../lib/gcc/arm-none-eabi/13.3.1/thumb/v8-m.main+dp/hard\libg_nano.a(libc_a-stdio.o)
                              C:/Program Files (x86)/Arm GNU Toolchain arm-none-eabi/13.3 rel1/bin/../lib/gcc/arm-none-eabi/13.3.1/thumb/v8-m.main+dp/hard\libg_nano.a(libc_a-findfp.o) (__sread)
C:/Program Files (x86)/Arm GNU Toolchain arm-none-eabi/13.3 rel1/bin/../lib/gcc/arm-none-eabi/13.3.1/thumb/v8-m.main+dp/hard\libg_nano.a(libc_a-wbuf.o)
                              C:/Program Files (x86)/Arm GNU Toolchain arm-none-eabi/13.3 rel1/bin/../lib/gcc/arm-none-eabi/13.3.1/thumb/v8-m.main+dp/hard\libg_nano.a(libc_a-puts.o) (__swbuf_r)
C:/Program Files (x86)/Arm GNU Toolchain arm-none-eabi/13.3 rel1/bin/../lib/gcc/arm-none-eabi/13.3.1/thumb/v8-m.main+dp/hard\libg_nano.a(libc_a-wsetup.o)
                              C:/Program Files (x86)/Arm GNU Toolchain arm-none-eabi/13.3 rel1/bin/../lib/gcc/arm-none-eabi/13.3.1/thumb/v8-m.main+dp/hard\libg_nano.a(libc_a-puts.o) (__swsetup_r)
C:/Program Files (x86)/Arm GNU Toolchain arm-none-eabi/13.3 rel1/bin/../lib/gcc/arm-none-eabi/13.3.1/thumb/v8-m.main+dp/hard\libg_nano.a(libc_a-memset.o)
                              C:/Program Files (x86)/Arm GNU Toolchain arm-none-eabi/13.3 rel1/bin/../lib/gcc/arm-none-eabi/13.3.1/thumb/v8-m.main+dp/hard/crt0.o (memset)
C:/Program Files (x86)/Arm GNU Toolchain arm-none-eabi/13.3 rel1/bin/../lib/gcc/arm-none-eabi/13.3.1/thumb/v8-m.main+dp/hard\libg_nano.a(libc_a-closer.o)
                              C:/Program Files (x86)/Arm GNU Toolchain arm-none-eabi/13.3 rel1/bin/../lib/gcc/arm-none-eabi/13.3.1/thumb/v8-m.main+dp/hard\libg_nano.a(libc_a-stdio.o) (_close_r)
C:/Program Files (x86)/Arm GNU Toolchain arm-none-eabi/13.3 rel1/bin/../lib/gcc/arm-none-eabi/13.3.1/thumb/v8-m.main+dp/hard\libg_nano.a(libc_a-reent.o)
                              C:/Program Files (x86)/Arm GNU Toolchain arm-none-eabi/13.3 rel1/bin/../lib/gcc/arm-none-eabi/13.3.1/thumb/v8-m.main+dp/hard\libg_nano.a(libc_a-closer.o) (errno)
C:/Program Files (x86)/Arm GNU Toolchain arm-none-eabi/13.3 rel1/bin/../lib/gcc/arm-none-eabi/13.3.1/thumb/v8-m.main+dp/hard\libg_nano.a(libc_a-impure.o)
                              C:/Program Files (x86)/Arm GNU Toolchain arm-none-eabi/13.3 rel1/bin/../lib/gcc/arm-none-eabi/13.3.1/thumb/v8-m.main+dp/hard\libg_nano.a(libc_a-printf.o) (_impure_ptr)
[...]
Memory Configuration

Name             Origin             Length             Attributes
RAM              0x22000000         0x000e0000         xrw
FLASH            0x02000000         0x001f8000         xr
DATA_FLASH       0x27000000         0x00003000         xr
SDRAM            0x68000000         0x08000000         xrw
OSPI0_CS0        0x80000000         0x10000000         xrw
OSPI0_CS1        0x90000000         0x10000000         xr
OPTION_SETTING_OFS0 0x0300a100         0x00000004         r
OPTION_SETTING_OFS2 0x0300a104         0x00000004         r
OPTION_SETTING_DUALSEL 0x0300a110         0x00000004         r
OPTION_SETTING_OFS1 0x1300a180         0x00000004         r
OPTION_SETTING_BANKSEL 0x1300a190         0x00000004         r
OPTION_SETTING_BPS 0x1300a1c0         0x00000010         r
OPTION_SETTING_PBPS 0x1300a1e0         0x00000010         r
OPTION_SETTING_OFS1_SEC 0x0300a200         0x00000004         r
OPTION_SETTING_BANKSEL_SEC 0x0300a210         0x00000004         r
OPTION_SETTING_BPS_SEC 0x0300a240         0x00000010         r
OPTION_SETTING_PBPS_SEC 0x0300a260         0x00000010         r
OPTION_SETTING_OFS1_SEL 0x0300a280         0x00000004         r
OPTION_SETTING_BANKSEL_SEL 0x0300a290         0x00000004         r
OPTION_SETTING_BPS_SEL 0x0300a2c0         0x00000010         r
OPTION_SETTING_DATA_FLASH_FSBLCTRL0 0x27030080         0x00000004         r
OPTION_SETTING_DATA_FLASH_FSBLCTRL1 0x27030084         0x00000004         r
OPTION_SETTING_DATA_FLASH_FSBLCTRL2 0x27030088         0x00000004         r
OPTION_SETTING_DATA_FLASH_SACC0 0x2703008c         0x00000004         r
OPTION_SETTING_DATA_FLASH_SACC1 0x27030090         0x00000004         r
OPTION_SETTING_DATA_FLASH_SAMR 0x27030094         0x00000004         r
ITCM             0x00000000         0x00010000         xrw
DTCM             0x20000000         0x00010000         xrw
*default*        0x00000000         0xffffffff

Linker script and memory map

LOAD C:/Program Files (x86)/Arm GNU Toolchain arm-none-eabi/13.3 rel1/bin/../lib/gcc/arm-none-eabi/13.3.1/thumb/v8-m.main+dp/hard/crti.o
LOAD C:/Program Files (x86)/Arm GNU Toolchain arm-none-eabi/13.3 rel1/bin/../lib/gcc/arm-none-eabi/13.3.1/thumb/v8-m.main+dp/hard/crtbegin.o
LOAD C:/Program Files (x86)/Arm GNU Toolchain arm-none-eabi/13.3 rel1/bin/../lib/gcc/arm-none-eabi/13.3.1/thumb/v8-m.main+dp/hard/crt0.o
START GROUP
LOAD ./src/hal_entry.o
LOAD ./src/hal_warmstart.o
LOAD ./src/i2c_controller.o
LOAD ./src/lontium_bridge_lt8912.o
LOAD ./src/mipi_dsi_ep.o
LOAD ./src/system.o
LOAD ./src/uart_ep.o
LOAD ./ra_gen/common_data.o
LOAD ./ra_gen/hal_data.o
LOAD ./ra_gen/main.o
LOAD ./ra_gen/pin_data.o
LOAD ./ra_gen/vector_data.o
LOAD ./ra/fsp/src/r_sci_b_uart/r_sci_b_uart.o
LOAD ./ra/fsp/src/r_mipi_phy/r_mipi_phy.o
LOAD ./ra/fsp/src/r_mipi_dsi/r_mipi_dsi.o
LOAD ./ra/fsp/src/r_ioport/r_ioport.o
LOAD ./ra/fsp/src/r_iic_master/r_iic_master.o
LOAD ./ra/fsp/src/r_glcdc/r_glcdc.o
LOAD ./ra/fsp/src/bsp/mcu/ra8d1/bsp_linker.o
LOAD ./ra/fsp/src/bsp/mcu/all/bsp_clocks.o
LOAD ./ra/fsp/src/bsp/mcu/all/bsp_common.o
LOAD ./ra/fsp/src/bsp/mcu/all/bsp_delay.o
LOAD ./ra/fsp/src/bsp/mcu/all/bsp_group_irq.o
LOAD ./ra/fsp/src/bsp/mcu/all/bsp_guard.o
LOAD ./ra/fsp/src/bsp/mcu/all/bsp_io.o
LOAD ./ra/fsp/src/bsp/mcu/all/bsp_ipc.o
LOAD ./ra/fsp/src/bsp/mcu/all/bsp_irq.o
LOAD ./ra/fsp/src/bsp/mcu/all/bsp_macl.o
LOAD ./ra/fsp/src/bsp/mcu/all/bsp_register_protection.o
LOAD ./ra/fsp/src/bsp/mcu/all/bsp_sbrk.o
LOAD ./ra/fsp/src/bsp/mcu/all/bsp_sdram.o
LOAD ./ra/fsp/src/bsp/mcu/all/bsp_security.o
LOAD ./ra/fsp/src/bsp/cmsis/Device/RENESAS/Source/startup.o
LOAD ./ra/fsp/src/bsp/cmsis/Device/RENESAS/Source/system.o
END GROUP
START GROUP
LOAD C:/Program Files (x86)/Arm GNU Toolchain arm-none-eabi/13.3 rel1/bin/../lib/gcc/arm-none-eabi/13.3.1/thumb/v8-m.main+dp/hard\libgcc.a
LOAD C:/Program Files (x86)/Arm GNU Toolchain arm-none-eabi/13.3 rel1/bin/../lib/gcc/arm-none-eabi/13.3.1/thumb/v8-m.main+dp/hard\libg_nano.a
LOAD C:/Program Files (x86)/Arm GNU Toolchain arm-none-eabi/13.3 rel1/bin/../lib/gcc/arm-none-eabi/13.3.1/thumb/v8-m.main+dp/hard\libc_nano.a
END GROUP
START GROUP
LOAD C:/Program Files (x86)/Arm GNU Toolchain arm-none-eabi/13.3 rel1/bin/../lib/gcc/arm-none-eabi/13.3.1/thumb/v8-m.main+dp/hard\libgcc.a
LOAD C:/Program Files (x86)/Arm GNU Toolchain arm-none-eabi/13.3 rel1/bin/../lib/gcc/arm-none-eabi/13.3.1/thumb/v8-m.main+dp/hard\libc_nano.a
END GROUP
LOAD C:/Program Files (x86)/Arm GNU Toolchain arm-none-eabi/13.3 rel1/bin/../lib/gcc/arm-none-eabi/13.3.1/thumb/v8-m.main+dp/hard/crtend.o
LOAD C:/Program Files (x86)/Arm GNU Toolchain arm-none-eabi/13.3 rel1/bin/../lib/gcc/arm-none-eabi/13.3.1/thumb/v8-m.main+dp/hard/crtn.o
                0x22000000                        RAM_START = 0x22000000
                0x000e0000                        RAM_LENGTH = 0xe0000
                0x02000000                        FLASH_START = 0x2000000
                0x001f8000                        FLASH_LENGTH = 0x1f8000
                0x27000000                        DATA_FLASH_START = 0x27000000
                0x00003000                        DATA_FLASH_LENGTH = 0x3000
                0x68000000                        SDRAM_START = 0x68000000
                0x08000000                        SDRAM_LENGTH = 0x8000000
                0x80000000                        OSPI0_CS0_START = 0x80000000
                0x10000000                        OSPI0_CS0_LENGTH = 0x10000000
                0x90000000                        OSPI0_CS1_START = 0x90000000
                0x10000000                        OSPI0_CS1_LENGTH = 0x10000000
                0x0300a100                        OPTION_SETTING_OFS0_START = 0x300a100
                0x00000004                        OPTION_SETTING_OFS0_LENGTH = 0x4
                0x0300a104                        OPTION_SETTING_OFS2_START = 0x300a104
                0x00000004                        OPTION_SETTING_OFS2_LENGTH = 0x4
                0x0300a110                        OPTION_SETTING_DUALSEL_START = 0x300a110
                0x00000004                        OPTION_SETTING_DUALSEL_LENGTH = 0x4
                0x1300a180                        OPTION_SETTING_OFS1_START = 0x1300a180
                0x00000004                        OPTION_SETTING_OFS1_LENGTH = 0x4
                0x1300a190                        OPTION_SETTING_BANKSEL_START = 0x1300a190
                0x00000004                        OPTION_SETTING_BANKSEL_LENGTH = 0x4
                0x1300a1c0                        OPTION_SETTING_BPS_START = 0x1300a1c0
                0x00000010                        OPTION_SETTING_BPS_LENGTH = 0x10
                0x1300a1e0                        OPTION_SETTING_PBPS_START = 0x1300a1e0
                0x00000010                        OPTION_SETTING_PBPS_LENGTH = 0x10
                0x0300a200                        OPTION_SETTING_OFS1_SEC_START = 0x300a200
                0x00000004                        OPTION_SETTING_OFS1_SEC_LENGTH = 0x4
                0x0300a210                        OPTION_SETTING_BANKSEL_SEC_START = 0x300a210
                0x00000004                        OPTION_SETTING_BANKSEL_SEC_LENGTH = 0x4
                0x0300a240                        OPTION_SETTING_BPS_SEC_START = 0x300a240
                0x00000010                        OPTION_SETTING_BPS_SEC_LENGTH = 0x10
                0x0300a260                        OPTION_SETTING_PBPS_SEC_START = 0x300a260
                0x00000010                        OPTION_SETTING_PBPS_SEC_LENGTH = 0x10
                0x0300a280                        OPTION_SETTING_OFS1_SEL_START = 0x300a280
                0x00000004                        OPTION_SETTING_OFS1_SEL_LENGTH = 0x4
                0x0300a290                        OPTION_SETTING_BANKSEL_SEL_START = 0x300a290
                0x00000004                        OPTION_SETTING_BANKSEL_SEL_LENGTH = 0x4
                0x0300a2c0                        OPTION_SETTING_BPS_SEL_START = 0x300a2c0
                0x00000010                        OPTION_SETTING_BPS_SEL_LENGTH = 0x10
                0x27030080                        OPTION_SETTING_DATA_FLASH_FSBLCTRL0_START = 0x27030080
                0x00000004                        OPTION_SETTING_DATA_FLASH_FSBLCTRL0_LENGTH = 0x4
                0x27030084                        OPTION_SETTING_DATA_FLASH_FSBLCTRL1_START = 0x27030084
                0x00000004                        OPTION_SETTING_DATA_FLASH_FSBLCTRL1_LENGTH = 0x4
                0x27030088                        OPTION_SETTING_DATA_FLASH_FSBLCTRL2_START = 0x27030088
                0x00000004                        OPTION_SETTING_DATA_FLASH_FSBLCTRL2_LENGTH = 0x4
                0x2703008c                        OPTION_SETTING_DATA_FLASH_SACC0_START = 0x2703008c
                0x00000004                        OPTION_SETTING_DATA_FLASH_SACC0_LENGTH = 0x4
                0x27030090                        OPTION_SETTING_DATA_FLASH_SACC1_START = 0x27030090
                0x00000004                        OPTION_SETTING_DATA_FLASH_SACC1_LENGTH = 0x4
                0x27030094                        OPTION_SETTING_DATA_FLASH_SAMR_START = 0x27030094
                0x00000004                        OPTION_SETTING_DATA_FLASH_SAMR_LENGTH = 0x4
                0x00000000                        ITCM_START = 0x0
                0x00010000                        ITCM_LENGTH = 0x10000
                0x20000000                        DTCM_START = 0x20000000
                0x00010000                        DTCM_LENGTH = 0x10000
START GROUP
LOAD C:/Program Files (x86)/Arm GNU Toolchain arm-none-eabi/13.3 rel1/bin/../lib/gcc/arm-none-eabi/13.3.1/thumb/v8-m.main+dp/hard\libgcc.a
LOAD C:/Program Files (x86)/Arm GNU Toolchain arm-none-eabi/13.3 rel1/bin/../lib/gcc/arm-none-eabi/13.3.1/thumb/v8-m.main+dp/hard\libc.a
LOAD C:/Program Files (x86)/Arm GNU Toolchain arm-none-eabi/13.3 rel1/bin/../lib/gcc/arm-none-eabi/13.3.1/thumb/v8-m.main+dp/hard\libm.a
END GROUP

.ospi0_cs1.startof
                0x90000000        0x0
                0x90000000                        __ddsc_OSPI0_CS1_START = .

.sdram.startof  0x68000000        0x0
                0x68000000                        __ddsc_SDRAM_START = .

__sdram_from_ospi0_cs1$$
                0x68000000        0x0 load address 0x90000000
                0x68000000                        __sdram_from_ospi0_cs1$$Base = .
                0x90000000                        __sdram_from_ospi0_cs1$$Load = LOADADDR (__sdram_from_ospi0_cs1$$)
 *(.sdram_from_ospi0_cs1)
 *(.sdram_code_from_ospi0_cs1)
                0x68000000                        __sdram_from_ospi0_cs1$$Limit = .

.ospi0_cs0.startof
                0x80000000        0x0
                0x80000000                        __ddsc_OSPI0_CS0_START = .

__ospi0_cs0_from_ospi0_cs1$$
                0x80000000        0x0 load address 0x90000000
                0x80000000                        __ospi0_cs0_from_ospi0_cs1$$Base = .
                0x90000000                        __ospi0_cs0_from_ospi0_cs1$$Load = LOADADDR (__ospi0_cs0_from_ospi0_cs1$$)
 *(.ospi0_cs0_from_ospi0_cs1)
 *(.ospi0_cs0_code_from_ospi0_cs1)
                0x80000000                        __ospi0_cs0_from_ospi0_cs1$$Limit = .

.itcm.startof   0x00000000        0x0
                0x00000000                        __ddsc_ITCM_START = .

__itcm_from_ospi0_cs1$$
                0x00000000        0x0 load address 0x90000000
                0x00000000                        __itcm_from_ospi0_cs1$$Base = .
                0x90000000                        __itcm_from_ospi0_cs1$$Load = LOADADDR (__itcm_from_ospi0_cs1$$)
 *(.itcm_from_ospi0_cs1)
 *(.itcm_code_from_ospi0_cs1)
                0x00000000                        __itcm_from_ospi0_cs1$$Limit = .

.dtcm.startof   0x20000000        0x0
                0x20000000                        __ddsc_DTCM_START = .

__dtcm_from_ospi0_cs1$$
                0x20000000        0x0 load address 0x90000000
                0x20000000                        __dtcm_from_ospi0_cs1$$Base = .
                0x90000000                        __dtcm_from_ospi0_cs1$$Load = LOADADDR (__dtcm_from_ospi0_cs1$$)
 *(.dtcm_from_ospi0_cs1)
 *(.dtcm_code_from_ospi0_cs1)
                0x20000000                        __dtcm_from_ospi0_cs1$$Limit = .

.ram.startof    0x22000000        0x0
                0x22000000                        __ddsc_RAM_START = .

__ram_dtc_vector$$
                0x22000000        0x0
                0x22000000                        __ram_dtc_vector$$Base = .
 *(.fsp_dtc_vector_table)
                0x22000000                        __ram_dtc_vector$$Limit = .

__ram_from_ospi0_cs1$$
                0x22000000        0x0 load address 0x90000000
                0x22000000                        __ram_from_ospi0_cs1$$Base = .
                0x90000000                        __ram_from_ospi0_cs1$$Load = LOADADDR (__ram_from_ospi0_cs1$$)
 *(.ram_from_ospi0_cs1)
 *(.ram_code_from_ospi0_cs1)
                0x22000000                        __ram_from_ospi0_cs1$$Limit = .

__ospi0_cs1_readonly$$
                0x90000000        0x0
                0x90000000                        __ospi0_cs1_readonly$$Base = .
 *(.ospi0_cs1)
 *(.ospi0_cs1_code)
                0x90000000                        __ospi0_cs1_readonly$$Limit = .

__ospi0_cs1_noinit$$
                0x90000000        0x0
                0x90000000                        __ospi0_cs1_noinit$$Base = .
 *(.ospi0_cs1_noinit)
                0x90000000                        __ospi0_cs1_noinit$$Limit = .

.ospi0_cs1.endof
                0x90000000        0x0
                0x90000000                        __ddsc_OSPI0_CS1_END = .

.data_flash.startof
                0x27000000        0x0
                0x27000000                        __ddsc_DATA_FLASH_START = .

__sdram_from_data_flash$$
                0x68000000        0x0 load address 0x27000000
                0x68000000                        __sdram_from_data_flash$$Base = .
                0x27000000                        __sdram_from_data_flash$$Load = LOADADDR (__sdram_from_data_flash$$)
 *(.sdram_from_data_flash)
 *(.sdram_code_from_data_flash)
                0x68000000                        __sdram_from_data_flash$$Limit = .

__ospi0_cs0_from_data_flash$$
                0x80000000        0x0 load address 0x27000000
                0x80000000                        __ospi0_cs0_from_data_flash$$Base = .
                0x27000000                        __ospi0_cs0_from_data_flash$$Load = LOADADDR (__ospi0_cs0_from_data_flash$$)
 *(.ospi0_cs0_from_data_flash)
 *(.ospi0_cs0_code_from_data_flash)
                0x80000000                        __ospi0_cs0_from_data_flash$$Limit = .

__itcm_from_data_flash$$
                0x00000000        0x0 load address 0x27000000
                0x00000000                        __itcm_from_data_flash$$Base = .
                0x27000000                        __itcm_from_data_flash$$Load = LOADADDR (__itcm_from_data_flash$$)
 *(.itcm_from_data_flash)
 *(.itcm_code_from_data_flash)
                0x00000000                        __itcm_from_data_flash$$Limit = .

__dtcm_from_data_flash$$
                0x20000000        0x0 load address 0x27000000
                0x20000000                        __dtcm_from_data_flash$$Base = .
                0x27000000                        __dtcm_from_data_flash$$Load = LOADADDR (__dtcm_from_data_flash$$)
 *(.dtcm_from_data_flash)
 *(.dtcm_code_from_data_flash)
                0x20000000                        __dtcm_from_data_flash$$Limit = .

__ram_from_data_flash$$
                0x22000000        0x0 load address 0x27000000
                0x22000000                        __ram_from_data_flash$$Base = .
                0x27000000                        __ram_from_data_flash$$Load = LOADADDR (__ram_from_data_flash$$)
 *(.ram_from_data_flash)
 *(.ram_code_from_data_flash)
                0x22000000                        __ram_from_data_flash$$Limit = .

__data_flash_readonly$$
                0x27000000        0x0
                0x27000000                        __data_flash_readonly$$Base = .
 *(.data_flash)
 *(.data_flash_code)
                0x27000000                        __data_flash_readonly$$Limit = .

__data_flash_noinit$$
                0x27000000        0x0
                0x27000000                        __data_flash_noinit$$Base = .
 *(.data_flash_noinit)
                0x27000000                        __data_flash_noinit$$Limit = .

.data_flash.endof
                0x27000000        0x0
                0x27000000                        __ddsc_DATA_FLASH_END = .

.flash.startof  0x02000000        0x0
                0x02000000                        __ddsc_FLASH_START = .

__flash_vectors$$
                0x02000000       0x7c
                0x02000000                        __flash_vectors$$Base = .
                0x02000000                        _VECTORS = .
 *(.fixed_vectors)
 .fixed_vectors
                0x02000000       0x40 ./ra/fsp/src/bsp/cmsis/Device/RENESAS/Source/startup.o
                0x02000000                __Vectors
 *(.application_vectors)
 .application_vectors
                0x02000040       0x3c ./ra_gen/vector_data.o
                0x02000040                g_vector_table
                0x0200007c                        __flash_vectors$$Limit = .

__flash_noinit$$
                0x0200007c        0x0
                0x0200007c                        __flash_noinit$$Base = .
 *(.flash_noinit)
                0x0200007c                        __flash_noinit$$Limit = .

__sdram_from_flash$$
                0x68000000        0x0 load address 0x0200007c
                0x68000000                        __sdram_from_flash$$Base = .
                0x0200007c                        __sdram_from_flash$$Load = LOADADDR (__sdram_from_flash$$)
 *(.sdram_from_flash)
 *(.sdram_code_from_flash)
                0x68000000                        __sdram_from_flash$$Limit = .

__sdram_noinit_nocache$$
                0x68000000        0x0 load address 0x02000080
                0x68000000                        __sdram_noinit_nocache$$Base = .
 *(.sdram_noinit_nocache)
                0x68000000                        __sdram_noinit_nocache$$Limit = .

__sdram_zero_nocache$$
                0x68000000        0x0 load address 0x0200007c
                0x68000000                        __sdram_zero_nocache$$Base = .
 *(.sdram_nocache)
                0x68000000                        . = ALIGN (0x20)
                0x68000000                        __sdram_zero_nocache$$Limit = .

__sdram_noinit$$
                0x68000000   0x708000 load address 0x0200007c
                0x68000000                        __sdram_noinit$$Base = .
 *(.sdram_noinit)
 .sdram_noinit  0x68000000   0x708000 ./ra_gen/common_data.o
                0x68000000                fb_background
                0x68708000                        __sdram_noinit$$Limit = .

__sdram_zero$$  0x68708000        0x0 load address 0x0200007c
                0x68708000                        __sdram_zero$$Base = .
 *(.sdram)
                0x68708000                        __sdram_zero$$Limit = .

.sdram.endof    0x68708000        0x0
                0x68708000                        __ddsc_SDRAM_END = .

__ospi0_cs0_from_flash$$
                0x80000000        0x0 load address 0x0200007c
                0x80000000                        __ospi0_cs0_from_flash$$Base = .
                0x0200007c                        __ospi0_cs0_from_flash$$Load = LOADADDR (__ospi0_cs0_from_flash$$)
 *(.ospi0_cs0_from_flash)
 *(.ospi0_cs0_code_from_flash)
                0x80000000                        __ospi0_cs0_from_flash$$Limit = .

__ospi0_cs0_noinit_nocache$$
                0x80000000        0x0 load address 0x02000080
                0x80000000                        __ospi0_cs0_noinit_nocache$$Base = .
 *(.ospi0_cs0_noinit_nocache)
                0x80000000                        __ospi0_cs0_noinit_nocache$$Limit = .

__ospi0_cs0_zero_nocache$$
                0x80000000        0x0 load address 0x0200007c
                0x80000000                        __ospi0_cs0_zero_nocache$$Base = .
 *(.ospi0_cs0_nocache)
                0x80000000                        . = ALIGN (0x20)
                0x80000000                        __ospi0_cs0_zero_nocache$$Limit = .

__ospi0_cs0_noinit$$
                0x80000000        0x0 load address 0x0200007c
                0x80000000                        __ospi0_cs0_noinit$$Base = .
 *(.ospi0_cs0_noinit)
                0x80000000                        __ospi0_cs0_noinit$$Limit = .

__ospi0_cs0_zero$$
                0x80000000        0x0 load address 0x0200007c
                0x80000000                        __ospi0_cs0_zero$$Base = .
 *(.ospi0_cs0)
                0x80000000                        __ospi0_cs0_zero$$Limit = .

.ospi0_cs0.endof
                0x80000000        0x0
                0x80000000                        __ddsc_OSPI0_CS0_END = .

__itcm_from_flash$$
                0x00000000        0x0 load address 0x0200007c
                0x00000000                        __itcm_from_flash$$Base = .
                0x0200007c                        __itcm_from_flash$$Load = LOADADDR (__itcm_from_flash$$)
 *(.itcm_from_flash)
 *(.itcm_code_from_flash)
                0x00000000                        __itcm_from_flash$$Limit = .

__itcm_noinit$$
                0x00000000        0x0 load address 0x0200007c
                0x00000000                        __itcm_noinit$$Base = .
 *(.itcm_noinit)
                0x00000000                        __itcm_noinit$$Limit = .

__itcm_zero$$   0x00000000        0x0 load address 0x0200007c
                0x00000000                        __itcm_zero$$Base = .
 *(.itcm)
                0x00000000                        __itcm_zero$$Limit = .

.itcm.endof     0x00000000        0x0
                0x00000000                        __ddsc_ITCM_END = .

__dtcm_from_flash$$
                0x20000000        0x0 load address 0x0200007c
                0x20000000                        __dtcm_from_flash$$Base = .
                0x0200007c                        __dtcm_from_flash$$Load = LOADADDR (__dtcm_from_flash$$)
 *(.dtcm_from_flash)
 *(.dtcm_code_from_flash)
                0x20000000                        __dtcm_from_flash$$Limit = .

__dtcm_noinit$$
                0x20000000        0x0 load address 0x0200007c
                0x20000000                        __dtcm_noinit$$Base = .
 *(.dtcm_noinit)
                0x20000000                        __dtcm_noinit$$Limit = .

__dtcm_zero$$   0x20000000        0x0 load address 0x0200007c
                0x20000000                        __dtcm_zero$$Base = .
 *(.dtcm)
                0x20000000                        __dtcm_zero$$Limit = .

.dtcm.endof     0x20000000        0x0
                0x20000000                        __ddsc_DTCM_END = .

__ram_from_flash$$
                0x22000000       0xc8 load address 0x0200007c
                0x22000000                        __ram_from_flash$$Base = .
                0x0200007c                        __ram_from_flash$$Load = LOADADDR (__ram_from_flash$$)
 *(.ram_from_flash)
 *(.ram_code_from_flash)
 *(.data*)
 .data.i2c_event
                0x22000000        0x1 ./src/i2c_controller.o
 *fill*         0x22000001        0x3 
 .data.video_1920x1080_60Hz
                0x22000004       0x20 ./src/lontium_bridge_lt8912.o
                0x22000004                video_1920x1080_60Hz
 .data.video_1280x800_60Hz
                0x22000024       0x20 ./src/lontium_bridge_lt8912.o
                0x22000024                video_1280x800_60Hz
 .data.video_1280x720_60Hz
                0x22000044       0x20 ./src/lontium_bridge_lt8912.o
                0x22000044                video_1280x720_60Hz
 .data.g_uart4_baud_setting
                0x22000064        0x4 ./ra_gen/hal_data.o
                0x22000064                g_uart4_baud_setting
 .data.g_clut_data_latched
                0x22000068        0x2 ./ra/fsp/src/r_glcdc/r_glcdc.o
 *fill*         0x2200006a        0x2 
 .data.__sglue  0x2200006c        0xc C:/Program Files (x86)/Arm GNU Toolchain arm-none-eabi/13.3 rel1/bin/../lib/gcc/arm-none-eabi/13.3.1/thumb/v8-m.main+dp/hard\libg_nano.a(libc_a-findfp.o)
                0x2200006c                __sglue
 .data._impure_ptr
                0x22000078        0x4 C:/Program Files (x86)/Arm GNU Toolchain arm-none-eabi/13.3 rel1/bin/../lib/gcc/arm-none-eabi/13.3.1/thumb/v8-m.main+dp/hard\libg_nano.a(libc_a-impure.o)
                0x22000078                _impure_ptr
 .data._impure_data
                0x2200007c       0x4c C:/Program Files (x86)/Arm GNU Toolchain arm-none-eabi/13.3 rel1/bin/../lib/gcc/arm-none-eabi/13.3.1/thumb/v8-m.main+dp/hard\libg_nano.a(libc_a-impure.o)
                0x2200007c                _impure_data
 *(vtable)
                0x220000c8                        __ram_from_flash$$Limit = .

.tm_clone_table
                0x220000c8        0x0 load address 0x02000144
 .tm_clone_table
                0x220000c8        0x0 C:/Program Files (x86)/Arm GNU Toolchain arm-none-eabi/13.3 rel1/bin/../lib/gcc/arm-none-eabi/13.3.1/thumb/v8-m.main+dp/hard/crtbegin.o
 .tm_clone_table
                0x220000c8        0x0 C:/Program Files (x86)/Arm GNU Toolchain arm-none-eabi/13.3 rel1/bin/../lib/gcc/arm-none-eabi/13.3.1/thumb/v8-m.main+dp/hard/crtend.o

.igot.plt       0x220000c8        0x0 load address 0x02000144
 .igot.plt      0x220000c8        0x0 C:/Program Files (x86)/Arm GNU Toolchain arm-none-eabi/13.3 rel1/bin/../lib/gcc/arm-none-eabi/13.3.1/thumb/v8-m.main+dp/hard/crtbegin.o

__ram_noinit_nocache$$
                0x220000e0        0x0 load address 0x02000160
                0x220000e0                        __ram_noinit_nocache$$Base = .
 *(.ram_noinit_nocache)
                0x220000e0                        __ram_noinit_nocache$$Limit = .

__ram_zero_nocache$$
                0x220000c8       0x18 load address 0x02000144
                0x220000c8                        __ram_zero_nocache$$Base = .
 *(.ram_nocache)
                0x220000e0                        . = ALIGN (0x20)
 *fill*         0x220000c8       0x18 
                0x220000e0                        __ram_zero_nocache$$Limit = .

__ram_noinit$$  0x220000e0      0x42c load address 0x02000144
                0x220000e0                        __ram_noinit$$Base = .
 *(.bss.g_heap)
 *(.bss.g_main_stack)
 .bss.g_main_stack
                0x220000e0      0x400 ./ra/fsp/src/bsp/cmsis/Device/RENESAS/Source/startup.o
                0x220000e0                g_main_stack
 *(.ram_noinit)
 .ram_noinit    0x220004e0       0x2c ./ra/fsp/src/bsp/mcu/all/bsp_clocks.o
 *(.noinit)
                0x2200050c                        __ram_noinit$$Limit = .

__ram_zero$$    0x22000510      0x2f0 load address 0x02000144
                0x22000510                        __ram_zero$$Base = .
 *(.ram)
 *(.bss*)
 .bss.completed.1
                0x22000510        0x1 C:/Program Files (x86)/Arm GNU Toolchain arm-none-eabi/13.3 rel1/bin/../lib/gcc/arm-none-eabi/13.3.1/thumb/v8-m.main+dp/hard/crtbegin.o
 *fill*         0x22000511        0x3 
 .bss.object.0  0x22000514       0x18 C:/Program Files (x86)/Arm GNU Toolchain arm-none-eabi/13.3 rel1/bin/../lib/gcc/arm-none-eabi/13.3.1/thumb/v8-m.main+dp/hard/crtbegin.o
 .bss.Vsync_H_last.2
                0x2200052c        0x1 ./src/lontium_bridge_lt8912.o
 .bss.Hsync_H_last.3
                0x2200052d        0x1 ./src/lontium_bridge_lt8912.o
 *fill*         0x2200052e        0x2 
 .bss.video     0x22000530        0x4 ./src/lontium_bridge_lt8912.o
                0x22000530                video
 .bss.g_message_sent
                0x22000534        0x1 ./src/mipi_dsi_ep.o
                0x22000534                g_message_sent
 .bss.g_vsync_flag
                0x22000535        0x1 ./src/mipi_dsi_ep.o
                0x22000535                g_vsync_flag
 *fill*         0x22000536        0x2 
 .bss.g_phy_status
                0x22000538        0x4 ./src/mipi_dsi_ep.o
                0x22000538                g_phy_status
 .bss.gp_frame_buffer
                0x2200053c        0x4 ./src/mipi_dsi_ep.o
                0x2200053c                gp_frame_buffer
 .bss.gp_double_buffer
                0x22000540        0x4 ./src/mipi_dsi_ep.o
                0x22000540                gp_double_buffer
 .bss.gp_single_buffer
                0x22000544        0x4 ./src/mipi_dsi_ep.o
                0x22000544                gp_single_buffer
 .bss.g_hstride
                0x22000548        0x4 ./src/mipi_dsi_ep.o
                0x22000548                g_hstride
 .bss.g_buffer_size
                0x2200054c        0x4 ./src/mipi_dsi_ep.o
                0x2200054c                g_buffer_size
 .bss.g_vr_size
                0x22000550        0x2 ./src/mipi_dsi_ep.o
                0x22000550                g_vr_size
 .bss.g_hz_size
                0x22000552        0x2 ./src/mipi_dsi_ep.o
                0x22000552                g_hz_size
 .bss.g_uart_event
                0x22000554        0x1 ./src/uart_ep.o
 .bss.g_data_received_flag
                0x22000555        0x1 ./src/uart_ep.o
 .bss.g_counter_var
                0x22000556        0x1 ./src/uart_ep.o
 *fill*         0x22000557        0x1 
 .bss.g_ioport_ctrl
                0x22000558        0x8 ./ra_gen/common_data.o
                0x22000558                g_ioport_ctrl
 .bss.g_display_ctrl
                0x22000560       0x10 ./ra_gen/common_data.o
                0x22000560                g_display_ctrl
 .bss.g_mipi_dsi0_ctrl
                0x22000570       0x18 ./ra_gen/common_data.o
                0x22000570                g_mipi_dsi0_ctrl
 .bss.g_mipi_phy0_ctrl
                0x22000588        0x8 ./ra_gen/common_data.o
                0x22000588                g_mipi_phy0_ctrl
 .bss.g_i2c_master0_ctrl
                0x22000590       0x40 ./ra_gen/hal_data.o
                0x22000590                g_i2c_master0_ctrl
 .bss.g_uart4_ctrl
                0x220005d0       0x30 ./ra_gen/hal_data.o
                0x220005d0                g_uart4_ctrl
 .bss.g_video_started
                0x22000600        0x1 ./ra/fsp/src/r_mipi_dsi/r_mipi_dsi.o
 .bss.g_clock_state
                0x22000601        0x1 ./ra/fsp/src/r_mipi_dsi/r_mipi_dsi.o
 *fill*         0x22000602        0x2 
 .bss.g_frame_ctr
                0x22000604        0x4 ./ra/fsp/src/r_glcdc/r_glcdc.o
 .bss.g_fade_pending
                0x22000608        0x8 ./ra/fsp/src/r_glcdc/r_glcdc.o
 .bss.g_ctrl_blk
                0x22000610        0xc ./ra/fsp/src/r_glcdc/r_glcdc.o
 *fill*         0x2200061c        0x4 
 .bss.g_bsp_group_irq_sources
                0x22000620       0x40 ./ra/fsp/src/bsp/mcu/all/bsp_group_irq.o
                0x22000620                g_bsp_group_irq_sources
 .bss.g_protect_pfswe_counter
                0x22000660        0x4 ./ra/fsp/src/bsp/mcu/all/bsp_io.o
                0x22000660                g_protect_pfswe_counter
 *fill*         0x22000664        0x4 
 .bss.gp_renesas_isr_context
                0x22000668       0x3c ./ra/fsp/src/bsp/mcu/all/bsp_irq.o
                0x22000668                gp_renesas_isr_context
 .bss.g_protect_counters
                0x220006a4        0xa ./ra/fsp/src/bsp/mcu/all/bsp_register_protection.o
                0x220006a4                g_protect_counters
 *fill*         0x220006ae        0x2 
 .bss.SystemCoreClock
                0x220006b0        0x4 ./ra/fsp/src/bsp/cmsis/Device/RENESAS/Source/system.o
                0x220006b0                SystemCoreClock
 .bss.__sf      0x220006b4      0x138 C:/Program Files (x86)/Arm GNU Toolchain arm-none-eabi/13.3 rel1/bin/../lib/gcc/arm-none-eabi/13.3.1/thumb/v8-m.main+dp/hard\libg_nano.a(libc_a-findfp.o)
                0x220006b4                __sf
 .bss.__stdio_exit_handler
                0x220007ec        0x4 C:/Program Files (x86)/Arm GNU Toolchain arm-none-eabi/13.3 rel1/bin/../lib/gcc/arm-none-eabi/13.3.1/thumb/v8-m.main+dp/hard\libg_nano.a(libc_a-findfp.o)
                0x220007ec                __stdio_exit_handler
 .bss.errno     0x220007f0        0x4 C:/Program Files (x86)/Arm GNU Toolchain arm-none-eabi/13.3 rel1/bin/../lib/gcc/arm-none-eabi/13.3.1/thumb/v8-m.main+dp/hard\libg_nano.a(libc_a-reent.o)
                0x220007f0                errno
 .bss.__lock___malloc_recursive_mutex
                0x220007f4        0x1 C:/Program Files (x86)/Arm GNU Toolchain arm-none-eabi/13.3 rel1/bin/../lib/gcc/arm-none-eabi/13.3.1/thumb/v8-m.main+dp/hard\libg_nano.a(libc_a-lock.o)
                0x220007f4                __lock___malloc_recursive_mutex
 .bss.__lock___sfp_recursive_mutex
                0x220007f5        0x1 C:/Program Files (x86)/Arm GNU Toolchain arm-none-eabi/13.3 rel1/bin/../lib/gcc/arm-none-eabi/13.3.1/thumb/v8-m.main+dp/hard\libg_nano.a(libc_a-lock.o)
                0x220007f5                __lock___sfp_recursive_mutex
 *fill*         0x220007f6        0x2 
 .bss.__malloc_sbrk_start
                0x220007f8        0x4 C:/Program Files (x86)/Arm GNU Toolchain arm-none-eabi/13.3 rel1/bin/../lib/gcc/arm-none-eabi/13.3.1/thumb/v8-m.main+dp/hard\libg_nano.a(libc_a-mallocr.o)
                0x220007f8                __malloc_sbrk_start
 .bss.__malloc_free_list
                0x220007fc        0x4 C:/Program Files (x86)/Arm GNU Toolchain arm-none-eabi/13.3 rel1/bin/../lib/gcc/arm-none-eabi/13.3.1/thumb/v8-m.main+dp/hard\libg_nano.a(libc_a-mallocr.o)
                0x220007fc                __malloc_free_list
                0x22000800                        __ram_zero$$Limit = .

__ram_thread_stack$$
                0x22000800        0x0 load address 0x02000148
                0x22000800                        __ram_thread_stack$$Base = .
 *(.stack?*)
                0x22000800                        __ram_thread_stack$$Limit = .

.ram.endof      0x22002000        0x0
                0x22002000                        __ddsc_RAM_END = .

.ram.flat_nsc   0x22002000        0x0
                0x22002000                        __sau_ddsc_RAM_NSC = .

__flash_readonly$$
                0x02000148     0x5150
                0x02000148                        __flash_readonly$$Base = .
 *(.flash)
 *(.flash_code)
 *(.text*)
 .text.deregister_tm_clones
                0x02000148       0x1c C:/Program Files (x86)/Arm GNU Toolchain arm-none-eabi/13.3 rel1/bin/../lib/gcc/arm-none-eabi/13.3.1/thumb/v8-m.main+dp/hard/crtbegin.o
 .text.register_tm_clones
                0x02000164       0x28 C:/Program Files (x86)/Arm GNU Toolchain arm-none-eabi/13.3 rel1/bin/../lib/gcc/arm-none-eabi/13.3.1/thumb/v8-m.main+dp/hard/crtbegin.o
 .text.__do_global_dtors_aux
                0x0200018c       0x28 C:/Program Files (x86)/Arm GNU Toolchain arm-none-eabi/13.3 rel1/bin/../lib/gcc/arm-none-eabi/13.3.1/thumb/v8-m.main+dp/hard/crtbegin.o
 .text.frame_dummy
                0x020001b4       0x24 C:/Program Files (x86)/Arm GNU Toolchain arm-none-eabi/13.3 rel1/bin/../lib/gcc/arm-none-eabi/13.3.1/thumb/v8-m.main+dp/hard/crtbegin.o
 .text._write   0x020001d8       0x10 ./src/hal_entry.o
                0x020001d8                _write
 .text.hal_entry
                0x020001e8       0xd0 ./src/hal_entry.o
                0x020001e8                hal_entry
 .text.R_BSP_WarmStart
                0x020002b8       0x24 ./src/hal_warmstart.o
                0x020002b8                R_BSP_WarmStart
 .text.I2C_WriteByte
                0x020002dc       0xc0 ./src/i2c_controller.o
                0x020002dc                I2C_WriteByte
 .text.I2C_ReadByte
                0x0200039c       0xc0 ./src/i2c_controller.o
                0x0200039c                I2C_ReadByte
 .text.i2c_master_callback
                0x0200045c       0x10 ./src/i2c_controller.o
                0x0200045c                i2c_master_callback
 .text.AviInfoframe
                0x0200046c       0x68 ./src/lontium_bridge_lt8912.o
                0x0200046c                AviInfoframe
 .text.MIPI_Video_Setup
                0x020004d4       0xc0 ./src/lontium_bridge_lt8912.o
                0x020004d4                MIPI_Video_Setup
 .text.MIPIRxLogicRes
                0x02000594       0x44 ./src/lontium_bridge_lt8912.o
                0x02000594                MIPIRxLogicRes
 .text.MIPI_Input_det
                0x020005d8      0x110 ./src/lontium_bridge_lt8912.o
                0x020005d8                MIPI_Input_det
 .text.LT8912_Get_HPD
                0x020006e8       0x30 ./src/lontium_bridge_lt8912.o
                0x020006e8                LT8912_Get_HPD
 .text.HDMI_Test_Pattern
                0x02000718      0x268 ./src/lontium_bridge_lt8912.o
                0x02000718                HDMI_Test_Pattern
 .text.mipi_dsi_callback
                0x02000980       0x30 ./src/mipi_dsi_ep.o
                0x02000980                mipi_dsi_callback
 .text.mipi_dsi_start_display
                0x020009b0      0x15c ./src/mipi_dsi_ep.o
                0x020009b0                mipi_dsi_start_display
 .text.mipi_dsi_entry
                0x02000b0c       0x38 ./src/mipi_dsi_ep.o
                0x02000b0c                mipi_dsi_entry
 .text.glcdc_callback
                0x02000b44       0x14 ./src/mipi_dsi_ep.o
                0x02000b44                glcdc_callback
 .text._close   0x02000b58        0x4 ./src/system.o
                0x02000b58                _close
 .text._fstat   0x02000b5c        0x4 ./src/system.o
                0x02000b5c                _fstat
 .text._isatty  0x02000b60        0xc ./src/system.o
                0x02000b60                _isatty
 .text._lseek   0x02000b6c        0x4 ./src/system.o
                0x02000b6c                _lseek
 .text._read    0x02000b70        0x4 ./src/system.o
                0x02000b70                _read
 .text.uart_initialize
                0x02000b74       0x10 ./src/uart_ep.o
                0x02000b74                uart_initialize
 .text.uart_print_user_msg
                0x02000b84       0x48 ./src/uart_ep.o
                0x02000b84                uart_print_user_msg
 .text.usart_callback
                0x02000bcc       0x40 ./src/uart_ep.o
                0x02000bcc                usart_callback
 .text.startup.main
                0x02000c0c        0xc ./ra_gen/main.o
                0x02000c0c                main
 .text.R_SCI_B_UART_Write
                0x02000c18       0x40 ./ra/fsp/src/r_sci_b_uart/r_sci_b_uart.o
                0x02000c18                R_SCI_B_UART_Write
 .text.r_sci_b_irq_cfg
                0x02000c58       0x70 ./ra/fsp/src/r_sci_b_uart/r_sci_b_uart.o
 .text.r_sci_b_uart_call_callback
                0x02000cc8       0x44 ./ra/fsp/src/r_sci_b_uart/r_sci_b_uart.o
 .text.R_SCI_B_UART_Open
                0x02000d0c      0x284 ./ra/fsp/src/r_sci_b_uart/r_sci_b_uart.o
                0x02000d0c                R_SCI_B_UART_Open
 .text.sci_b_uart_txi_isr
                0x02000f90       0x90 ./ra/fsp/src/r_sci_b_uart/r_sci_b_uart.o
                0x02000f90                sci_b_uart_txi_isr
 .text.sci_b_uart_rxi_isr
                0x02001020       0x90 ./ra/fsp/src/r_sci_b_uart/r_sci_b_uart.o
                0x02001020                sci_b_uart_rxi_isr
 .text.sci_b_uart_tei_isr
                0x020010b0       0x4c ./ra/fsp/src/r_sci_b_uart/r_sci_b_uart.o
                0x020010b0                sci_b_uart_tei_isr
 .text.sci_b_uart_eri_isr
                0x020010fc       0x84 ./ra/fsp/src/r_sci_b_uart/r_sci_b_uart.o
                0x020010fc                sci_b_uart_eri_isr
 .text.r_mipi_phy_close
                0x02001180       0x28 ./ra/fsp/src/r_mipi_phy/r_mipi_phy.o
                0x02001180                r_mipi_phy_close
 .text.r_mipi_phy_open
                0x020011a8       0xec ./ra/fsp/src/r_mipi_phy/r_mipi_phy.o
                0x020011a8                r_mipi_phy_open
 .text.R_MIPI_DSI_UlpsEnter
                0x02001294       0x58 ./ra/fsp/src/r_mipi_dsi/r_mipi_dsi.o
                0x02001294                R_MIPI_DSI_UlpsEnter
 .text.R_MIPI_DSI_UlpsExit
                0x020012ec       0x50 ./ra/fsp/src/r_mipi_dsi/r_mipi_dsi.o
                0x020012ec                R_MIPI_DSI_UlpsExit
 .text.R_MIPI_DSI_StatusGet
                0x0200133c       0x20 ./ra/fsp/src/r_mipi_dsi/r_mipi_dsi.o
                0x0200133c                R_MIPI_DSI_StatusGet
 .text.dsi_call_callback
                0x0200135c       0x3c ./ra/fsp/src/r_mipi_dsi/r_mipi_dsi.o
 .text.R_MIPI_DSI_Start
                0x02001398       0x68 ./ra/fsp/src/r_mipi_dsi/r_mipi_dsi.o
                0x02001398                R_MIPI_DSI_Start
 .text.R_MIPI_DSI_Command
                0x02001400      0x114 ./ra/fsp/src/r_mipi_dsi/r_mipi_dsi.o
                0x02001400                R_MIPI_DSI_Command
 .text.R_MIPI_DSI_Stop
                0x02001514       0x40 ./ra/fsp/src/r_mipi_dsi/r_mipi_dsi.o
                0x02001514                R_MIPI_DSI_Stop
 .text.R_MIPI_DSI_Open
                0x02001554      0x554 ./ra/fsp/src/r_mipi_dsi/r_mipi_dsi.o
                0x02001554                R_MIPI_DSI_Open
 .text.R_MIPI_DSI_Close
                0x02001aa8      0x194 ./ra/fsp/src/r_mipi_dsi/r_mipi_dsi.o
                0x02001aa8                R_MIPI_DSI_Close
 .text.mipi_dsi_seq0_isr
                0x02001c3c       0x54 ./ra/fsp/src/r_mipi_dsi/r_mipi_dsi.o
                0x02001c3c                mipi_dsi_seq0_isr
 .text.mipi_dsi_seq1_isr
                0x02001c90       0x54 ./ra/fsp/src/r_mipi_dsi/r_mipi_dsi.o
                0x02001c90                mipi_dsi_seq1_isr
 .text.mipi_dsi_vin1_isr
                0x02001ce4       0xe4 ./ra/fsp/src/r_mipi_dsi/r_mipi_dsi.o
                0x02001ce4                mipi_dsi_vin1_isr
 .text.mipi_dsi_rcv_isr
                0x02001dc8       0x64 ./ra/fsp/src/r_mipi_dsi/r_mipi_dsi.o
                0x02001dc8                mipi_dsi_rcv_isr
 .text.mipi_dsi_ferr_isr
                0x02001e2c       0x54 ./ra/fsp/src/r_mipi_dsi/r_mipi_dsi.o
                0x02001e2c                mipi_dsi_ferr_isr
 .text.mipi_dsi_ppi_isr
                0x02001e80       0x78 ./ra/fsp/src/r_mipi_dsi/r_mipi_dsi.o
                0x02001e80                mipi_dsi_ppi_isr
 .text.bsp_vbatt_init
                0x02001ef8       0xec ./ra/fsp/src/r_ioport/r_ioport.o
 .text.r_ioport_pins_config
                0x02001fe4       0xac ./ra/fsp/src/r_ioport/r_ioport.o
 .text.R_IOPORT_Open
                0x02002090       0x14 ./ra/fsp/src/r_ioport/r_ioport.o
                0x02002090                R_IOPORT_Open
 .text.iic_master_notify
                0x020020a4       0x3c ./ra/fsp/src/r_iic_master/r_iic_master.o
 .text.iic_master_run_hw_master
                0x020020e0      0x114 ./ra/fsp/src/r_iic_master/r_iic_master.o
 .text.R_IIC_MASTER_SlaveAddressSet
                0x020021f4       0x3c ./ra/fsp/src/r_iic_master/r_iic_master.o
                0x020021f4                R_IIC_MASTER_SlaveAddressSet
 .text.R_IIC_MASTER_Read
                0x02002230       0x60 ./ra/fsp/src/r_iic_master/r_iic_master.o
                0x02002230                R_IIC_MASTER_Read
 .text.R_IIC_MASTER_Write
                0x02002290       0x68 ./ra/fsp/src/r_iic_master/r_iic_master.o
                0x02002290                R_IIC_MASTER_Write
 .text.iic_master_open_hw_master
                0x020022f8      0x238 ./ra/fsp/src/r_iic_master/r_iic_master.o
 .text.R_IIC_MASTER_Open
                0x02002530       0xe8 ./ra/fsp/src/r_iic_master/r_iic_master.o
                0x02002530                R_IIC_MASTER_Open
 .text.iic_master_rxi_isr
                0x02002618      0x194 ./ra/fsp/src/r_iic_master/r_iic_master.o
                0x02002618                iic_master_rxi_isr
 .text.iic_master_txi_isr
                0x020027ac      0x124 ./ra/fsp/src/r_iic_master/r_iic_master.o
                0x020027ac                iic_master_txi_isr
 .text.iic_master_tei_isr
                0x020028d0       0xe4 ./ra/fsp/src/r_iic_master/r_iic_master.o
                0x020028d0                iic_master_tei_isr
 .text.iic_master_eri_isr
                0x020029b4      0x140 ./ra/fsp/src/r_iic_master/r_iic_master.o
                0x020029b4                iic_master_eri_isr
 .text.R_GLCDC_Start
                0x02002af4       0x3c ./ra/fsp/src/r_glcdc/r_glcdc.o
                0x02002af4                R_GLCDC_Start
 .text.R_GLCDC_BufferChange
                0x02002b30       0x60 ./ra/fsp/src/r_glcdc/r_glcdc.o
                0x02002b30                R_GLCDC_BufferChange
 .text.r_glcdc_graphics_layer_set
                0x02002b90      0x2d8 ./ra/fsp/src/r_glcdc/r_glcdc.o
 .text.R_GLCDC_Open
                0x02002e68      0x418 ./ra/fsp/src/r_glcdc/r_glcdc.o
                0x02002e68                R_GLCDC_Open
 .text.glcdc_line_detect_isr
                0x02003280       0x84 ./ra/fsp/src/r_glcdc/r_glcdc.o
                0x02003280                glcdc_line_detect_isr
 .text.SystemCoreClockUpdate
                0x02003304       0x8c ./ra/fsp/src/bsp/mcu/all/bsp_clocks.o
                0x02003304                SystemCoreClockUpdate
 .text.bsp_clock_init
                0x02003390      0x1c4 ./ra/fsp/src/bsp/mcu/all/bsp_clocks.o
                0x02003390                bsp_clock_init
 .text.R_BSP_Init_RTC
                0x02003554       0xb0 ./ra/fsp/src/bsp/mcu/all/bsp_clocks.o
                0x02003554                R_BSP_Init_RTC
 .text.bsp_init_internal
                0x02003604        0x4 ./ra/fsp/src/bsp/mcu/all/bsp_common.o
                0x02003604                bsp_init_internal
                0x02003604                bsp_init
 .text.bsp_prv_software_delay_loop
                0x02003608        0xc ./ra/fsp/src/bsp/mcu/all/bsp_delay.o
                0x02003608                bsp_prv_software_delay_loop
 .text.R_BSP_SoftwareDelay
                0x02003614       0x88 ./ra/fsp/src/bsp/mcu/all/bsp_delay.o
                0x02003614                R_BSP_SoftwareDelay
 .text.NMI_Handler
                0x0200369c       0x44 ./ra/fsp/src/bsp/mcu/all/bsp_group_irq.o
                0x0200369c                NMI_Handler
 .text.bsp_irq_cfg
                0x020036e0       0x2c ./ra/fsp/src/bsp/mcu/all/bsp_irq.o
                0x020036e0                bsp_irq_cfg
 .text.R_BSP_RegisterProtectEnable
                0x0200370c       0x60 ./ra/fsp/src/bsp/mcu/all/bsp_register_protection.o
                0x0200370c                R_BSP_RegisterProtectEnable
 .text.R_BSP_RegisterProtectDisable
                0x0200376c       0x54 ./ra/fsp/src/bsp/mcu/all/bsp_register_protection.o
                0x0200376c                R_BSP_RegisterProtectDisable
 .text._sbrk    0x020037c0       0x14 ./ra/fsp/src/bsp/mcu/all/bsp_sbrk.o
                0x020037c0                _sbrk
 .text.R_BSP_SdramInit
                0x020037d4       0xcc ./ra/fsp/src/bsp/mcu/all/bsp_sdram.o
                0x020037d4                R_BSP_SdramInit
 .text.Default_Handler
                0x020038a0        0x4 ./ra/fsp/src/bsp/cmsis/Device/RENESAS/Source/startup.o
                0x020038a0                DebugMon_Handler
                0x020038a0                HardFault_Handler
                0x020038a0                SysTick_Handler
                0x020038a0                PendSV_Handler
                0x020038a0                UsageFault_Handler
                0x020038a0                SecureFault_Handler
                0x020038a0                Default_Handler
                0x020038a0                MemManage_Handler
                0x020038a0                SVC_Handler
                0x020038a0                BusFault_Handler
 .text.Reset_Handler
                0x020038a4        0xc ./ra/fsp/src/bsp/cmsis/Device/RENESAS/Source/startup.o
                0x020038a4                Reset_Handler
 .text.SystemRuntimeInit
                0x020038b0       0x64 ./ra/fsp/src/bsp/cmsis/Device/RENESAS/Source/system.o
 *fill*         0x02003914        0x4 
 .text.SystemInit
                0x02003918      0x1ec ./ra/fsp/src/bsp/cmsis/Device/RENESAS/Source/system.o
                0x02003918                SystemInit
 .text.std      0x02003b04       0x6c C:/Program Files (x86)/Arm GNU Toolchain arm-none-eabi/13.3 rel1/bin/../lib/gcc/arm-none-eabi/13.3.1/thumb/v8-m.main+dp/hard\libg_nano.a(libc_a-findfp.o)
 .text.stdio_exit_handler
                0x02003b70       0x18 C:/Program Files (x86)/Arm GNU Toolchain arm-none-eabi/13.3 rel1/bin/../lib/gcc/arm-none-eabi/13.3.1/thumb/v8-m.main+dp/hard\libg_nano.a(libc_a-findfp.o)
 .text.cleanup_stdio
                0x02003b88       0x40 C:/Program Files (x86)/Arm GNU Toolchain arm-none-eabi/13.3 rel1/bin/../lib/gcc/arm-none-eabi/13.3.1/thumb/v8-m.main+dp/hard\libg_nano.a(libc_a-findfp.o)
 .text.global_stdio_init.part.0
                0x02003bc8       0x3c C:/Program Files (x86)/Arm GNU Toolchain arm-none-eabi/13.3 rel1/bin/../lib/gcc/arm-none-eabi/13.3.1/thumb/v8-m.main+dp/hard\libg_nano.a(libc_a-findfp.o)
 .text.__sfp_lock_acquire
                0x02003c04        0xc C:/Program Files (x86)/Arm GNU Toolchain arm-none-eabi/13.3 rel1/bin/../lib/gcc/arm-none-eabi/13.3.1/thumb/v8-m.main+dp/hard\libg_nano.a(libc_a-findfp.o)
                0x02003c04                __sfp_lock_acquire
 .text.__sfp_lock_release
                0x02003c10        0xc C:/Program Files (x86)/Arm GNU Toolchain arm-none-eabi/13.3 rel1/bin/../lib/gcc/arm-none-eabi/13.3.1/thumb/v8-m.main+dp/hard\libg_nano.a(libc_a-findfp.o)
                0x02003c10                __sfp_lock_release
 .text.__sinit  0x02003c1c       0x30 C:/Program Files (x86)/Arm GNU Toolchain arm-none-eabi/13.3 rel1/bin/../lib/gcc/arm-none-eabi/13.3.1/thumb/v8-m.main+dp/hard\libg_nano.a(libc_a-findfp.o)
                0x02003c1c                __sinit
 .text._fwalk_sglue
                0x02003c4c       0x3c C:/Program Files (x86)/Arm GNU Toolchain arm-none-eabi/13.3 rel1/bin/../lib/gcc/arm-none-eabi/13.3.1/thumb/v8-m.main+dp/hard\libg_nano.a(libc_a-fwalk.o)
                0x02003c4c                _fwalk_sglue
 .text.printf   0x02003c88       0x24 C:/Program Files (x86)/Arm GNU Toolchain arm-none-eabi/13.3 rel1/bin/../lib/gcc/arm-none-eabi/13.3.1/thumb/v8-m.main+dp/hard\libg_nano.a(libc_a-printf.o)
                0x02003c88                iprintf
                0x02003c88                printf
 .text._puts_r  0x02003cac       0xaa C:/Program Files (x86)/Arm GNU Toolchain arm-none-eabi/13.3 rel1/bin/../lib/gcc/arm-none-eabi/13.3.1/thumb/v8-m.main+dp/hard\libg_nano.a(libc_a-puts.o)
                0x02003cac                _puts_r
 *fill*         0x02003d56        0x2 
 .text.puts     0x02003d58       0x10 C:/Program Files (x86)/Arm GNU Toolchain arm-none-eabi/13.3 rel1/bin/../lib/gcc/arm-none-eabi/13.3.1/thumb/v8-m.main+dp/hard\libg_nano.a(libc_a-puts.o)
                0x02003d58                puts
 .text.__sread  0x02003d68       0x22 C:/Program Files (x86)/Arm GNU Toolchain arm-none-eabi/13.3 rel1/bin/../lib/gcc/arm-none-eabi/13.3.1/thumb/v8-m.main+dp/hard\libg_nano.a(libc_a-stdio.o)
                0x02003d68                __sread
 .text.__swrite
                0x02003d8a       0x38 C:/Program Files (x86)/Arm GNU Toolchain arm-none-eabi/13.3 rel1/bin/../lib/gcc/arm-none-eabi/13.3.1/thumb/v8-m.main+dp/hard\libg_nano.a(libc_a-stdio.o)
                0x02003d8a                __swrite
 .text.__sseek  0x02003dc2       0x24 C:/Program Files (x86)/Arm GNU Toolchain arm-none-eabi/13.3 rel1/bin/../lib/gcc/arm-none-eabi/13.3.1/thumb/v8-m.main+dp/hard\libg_nano.a(libc_a-stdio.o)
                0x02003dc2                __sseek
 .text.__sclose
                0x02003de6        0x8 C:/Program Files (x86)/Arm GNU Toolchain arm-none-eabi/13.3 rel1/bin/../lib/gcc/arm-none-eabi/13.3.1/thumb/v8-m.main+dp/hard\libg_nano.a(libc_a-stdio.o)
                0x02003de6                __sclose
 .text.__swbuf_r
                0x02003dee       0x7c C:/Program Files (x86)/Arm GNU Toolchain arm-none-eabi/13.3 rel1/bin/../lib/gcc/arm-none-eabi/13.3.1/thumb/v8-m.main+dp/hard\libg_nano.a(libc_a-wbuf.o)
                0x02003dee                __swbuf_r
 *fill*         0x02003e6a        0x2 
 .text.__swsetup_r
                0x02003e6c       0xac C:/Program Files (x86)/Arm GNU Toolchain arm-none-eabi/13.3 rel1/bin/../lib/gcc/arm-none-eabi/13.3.1/thumb/v8-m.main+dp/hard\libg_nano.a(libc_a-wsetup.o)
                0x02003e6c                __swsetup_r
 .text.memset   0x02003f18       0x10 C:/Program Files (x86)/Arm GNU Toolchain arm-none-eabi/13.3 rel1/bin/../lib/gcc/arm-none-eabi/13.3.1/thumb/v8-m.main+dp/hard\libg_nano.a(libc_a-memset.o)
                0x02003f18                memset
 .text._close_r
                0x02003f28       0x20 C:/Program Files (x86)/Arm GNU Toolchain arm-none-eabi/13.3 rel1/bin/../lib/gcc/arm-none-eabi/13.3.1/thumb/v8-m.main+dp/hard\libg_nano.a(libc_a-closer.o)
                0x02003f28                _close_r
 .text._lseek_r
                0x02003f48       0x24 C:/Program Files (x86)/Arm GNU Toolchain arm-none-eabi/13.3 rel1/bin/../lib/gcc/arm-none-eabi/13.3.1/thumb/v8-m.main+dp/hard\libg_nano.a(libc_a-lseekr.o)
                0x02003f48                _lseek_r
 .text._read_r  0x02003f6c       0x24 C:/Program Files (x86)/Arm GNU Toolchain arm-none-eabi/13.3 rel1/bin/../lib/gcc/arm-none-eabi/13.3.1/thumb/v8-m.main+dp/hard\libg_nano.a(libc_a-readr.o)
                0x02003f6c                _read_r
 .text._write_r
                0x02003f90       0x24 C:/Program Files (x86)/Arm GNU Toolchain arm-none-eabi/13.3 rel1/bin/../lib/gcc/arm-none-eabi/13.3.1/thumb/v8-m.main+dp/hard\libg_nano.a(libc_a-writer.o)
                0x02003f90                _write_r
 .text.__errno  0x02003fb4        0xc C:/Program Files (x86)/Arm GNU Toolchain arm-none-eabi/13.3 rel1/bin/../lib/gcc/arm-none-eabi/13.3.1/thumb/v8-m.main+dp/hard\libg_nano.a(libc_a-errno.o)
                0x02003fb4                __errno
 .text.__retarget_lock_init_recursive
                0x02003fc0        0x2 C:/Program Files (x86)/Arm GNU Toolchain arm-none-eabi/13.3 rel1/bin/../lib/gcc/arm-none-eabi/13.3.1/thumb/v8-m.main+dp/hard\libg_nano.a(libc_a-lock.o)
                0x02003fc0                __retarget_lock_init_recursive
 .text.__retarget_lock_acquire_recursive
                0x02003fc2        0x2 C:/Program Files (x86)/Arm GNU Toolchain arm-none-eabi/13.3 rel1/bin/../lib/gcc/arm-none-eabi/13.3.1/thumb/v8-m.main+dp/hard\libg_nano.a(libc_a-lock.o)
                0x02003fc2                __retarget_lock_acquire_recursive
 .text.__retarget_lock_release_recursive
                0x02003fc4        0x2 C:/Program Files (x86)/Arm GNU Toolchain arm-none-eabi/13.3 rel1/bin/../lib/gcc/arm-none-eabi/13.3.1/thumb/v8-m.main+dp/hard\libg_nano.a(libc_a-lock.o)
                0x02003fc4                __retarget_lock_release_recursive
 .text.memcpy   0x02003fc6       0x1a C:/Program Files (x86)/Arm GNU Toolchain arm-none-eabi/13.3 rel1/bin/../lib/gcc/arm-none-eabi/13.3.1/thumb/v8-m.main+dp/hard\libg_nano.a(libc_a-memcpy-stub.o)
                0x02003fc6                memcpy
 .text          0x02003fe0       0x10 C:/Program Files (x86)/Arm GNU Toolchain arm-none-eabi/13.3 rel1/bin/../lib/gcc/arm-none-eabi/13.3.1/thumb/v8-m.main+dp/hard\libg_nano.a(libc_a-strlen.o)
                0x02003fe0                strlen
 .text._free_r  0x02003ff0       0x94 C:/Program Files (x86)/Arm GNU Toolchain arm-none-eabi/13.3 rel1/bin/../lib/gcc/arm-none-eabi/13.3.1/thumb/v8-m.main+dp/hard\libg_nano.a(libc_a-freer.o)
                0x02003ff0                _free_r
 .text.sbrk_aligned
                0x02004084       0x44 C:/Program Files (x86)/Arm GNU Toolchain arm-none-eabi/13.3 rel1/bin/../lib/gcc/arm-none-eabi/13.3.1/thumb/v8-m.main+dp/hard\libg_nano.a(libc_a-mallocr.o)
 .text._malloc_r
                0x020040c8      0x100 C:/Program Files (x86)/Arm GNU Toolchain arm-none-eabi/13.3 rel1/bin/../lib/gcc/arm-none-eabi/13.3.1/thumb/v8-m.main+dp/hard\libg_nano.a(libc_a-mallocr.o)
                0x020040c8                _malloc_r
 .text.__malloc_lock
                0x020041c8        0xc C:/Program Files (x86)/Arm GNU Toolchain arm-none-eabi/13.3 rel1/bin/../lib/gcc/arm-none-eabi/13.3.1/thumb/v8-m.main+dp/hard\libg_nano.a(libc_a-mlock.o)
                0x020041c8                __malloc_lock
 .text.__malloc_unlock
                0x020041d4        0xc C:/Program Files (x86)/Arm GNU Toolchain arm-none-eabi/13.3 rel1/bin/../lib/gcc/arm-none-eabi/13.3.1/thumb/v8-m.main+dp/hard\libg_nano.a(libc_a-mlock.o)
                0x020041d4                __malloc_unlock
 .text.__sfputc_r
                0x020041e0       0x2e C:/Program Files (x86)/Arm GNU Toolchain arm-none-eabi/13.3 rel1/bin/../lib/gcc/arm-none-eabi/13.3.1/thumb/v8-m.main+dp/hard\libg_nano.a(libc_a-nano-vfprintf.o)
 .text.__sfputs_r
                0x0200420e       0x24 C:/Program Files (x86)/Arm GNU Toolchain arm-none-eabi/13.3 rel1/bin/../lib/gcc/arm-none-eabi/13.3.1/thumb/v8-m.main+dp/hard\libg_nano.a(libc_a-nano-vfprintf.o)
                0x0200420e                __sfputs_r
 *fill*         0x02004232        0x2 
 .text._vfprintf_r
                0x02004234      0x230 C:/Program Files (x86)/Arm GNU Toolchain arm-none-eabi/13.3 rel1/bin/../lib/gcc/arm-none-eabi/13.3.1/thumb/v8-m.main+dp/hard\libg_nano.a(libc_a-nano-vfprintf.o)
                0x02004234                _vfprintf_r
                0x02004234                _vfiprintf_r
 .text._printf_common
                0x02004464       0xe4 C:/Program Files (x86)/Arm GNU Toolchain arm-none-eabi/13.3 rel1/bin/../lib/gcc/arm-none-eabi/13.3.1/thumb/v8-m.main+dp/hard\libg_nano.a(libc_a-nano-vfprintf_i.o)
                0x02004464                _printf_common
 .text._printf_i
                0x02004548      0x23c C:/Program Files (x86)/Arm GNU Toolchain arm-none-eabi/13.3 rel1/bin/../lib/gcc/arm-none-eabi/13.3.1/thumb/v8-m.main+dp/hard\libg_nano.a(libc_a-nano-vfprintf_i.o)
                0x02004548                _printf_i
 .text.__sflush_r
                0x02004784      0x108 C:/Program Files (x86)/Arm GNU Toolchain arm-none-eabi/13.3 rel1/bin/../lib/gcc/arm-none-eabi/13.3.1/thumb/v8-m.main+dp/hard\libg_nano.a(libc_a-fflush.o)
                0x02004784                __sflush_r
 .text._fflush_r
                0x0200488c       0x50 C:/Program Files (x86)/Arm GNU Toolchain arm-none-eabi/13.3 rel1/bin/../lib/gcc/arm-none-eabi/13.3.1/thumb/v8-m.main+dp/hard\libg_nano.a(libc_a-fflush.o)
                0x0200488c                _fflush_r
 .text.__swhatbuf_r
                0x020048dc       0x4a C:/Program Files (x86)/Arm GNU Toolchain arm-none-eabi/13.3 rel1/bin/../lib/gcc/arm-none-eabi/13.3.1/thumb/v8-m.main+dp/hard\libg_nano.a(libc_a-makebuf.o)
                0x020048dc                __swhatbuf_r
 .text.__smakebuf_r
                0x02004926       0x78 C:/Program Files (x86)/Arm GNU Toolchain arm-none-eabi/13.3 rel1/bin/../lib/gcc/arm-none-eabi/13.3.1/thumb/v8-m.main+dp/hard\libg_nano.a(libc_a-makebuf.o)
                0x02004926                __smakebuf_r
 *fill*         0x0200499e        0x2 
 .text._fstat_r
                0x020049a0       0x24 C:/Program Files (x86)/Arm GNU Toolchain arm-none-eabi/13.3 rel1/bin/../lib/gcc/arm-none-eabi/13.3.1/thumb/v8-m.main+dp/hard\libg_nano.a(libc_a-fstatr.o)
                0x020049a0                _fstat_r
 .text._isatty_r
                0x020049c4       0x20 C:/Program Files (x86)/Arm GNU Toolchain arm-none-eabi/13.3 rel1/bin/../lib/gcc/arm-none-eabi/13.3.1/thumb/v8-m.main+dp/hard\libg_nano.a(libc_a-isattyr.o)
                0x020049c4                _isatty_r
 .text._sbrk_r  0x020049e4       0x20 C:/Program Files (x86)/Arm GNU Toolchain arm-none-eabi/13.3 rel1/bin/../lib/gcc/arm-none-eabi/13.3.1/thumb/v8-m.main+dp/hard\libg_nano.a(libc_a-sbrkr.o)
                0x020049e4                _sbrk_r
 .text.memchr   0x02004a04       0x1c C:/Program Files (x86)/Arm GNU Toolchain arm-none-eabi/13.3 rel1/bin/../lib/gcc/arm-none-eabi/13.3.1/thumb/v8-m.main+dp/hard\libg_nano.a(libc_a-memchr-stub.o)
                0x02004a04                memchr
 *(.rodata*)
 .rodata.hal_entry.str1.4
                0x02004a20      0x21e ./src/hal_entry.o
                                  0xf (size before relaxing)
 .rodata.I2C_WriteByte.str1.4
                0x02004c3e       0x86 ./src/i2c_controller.o
 .rodata.I2C_ReadByte.str1.4
                0x02004c3e       0x25 ./src/i2c_controller.o
 .rodata.MIPI_Input_det.str1.4
                0x02004c3e       0x95 ./src/lontium_bridge_lt8912.o
 .rodata.LT8912_Get_HPD.str1.4
                0x02004c3e       0x24 ./src/lontium_bridge_lt8912.o
 .rodata.mipi_dsi_start_display.str1.4
                0x02004c3e       0x72 ./src/mipi_dsi_ep.o
 .rodata.mipi_dsi_entry.str1.4
                0x02004c3e       0x2e ./src/mipi_dsi_ep.o
 *fill*         0x02004c3e        0x2 
 .rodata        0x02004c40       0x20 ./src/mipi_dsi_ep.o
 .rodata.g_display_cfg
                0x02004c60       0x88 ./ra_gen/common_data.o
                0x02004c60                g_display_cfg
 .rodata.g_display_extend_cfg
                0x02004ce8       0x10 ./ra_gen/common_data.o
                0x02004ce8                g_display_extend_cfg
 .rodata.g_mipi_dsi0
                0x02004cf8        0xc ./ra_gen/common_data.o
                0x02004cf8                g_mipi_dsi0
 .rodata.g_mipi_dsi0_cfg
                0x02004d04       0x6c ./ra_gen/common_data.o
                0x02004d04                g_mipi_dsi0_cfg
 .rodata.g_mipi_dsi0_extended_cfg
                0x02004d70       0x24 ./ra_gen/common_data.o
                0x02004d70                g_mipi_dsi0_extended_cfg
 .rodata.g_mipi_dsi0_timing
                0x02004d94       0x10 ./ra_gen/common_data.o
                0x02004d94                g_mipi_dsi0_timing
 .rodata.g_mipi_phy0
                0x02004da4        0xc ./ra_gen/common_data.o
                0x02004da4                g_mipi_phy0
 .rodata.g_mipi_phy0_cfg
                0x02004db0       0x10 ./ra_gen/common_data.o
                0x02004db0                g_mipi_phy0_cfg
 .rodata.g_mipi_phy0_timing
                0x02004dc0       0x18 ./ra_gen/common_data.o
                0x02004dc0                g_mipi_phy0_timing
 .rodata.g_i2c_master0_cfg
                0x02004dd8       0x28 ./ra_gen/hal_data.o
                0x02004dd8                g_i2c_master0_cfg
 .rodata.g_i2c_master0_extend
                0x02004e00        0x8 ./ra_gen/hal_data.o
                0x02004e00                g_i2c_master0_extend
 .rodata.g_uart4_cfg
                0x02004e08       0x20 ./ra_gen/hal_data.o
                0x02004e08                g_uart4_cfg
 .rodata.g_uart4_cfg_extend
                0x02004e28       0x14 ./ra_gen/hal_data.o
                0x02004e28                g_uart4_cfg_extend
 .rodata.g_bsp_pin_cfg
                0x02004e3c        0xc ./ra_gen/pin_data.o
                0x02004e3c                g_bsp_pin_cfg
 .rodata.g_bsp_pin_cfg_data
                0x02004e48      0x1c0 ./ra_gen/pin_data.o
                0x02004e48                g_bsp_pin_cfg_data
 .rodata.g_interrupt_event_link_select
                0x02005008       0x1e ./ra_gen/vector_data.o
                0x02005008                g_interrupt_event_link_select
 *fill*         0x02005026        0x2 
 .rodata.g_mipi_phy
                0x02005028        0x8 ./ra/fsp/src/r_mipi_phy/r_mipi_phy.o
                0x02005028                g_mipi_phy
 .rodata.g_mipi_dsi
                0x02005030       0x20 ./ra/fsp/src/r_mipi_dsi/r_mipi_dsi.o
                0x02005030                g_mipi_dsi
 .rodata.g_vbatt_pins_input
                0x02005050        0x6 ./ra/fsp/src/r_ioport/r_ioport.o
 *fill*         0x02005056        0x2 
 .rodata.g_pdtha_lut
                0x02005058        0x4 ./ra/fsp/src/r_glcdc/r_glcdc.o
 .rodata.g_outset_lut
                0x0200505c        0x4 ./ra/fsp/src/r_glcdc/r_glcdc.o
 .rodata.g_pixsize_lut
                0x02005060       0x10 ./ra/fsp/src/r_glcdc/r_glcdc.o
 .rodata.g_format_lut
                0x02005070        0x8 ./ra/fsp/src/r_glcdc/r_glcdc.o
 .rodata.g_tcon_lut
                0x02005078       0x10 ./ra/fsp/src/r_glcdc/r_glcdc.o
 .rodata.g_init_info
                0x02005088       0x18 ./ra/fsp/src/bsp/mcu/ra8d1/bsp_linker.o
                0x02005088                g_init_info
 .rodata.nocache_list
                0x020050a0       0x18 ./ra/fsp/src/bsp/mcu/ra8d1/bsp_linker.o
 .rodata.copy_list
                0x020050b8       0xf0 ./ra/fsp/src/bsp/mcu/ra8d1/bsp_linker.o
 .rodata.zero_list
                0x020051a8       0x60 ./ra/fsp/src/bsp/mcu/ra8d1/bsp_linker.o
 .rodata.g_prcr_masks
                0x02005208        0xa ./ra/fsp/src/bsp/mcu/all/bsp_register_protection.o
 .rodata._vfprintf_r.str1.1
                0x02005212       0x33 C:/Program Files (x86)/Arm GNU Toolchain arm-none-eabi/13.3 rel1/bin/../lib/gcc/arm-none-eabi/13.3.1/thumb/v8-m.main+dp/hard\libg_nano.a(libc_a-nano-vfprintf.o)
                                 0x11 (size before relaxing)
 .rodata._printf_i.str1.1
                0x02005245       0x22 C:/Program Files (x86)/Arm GNU Toolchain arm-none-eabi/13.3 rel1/bin/../lib/gcc/arm-none-eabi/13.3.1/thumb/v8-m.main+dp/hard\libg_nano.a(libc_a-nano-vfprintf_i.o)
 *(.mcuboot_sce9_key)
 *(.version)
 *fill*         0x02005245        0x3 
 .version       0x02005248       0x50 ./ra/fsp/src/bsp/mcu/all/bsp_common.o
                0x02005298                        __flash_readonly$$Limit = .

.glue_7         0x02005298        0x0
 .glue_7        0x02005298        0x0 linker stubs

.glue_7t        0x02005298        0x0
 .glue_7t       0x02005298        0x0 linker stubs

.vfp11_veneer   0x02005298        0x0
 .vfp11_veneer  0x02005298        0x0 linker stubs

.v4_bx          0x02005298        0x0
 .v4_bx         0x02005298        0x0 linker stubs

.init           0x02005298        0x4
 .init          0x02005298        0x4 C:/Program Files (x86)/Arm GNU Toolchain arm-none-eabi/13.3 rel1/bin/../lib/gcc/arm-none-eabi/13.3.1/thumb/v8-m.main+dp/hard/crti.o
                0x02005298                _init

.fini           0x0200529c        0x4
 .fini          0x0200529c        0x4 C:/Program Files (x86)/Arm GNU Toolchain arm-none-eabi/13.3 rel1/bin/../lib/gcc/arm-none-eabi/13.3.1/thumb/v8-m.main+dp/hard/crti.o
                0x0200529c                _fini

.iplt           0x020052a0        0x0
 .iplt          0x020052a0        0x0 C:/Program Files (x86)/Arm GNU Toolchain arm-none-eabi/13.3 rel1/bin/../lib/gcc/arm-none-eabi/13.3.1/thumb/v8-m.main+dp/hard/crtbegin.o

__flash_ctor$$
 *crtbegin.o(.ctors)
 *crtbegin?.o(.ctors)
 EXCLUDE_FILE(*crtend.o *crtend?.o) *(.ctors)
 *(SORT_BY_NAME(.ctors.*))
 *(.ctors)
 *crtbegin.o(.dtors)
 *crtbegin?.o(.dtors)
 EXCLUDE_FILE(*crtend.o *crtend?.o) *(.dtors)
 *(SORT_BY_NAME(.dtors.*))
 *(.dtors)

__flash_preinit_array$$
                0x020052a0        0x0
                0x020052a0                        __preinit_array_start = .
 *(.preinit_array)
                0x020052a0                        __preinit_array_end = .

__flash_.got$$
 *(.got.plt)
 *(.got)

__flash_init_array$$
                0x020052a0        0x4
                0x020052a0                        __init_array_start = .
 *(SORT_BY_NAME(.init_array.*))
 *(.init_array)
 .init_array    0x020052a0        0x4 C:/Program Files (x86)/Arm GNU Toolchain arm-none-eabi/13.3 rel1/bin/../lib/gcc/arm-none-eabi/13.3.1/thumb/v8-m.main+dp/hard/crtbegin.o
                0x020052a4                        __init_array_end = .

__flash_fini_array$$
                0x020052a4        0x4
                0x020052a4                        __fini_array_start = .
 *(SORT_BY_NAME(.fini_array.*))
 *(.fini_array)
 .fini_array    0x020052a4        0x4 C:/Program Files (x86)/Arm GNU Toolchain arm-none-eabi/13.3 rel1/bin/../lib/gcc/arm-none-eabi/13.3.1/thumb/v8-m.main+dp/hard/crtbegin.o
                0x020052a8                        __fini_array_end = .

__flash_arm.extab$$
 *(.ARM.extab*)
 *(.gnu.linkonce.armextab.*)

__flash_arm.exidx$$
                0x020052a8        0x8
                0x020052a8                        __exidx_start = .
 *(.ARM.exidx*)
 .ARM.exidx     0x020052a8        0x8 C:/Program Files (x86)/Arm GNU Toolchain arm-none-eabi/13.3 rel1/bin/../lib/gcc/arm-none-eabi/13.3.1/thumb/v8-m.main+dp/hard\libg_nano.a(libc_a-strlen.o)
 *(.gnu.linkonce.armexidx.*)
                0x020052b0                        __exidx_end = .

.flash.endof    0x02008000        0x0
                0x02008000                        __ddsc_FLASH_END = .

.flash.flat_nsc
                0x02008000        0x0
                0x02008000                        __sau_ddsc_FLASH_NSC = .

.option_setting_ofs0.startof
                0x0300a100        0x0
                0x0300a100                        __ddsc_OPTION_SETTING_OFS0_START = .

__option_setting_ofs0_reg$$
                0x0300a100        0x4
                0x0300a100                        __option_setting_ofs0_reg$$Base = .
 *(.option_setting_ofs0)
 .option_setting_ofs0
                0x0300a100        0x4 ./ra/fsp/src/bsp/mcu/ra8d1/bsp_linker.o
                0x0300a104                        __option_setting_ofs0_reg$$Limit = .

.option_setting_ofs0.endof
                0x0300a104        0x0
                0x0300a104                        __ddsc_OPTION_SETTING_OFS0_END = .

.option_setting_ofs2.startof
                0x0300a104        0x0
                0x0300a104                        __ddsc_OPTION_SETTING_OFS2_START = .

__option_setting_ofs2_reg$$
                0x0300a104        0x4
                0x0300a104                        __option_setting_ofs2_reg$$Base = .
 *(.option_setting_ofs2)
 .option_setting_ofs2
                0x0300a104        0x4 ./ra/fsp/src/bsp/mcu/ra8d1/bsp_linker.o
                0x0300a108                        __option_setting_ofs2_reg$$Limit = .

.option_setting_ofs2.endof
                0x0300a108        0x0
                0x0300a108                        __ddsc_OPTION_SETTING_OFS2_END = .

.option_setting_dualsel.startof
                0x0300a110        0x0
                0x0300a110                        __ddsc_OPTION_SETTING_DUALSEL_START = .

__option_setting_dualsel_reg$$
                0x0300a110        0x0
                0x0300a110                        __option_setting_dualsel_reg$$Base = .
 *(.option_setting_dualsel)
                0x0300a110                        __option_setting_dualsel_reg$$Limit = .

.option_setting_dualsel.endof
                0x0300a110        0x0
                0x0300a110                        __ddsc_OPTION_SETTING_DUALSEL_END = .

.option_setting_ofs1.startof
                0x1300a180        0x0
                0x1300a180                        __ddsc_OPTION_SETTING_OFS1_START = .

__option_setting_ofs1_reg$$
                0x1300a180        0x0
                0x1300a180                        __option_setting_ofs1_reg$$Base = .
 *(.option_setting_ofs1)
                0x1300a180                        __option_setting_ofs1_reg$$Limit = .

.option_setting_ofs1.endof
                0x1300a180        0x0
                0x1300a180                        __ddsc_OPTION_SETTING_OFS1_END = .

.option_setting_banksel.startof
                0x1300a190        0x0
                0x1300a190                        __ddsc_OPTION_SETTING_BANKSEL_START = .

__option_setting_banksel_reg$$
                0x1300a190        0x0
                0x1300a190                        __option_setting_banksel_reg$$Base = .
 *(.option_setting_banksel)
                0x1300a190                        __option_setting_banksel_reg$$Limit = .

.option_setting_banksel.endof
                0x1300a190        0x0
                0x1300a190                        __ddsc_OPTION_SETTING_BANKSEL_END = .

.option_setting_bps.startof
                0x1300a1c0        0x0
                0x1300a1c0                        __ddsc_OPTION_SETTING_BPS_START = .

__option_setting_bps_reg$$
                0x1300a1c0        0x0
                0x1300a1c0                        __option_setting_bps_reg$$Base = .
 *(.option_setting_bps)
                0x1300a1c0                        __option_setting_bps_reg$$Limit = .

.option_setting_bps.endof
                0x1300a1c0        0x0
                0x1300a1c0                        __ddsc_OPTION_SETTING_BPS_END = .

.option_setting_pbps.startof
                0x1300a1e0        0x0
                0x1300a1e0                        __ddsc_OPTION_SETTING_PBPS_START = .

__option_setting_pbps_reg$$
                0x1300a1e0        0x0
                0x1300a1e0                        __option_setting_pbps_reg$$Base = .
 *(.option_setting_pbps)
                0x1300a1e0                        __option_setting_pbps_reg$$Limit = .

.option_setting_pbps.endof
                0x1300a1e0        0x0
                0x1300a1e0                        __ddsc_OPTION_SETTING_PBPS_END = .

.option_setting_ofs1_sec.startof
                0x0300a200        0x0
                0x0300a200                        __ddsc_OPTION_SETTING_OFS1_SEC_START = .

__option_setting_ofs1_sec_reg$$
                0x0300a200        0x4
                0x0300a200                        __option_setting_ofs1_sec_reg$$Base = .
 *(.option_setting_ofs1_sec)
 .option_setting_ofs1_sec
                0x0300a200        0x4 ./ra/fsp/src/bsp/mcu/ra8d1/bsp_linker.o
                0x0300a204                        __option_setting_ofs1_sec_reg$$Limit = .

.option_setting_ofs1_sec.endof
                0x0300a204        0x0
                0x0300a204                        __ddsc_OPTION_SETTING_OFS1_SEC_END = .

.option_setting_banksel_sec.startof
                0x0300a210        0x0
                0x0300a210                        __ddsc_OPTION_SETTING_BANKSEL_SEC_START = .

__option_setting_banksel_sec_reg$$
                0x0300a210        0x0
                0x0300a210                        __option_setting_banksel_sec_reg$$Base = .
 *(.option_setting_banksel_sec)
                0x0300a210                        __option_setting_banksel_sec_reg$$Limit = .

.option_setting_banksel_sec.endof
                0x0300a210        0x0
                0x0300a210                        __ddsc_OPTION_SETTING_BANKSEL_SEC_END = .

.option_setting_bps_sec.startof
                0x0300a240        0x0
                0x0300a240                        __ddsc_OPTION_SETTING_BPS_SEC_START = .

__option_setting_bps_sec_reg$$
                0x0300a240        0x0
                0x0300a240                        __option_setting_bps_sec_reg$$Base = .
 *(.option_setting_bps_sec)
                0x0300a240                        __option_setting_bps_sec_reg$$Limit = .

.option_setting_bps_sec.endof
                0x0300a240        0x0
                0x0300a240                        __ddsc_OPTION_SETTING_BPS_SEC_END = .

.option_setting_pbps_sec.startof
                0x0300a260        0x0
                0x0300a260                        __ddsc_OPTION_SETTING_PBPS_SEC_START = .

__option_setting_pbps_sec_reg$$
                0x0300a260        0x0
                0x0300a260                        __option_setting_pbps_sec_reg$$Base = .
 *(.option_setting_pbps_sec)
                0x0300a260                        __option_setting_pbps_sec_reg$$Limit = .

.option_setting_pbps_sec.endof
                0x0300a260        0x0
                0x0300a260                        __ddsc_OPTION_SETTING_PBPS_SEC_END = .

.option_setting_ofs1_sel.startof
                0x0300a280        0x0
                0x0300a280                        __ddsc_OPTION_SETTING_OFS1_SEL_START = .

__option_setting_ofs1_sel_reg$$
                0x0300a280        0x4
                0x0300a280                        __option_setting_ofs1_sel_reg$$Base = .
 *(.option_setting_ofs1_sel)
 .option_setting_ofs1_sel
                0x0300a280        0x4 ./ra/fsp/src/bsp/mcu/ra8d1/bsp_linker.o
                0x0300a284                        __option_setting_ofs1_sel_reg$$Limit = .

.eh_frame       0x0300a284        0x0
 .eh_frame      0x0300a284        0x0 C:/Program Files (x86)/Arm GNU Toolchain arm-none-eabi/13.3 rel1/bin/../lib/gcc/arm-none-eabi/13.3.1/thumb/v8-m.main+dp/hard/crtbegin.o

.rel.dyn        0x0300a284        0x0
 .rel.iplt      0x0300a284        0x0 C:/Program Files (x86)/Arm GNU Toolchain arm-none-eabi/13.3 rel1/bin/../lib/gcc/arm-none-eabi/13.3.1/thumb/v8-m.main+dp/hard/crtbegin.o

.option_setting_ofs1_sel.endof
                0x0300a284        0x0
                0x0300a284                        __ddsc_OPTION_SETTING_OFS1_SEL_END = .

.option_setting_banksel_sel.startof
                0x0300a290        0x0
                0x0300a290                        __ddsc_OPTION_SETTING_BANKSEL_SEL_START = .

__option_setting_banksel_sel_reg$$
                0x0300a290        0x0
                0x0300a290                        __option_setting_banksel_sel_reg$$Base = .
 *(.option_setting_banksel_sel)
                0x0300a290                        __option_setting_banksel_sel_reg$$Limit = .

.option_setting_banksel_sel.endof
                0x0300a290        0x0
                0x0300a290                        __ddsc_OPTION_SETTING_BANKSEL_SEL_END = .

.option_setting_bps_sel.startof
                0x0300a2c0        0x0
                0x0300a2c0                        __ddsc_OPTION_SETTING_BPS_SEL_START = .

__option_setting_bps_sel_reg$$
                0x0300a2c0        0x0
                0x0300a2c0                        __option_setting_bps_sel_reg$$Base = .
 *(.option_setting_bps_sel)
                0x0300a2c0                        __option_setting_bps_sel_reg$$Limit = .

.option_setting_bps_sel.endof
                0x0300a2c0        0x0
                0x0300a2c0                        __ddsc_OPTION_SETTING_BPS_SEL_END = .

.option_setting_data_flash_fsblctrl0.startof
                0x27030080        0x0
                0x27030080                        __ddsc_OPTION_SETTING_DATA_FLASH_FSBLCTRL0_START = .

__option_setting_data_flash_fsblctrl0_reg$$
                0x27030080        0x0
                0x27030080                        __option_setting_data_flash_fsblctrl0_reg$$Base = .
 *(.option_setting_data_flash_fsblctrl0)
                0x27030080                        __option_setting_data_flash_fsblctrl0_reg$$Limit = .

.option_setting_data_flash_fsblctrl0.endof
                0x27030080        0x0
                0x27030080                        __ddsc_OPTION_SETTING_DATA_FLASH_FSBLCTRL0_END = .

.option_setting_data_flash_fsblctrl1.startof
                0x27030084        0x0
                0x27030084                        __ddsc_OPTION_SETTING_DATA_FLASH_FSBLCTRL1_START = .

__option_setting_data_flash_fsblctrl1_reg$$
                0x27030084        0x0
                0x27030084                        __option_setting_data_flash_fsblctrl1_reg$$Base = .
 *(.option_setting_data_flash_fsblctrl1)
                0x27030084                        __option_setting_data_flash_fsblctrl1_reg$$Limit = .

.option_setting_data_flash_fsblctrl1.endof
                0x27030084        0x0
                0x27030084                        __ddsc_OPTION_SETTING_DATA_FLASH_FSBLCTRL1_END = .

.option_setting_data_flash_fsblctrl2.startof
                0x27030088        0x0
                0x27030088                        __ddsc_OPTION_SETTING_DATA_FLASH_FSBLCTRL2_START = .

__option_setting_data_flash_fsblctrl2_reg$$
                0x27030088        0x0
                0x27030088                        __option_setting_data_flash_fsblctrl2_reg$$Base = .
 *(.option_setting_data_flash_fsblctrl2)
                0x27030088                        __option_setting_data_flash_fsblctrl2_reg$$Limit = .

.option_setting_data_flash_fsblctrl2.endof
                0x27030088        0x0
                0x27030088                        __ddsc_OPTION_SETTING_DATA_FLASH_FSBLCTRL2_END = .

.option_setting_data_flash_sacc0.startof
                0x2703008c        0x0
                0x2703008c                        __ddsc_OPTION_SETTING_DATA_FLASH_SACC0_START = .

__option_setting_data_flash_sacc0_reg$$
                0x2703008c        0x0
                0x2703008c                        __option_setting_data_flash_sacc0_reg$$Base = .
 *(.option_setting_data_flash_sacc0)
                0x2703008c                        __option_setting_data_flash_sacc0_reg$$Limit = .

.option_setting_data_flash_sacc0.endof
                0x2703008c        0x0
                0x2703008c                        __ddsc_OPTION_SETTING_DATA_FLASH_SACC0_END = .

.option_setting_data_flash_sacc1.startof
                0x27030090        0x0
                0x27030090                        __ddsc_OPTION_SETTING_DATA_FLASH_SACC1_START = .

__option_setting_data_flash_sacc1_reg$$
                0x27030090        0x0
                0x27030090                        __option_setting_data_flash_sacc1_reg$$Base = .
 *(.option_setting_data_flash_sacc1)
                0x27030090                        __option_setting_data_flash_sacc1_reg$$Limit = .

.option_setting_data_flash_sacc1.endof
                0x27030090        0x0
                0x27030090                        __ddsc_OPTION_SETTING_DATA_FLASH_SACC1_END = .

.option_setting_data_flash_samr.startof
                0x27030094        0x0
                0x27030094                        __ddsc_OPTION_SETTING_DATA_FLASH_SAMR_START = .

__option_setting_data_flash_samr_reg$$
                0x27030094        0x0
                0x27030094                        __option_setting_data_flash_samr_reg$$Base = .
 *(.option_setting_data_flash_samr)
                0x27030094                        __option_setting_data_flash_samr_reg$$Limit = .

.option_setting_data_flash_samr.endof
                0x27030094        0x0
                0x27030094                        __ddsc_OPTION_SETTING_DATA_FLASH_SAMR_END = .
OUTPUT(dsi_ai_vision.elf elf32-littlearm)
LOAD linker stubs

.ARM.attributes
                0x00000000       0x3a
 .ARM.attributes
                0x00000000       0x24 C:/Program Files (x86)/Arm GNU Toolchain arm-none-eabi/13.3 rel1/bin/../lib/gcc/arm-none-eabi/13.3.1/thumb/v8-m.main+dp/hard/crti.o
 .ARM.attributes
                0x00000024       0x36 C:/Program Files (x86)/Arm GNU Toolchain arm-none-eabi/13.3 rel1/bin/../lib/gcc/arm-none-eabi/13.3.1/thumb/v8-m.main+dp/hard/crtbegin.o
 .ARM.attributes
                0x0000005a       0x3e ./src/hal_entry.o
 .ARM.attributes
                0x00000098       0x3e ./src/hal_warmstart.o
 .ARM.attributes
                0x000000d6       0x3e ./src/i2c_controller.o
 .ARM.attributes
                0x00000114       0x3e ./src/lontium_bridge_lt8912.o
 .ARM.attributes
                0x00000152       0x3e ./src/mipi_dsi_ep.o
 .ARM.attributes
                0x00000190       0x3e ./src/system.o
 .ARM.attributes
                0x000001ce       0x3e ./src/uart_ep.o
 .ARM.attributes
                0x0000020c       0x3e ./ra_gen/common_data.o
 .ARM.attributes
                0x0000024a       0x3e ./ra_gen/hal_data.o
 .ARM.attributes
                0x00000288       0x3e ./ra_gen/main.o
 .ARM.attributes
                0x000002c6       0x3e ./ra_gen/pin_data.o
 .ARM.attributes
                0x00000304       0x3e ./ra_gen/vector_data.o
 .ARM.attributes
                0x00000342       0x3e ./ra/fsp/src/r_sci_b_uart/r_sci_b_uart.o
 .ARM.attributes
                0x00000380       0x3e ./ra/fsp/src/r_mipi_phy/r_mipi_phy.o
 .ARM.attributes
                0x000003be       0x3e ./ra/fsp/src/r_mipi_dsi/r_mipi_dsi.o
 .ARM.attributes
                0x000003fc       0x3e ./ra/fsp/src/r_ioport/r_ioport.o
 .ARM.attributes
                0x0000043a       0x3e ./ra/fsp/src/r_iic_master/r_iic_master.o
 .ARM.attributes
                0x00000478       0x3e ./ra/fsp/src/r_glcdc/r_glcdc.o
 .ARM.attributes
                0x000004b6       0x3e ./ra/fsp/src/bsp/mcu/ra8d1/bsp_linker.o
 .ARM.attributes
                0x000004f4       0x3e ./ra/fsp/src/bsp/mcu/all/bsp_clocks.o
 .ARM.attributes
                0x00000532       0x3e ./ra/fsp/src/bsp/mcu/all/bsp_common.o
 .ARM.attributes
                0x00000570       0x3e ./ra/fsp/src/bsp/mcu/all/bsp_delay.o
 .ARM.attributes
                0x000005ae       0x3e ./ra/fsp/src/bsp/mcu/all/bsp_group_irq.o
 .ARM.attributes
                0x000005ec       0x3e ./ra/fsp/src/bsp/mcu/all/bsp_io.o
 .ARM.attributes
                0x0000062a       0x3e ./ra/fsp/src/bsp/mcu/all/bsp_irq.o
 .ARM.attributes
                0x00000668       0x3e ./ra/fsp/src/bsp/mcu/all/bsp_register_protection.o
 .ARM.attributes
                0x000006a6       0x3e ./ra/fsp/src/bsp/mcu/all/bsp_sbrk.o
 .ARM.attributes
                0x000006e4       0x3e ./ra/fsp/src/bsp/mcu/all/bsp_sdram.o
 .ARM.attributes
                0x00000722       0x3e ./ra/fsp/src/bsp/cmsis/Device/RENESAS/Source/startup.o
 .ARM.attributes
                0x00000760       0x3e ./ra/fsp/src/bsp/cmsis/Device/RENESAS/Source/system.o
 .ARM.attributes
                0x0000079e       0x36 C:/Program Files (x86)/Arm GNU Toolchain arm-none-eabi/13.3 rel1/bin/../lib/gcc/arm-none-eabi/13.3.1/thumb/v8-m.main+dp/hard\libg_nano.a(libc_a-findfp.o)
 .ARM.attributes
                0x000007d4       0x36 C:/Program Files (x86)/Arm GNU Toolchain arm-none-eabi/13.3 rel1/bin/../lib/gcc/arm-none-eabi/13.3.1/thumb/v8-m.main+dp/hard\libg_nano.a(libc_a-fwalk.o)
 .ARM.attributes
                0x0000080a       0x36 C:/Program Files (x86)/Arm GNU Toolchain arm-none-eabi/13.3 rel1/bin/../lib/gcc/arm-none-eabi/13.3.1/thumb/v8-m.main+dp/hard\libg_nano.a(libc_a-printf.o)
 .ARM.attributes
                0x00000840       0x36 C:/Program Files (x86)/Arm GNU Toolchain arm-none-eabi/13.3 rel1/bin/../lib/gcc/arm-none-eabi/13.3.1/thumb/v8-m.main+dp/hard\libg_nano.a(libc_a-puts.o)
 .ARM.attributes
                0x00000876       0x36 C:/Program Files (x86)/Arm GNU Toolchain arm-none-eabi/13.3 rel1/bin/../lib/gcc/arm-none-eabi/13.3.1/thumb/v8-m.main+dp/hard\libg_nano.a(libc_a-stdio.o)
 .ARM.attributes
                0x000008ac       0x36 C:/Program Files (x86)/Arm GNU Toolchain arm-none-eabi/13.3 rel1/bin/../lib/gcc/arm-none-eabi/13.3.1/thumb/v8-m.main+dp/hard\libg_nano.a(libc_a-wbuf.o)
 .ARM.attributes
                0x000008e2       0x36 C:/Program Files (x86)/Arm GNU Toolchain arm-none-eabi/13.3 rel1/bin/../lib/gcc/arm-none-eabi/13.3.1/thumb/v8-m.main+dp/hard\libg_nano.a(libc_a-wsetup.o)
 .ARM.attributes
                0x00000918       0x36 C:/Program Files (x86)/Arm GNU Toolchain arm-none-eabi/13.3 rel1/bin/../lib/gcc/arm-none-eabi/13.3.1/thumb/v8-m.main+dp/hard\libg_nano.a(libc_a-memset.o)
 .ARM.attributes
                0x0000094e       0x36 C:/Program Files (x86)/Arm GNU Toolchain arm-none-eabi/13.3 rel1/bin/../lib/gcc/arm-none-eabi/13.3.1/thumb/v8-m.main+dp/hard\libg_nano.a(libc_a-closer.o)
 .ARM.attributes
                0x00000984       0x36 C:/Program Files (x86)/Arm GNU Toolchain arm-none-eabi/13.3 rel1/bin/../lib/gcc/arm-none-eabi/13.3.1/thumb/v8-m.main+dp/hard\libg_nano.a(libc_a-reent.o)
 .ARM.attributes
                0x000009ba       0x36 C:/Program Files (x86)/Arm GNU Toolchain arm-none-eabi/13.3 rel1/bin/../lib/gcc/arm-none-eabi/13.3.1/thumb/v8-m.main+dp/hard\libg_nano.a(libc_a-impure.o)
 .ARM.attributes
                0x000009f0       0x36 C:/Program Files (x86)/Arm GNU Toolchain arm-none-eabi/13.3 rel1/bin/../lib/gcc/arm-none-eabi/13.3.1/thumb/v8-m.main+dp/hard\libg_nano.a(libc_a-lseekr.o)
 .ARM.attributes
                0x00000a26       0x36 C:/Program Files (x86)/Arm GNU Toolchain arm-none-eabi/13.3 rel1/bin/../lib/gcc/arm-none-eabi/13.3.1/thumb/v8-m.main+dp/hard\libg_nano.a(libc_a-readr.o)
 .ARM.attributes
                0x00000a5c       0x36 C:/Program Files (x86)/Arm GNU Toolchain arm-none-eabi/13.3 rel1/bin/../lib/gcc/arm-none-eabi/13.3.1/thumb/v8-m.main+dp/hard\libg_nano.a(libc_a-writer.o)
 .ARM.attributes
                0x00000a92       0x36 C:/Program Files (x86)/Arm GNU Toolchain arm-none-eabi/13.3 rel1/bin/../lib/gcc/arm-none-eabi/13.3.1/thumb/v8-m.main+dp/hard\libg_nano.a(libc_a-errno.o)
 .ARM.attributes
                0x00000ac8       0x36 C:/Program Files (x86)/Arm GNU Toolchain arm-none-eabi/13.3 rel1/bin/../lib/gcc/arm-none-eabi/13.3.1/thumb/v8-m.main+dp/hard\libg_nano.a(libc_a-lock.o)
 .ARM.attributes
                0x00000afe       0x36 C:/Program Files (x86)/Arm GNU Toolchain arm-none-eabi/13.3 rel1/bin/../lib/gcc/arm-none-eabi/13.3.1/thumb/v8-m.main+dp/hard\libg_nano.a(libc_a-memcpy-stub.o)
 .ARM.attributes
                0x00000b34       0x22 C:/Program Files (x86)/Arm GNU Toolchain arm-none-eabi/13.3 rel1/bin/../lib/gcc/arm-none-eabi/13.3.1/thumb/v8-m.main+dp/hard\libg_nano.a(libc_a-strlen.o)
 .ARM.attributes
                0x00000b56       0x36 C:/Program Files (x86)/Arm GNU Toolchain arm-none-eabi/13.3 rel1/bin/../lib/gcc/arm-none-eabi/13.3.1/thumb/v8-m.main+dp/hard\libg_nano.a(libc_a-freer.o)
 .ARM.attributes
                0x00000b8c       0x36 C:/Program Files (x86)/Arm GNU Toolchain arm-none-eabi/13.3 rel1/bin/../lib/gcc/arm-none-eabi/13.3.1/thumb/v8-m.main+dp/hard\libg_nano.a(libc_a-mallocr.o)
 .ARM.attributes
                0x00000bc2       0x36 C:/Program Files (x86)/Arm GNU Toolchain arm-none-eabi/13.3 rel1/bin/../lib/gcc/arm-none-eabi/13.3.1/thumb/v8-m.main+dp/hard\libg_nano.a(libc_a-mlock.o)
 .ARM.attributes
                0x00000bf8       0x36 C:/Program Files (x86)/Arm GNU Toolchain arm-none-eabi/13.3 rel1/bin/../lib/gcc/arm-none-eabi/13.3.1/thumb/v8-m.main+dp/hard\libg_nano.a(libc_a-nano-vfprintf.o)
 .ARM.attributes
                0x00000c2e       0x36 C:/Program Files (x86)/Arm GNU Toolchain arm-none-eabi/13.3 rel1/bin/../lib/gcc/arm-none-eabi/13.3.1/thumb/v8-m.main+dp/hard\libg_nano.a(libc_a-nano-vfprintf_i.o)
 .ARM.attributes
                0x00000c64       0x36 C:/Program Files (x86)/Arm GNU Toolchain arm-none-eabi/13.3 rel1/bin/../lib/gcc/arm-none-eabi/13.3.1/thumb/v8-m.main+dp/hard\libg_nano.a(libc_a-fflush.o)
 .ARM.attributes
                0x00000c9a       0x36 C:/Program Files (x86)/Arm GNU Toolchain arm-none-eabi/13.3 rel1/bin/../lib/gcc/arm-none-eabi/13.3.1/thumb/v8-m.main+dp/hard\libg_nano.a(libc_a-makebuf.o)
 .ARM.attributes
                0x00000cd0       0x36 C:/Program Files (x86)/Arm GNU Toolchain arm-none-eabi/13.3 rel1/bin/../lib/gcc/arm-none-eabi/13.3.1/thumb/v8-m.main+dp/hard\libg_nano.a(libc_a-fstatr.o)
 .ARM.attributes
                0x00000d06       0x36 C:/Program Files (x86)/Arm GNU Toolchain arm-none-eabi/13.3 rel1/bin/../lib/gcc/arm-none-eabi/13.3.1/thumb/v8-m.main+dp/hard\libg_nano.a(libc_a-isattyr.o)
 .ARM.attributes
                0x00000d3c       0x36 C:/Program Files (x86)/Arm GNU Toolchain arm-none-eabi/13.3 rel1/bin/../lib/gcc/arm-none-eabi/13.3.1/thumb/v8-m.main+dp/hard\libg_nano.a(libc_a-sbrkr.o)
 .ARM.attributes
                0x00000d72       0x36 C:/Program Files (x86)/Arm GNU Toolchain arm-none-eabi/13.3 rel1/bin/../lib/gcc/arm-none-eabi/13.3.1/thumb/v8-m.main+dp/hard\libg_nano.a(libc_a-memchr-stub.o)
 .ARM.attributes
                0x00000da8       0x36 C:/Program Files (x86)/Arm GNU Toolchain arm-none-eabi/13.3 rel1/bin/../lib/gcc/arm-none-eabi/13.3.1/thumb/v8-m.main+dp/hard/crtend.o

.comment        0x00000000       0x45
 .comment       0x00000000       0x45 ./src/hal_entry.o
                                 0x46 (size before relaxing)
 .comment       0x00000045       0x46 ./src/hal_warmstart.o
 .comment       0x00000045       0x46 ./src/i2c_controller.o
 .comment       0x00000045       0x46 ./src/lontium_bridge_lt8912.o
 .comment       0x00000045       0x46 ./src/mipi_dsi_ep.o
 .comment       0x00000045       0x46 ./src/system.o
 .comment       0x00000045       0x46 ./src/uart_ep.o
 .comment       0x00000045       0x46 ./ra_gen/common_data.o
 .comment       0x00000045       0x46 ./ra_gen/hal_data.o
 .comment       0x00000045       0x46 ./ra_gen/main.o
 .comment       0x00000045       0x46 ./ra_gen/pin_data.o
 .comment       0x00000045       0x46 ./ra_gen/vector_data.o
 .comment       0x00000045       0x46 ./ra/fsp/src/r_sci_b_uart/r_sci_b_uart.o
 .comment       0x00000045       0x46 ./ra/fsp/src/r_mipi_phy/r_mipi_phy.o
 .comment       0x00000045       0x46 ./ra/fsp/src/r_mipi_dsi/r_mipi_dsi.o
 .comment       0x00000045       0x46 ./ra/fsp/src/r_ioport/r_ioport.o
 .comment       0x00000045       0x46 ./ra/fsp/src/r_iic_master/r_iic_master.o
 .comment       0x00000045       0x46 ./ra/fsp/src/r_glcdc/r_glcdc.o
 .comment       0x00000045       0x46 ./ra/fsp/src/bsp/mcu/ra8d1/bsp_linker.o
 .comment       0x00000045       0x46 ./ra/fsp/src/bsp/mcu/all/bsp_clocks.o
 .comment       0x00000045       0x46 ./ra/fsp/src/bsp/mcu/all/bsp_common.o
 .comment       0x00000045       0x46 ./ra/fsp/src/bsp/mcu/all/bsp_delay.o
 .comment       0x00000045       0x46 ./ra/fsp/src/bsp/mcu/all/bsp_group_irq.o
 .comment       0x00000045       0x46 ./ra/fsp/src/bsp/mcu/all/bsp_io.o
 .comment       0x00000045       0x46 ./ra/fsp/src/bsp/mcu/all/bsp_irq.o
 .comment       0x00000045       0x46 ./ra/fsp/src/bsp/mcu/all/bsp_register_protection.o
 .comment       0x00000045       0x46 ./ra/fsp/src/bsp/mcu/all/bsp_sbrk.o
 .comment       0x00000045       0x46 ./ra/fsp/src/bsp/mcu/all/bsp_sdram.o
 .comment       0x00000045       0x46 ./ra/fsp/src/bsp/cmsis/Device/RENESAS/Source/startup.o
 .comment       0x00000045       0x46 ./ra/fsp/src/bsp/cmsis/Device/RENESAS/Source/system.o

.debug_info     0x00000000    0x77a75
 .debug_info    0x00000000     0x2958 ./src/hal_entry.o
 .debug_info    0x00002958     0x1005 ./src/hal_warmstart.o
 .debug_info    0x0000395d     0x1cb2 ./src/i2c_controller.o
 .debug_info    0x0000560f     0x3e65 ./src/lontium_bridge_lt8912.o
 .debug_info    0x00009474     0x22f3 ./src/mipi_dsi_ep.o
 .debug_info    0x0000b767      0x1b7 ./src/system.o
 .debug_info    0x0000b91e     0x29aa ./src/uart_ep.o
 .debug_info    0x0000e2c8     0x32fa ./ra_gen/common_data.o
 .debug_info    0x000115c2     0x3cc3 ./ra_gen/hal_data.o
 .debug_info    0x00015285       0xb1 ./ra_gen/main.o
 .debug_info    0x00015336      0xa31 ./ra_gen/pin_data.o
 .debug_info    0x00015d67      0x9b2 ./ra_gen/vector_data.o
 .debug_info    0x00016719     0xbd77 ./ra/fsp/src/r_sci_b_uart/r_sci_b_uart.o
 .debug_info    0x00022490     0x6bab ./ra/fsp/src/r_mipi_phy/r_mipi_phy.o
 .debug_info    0x0002903b    0x1188d ./ra/fsp/src/r_mipi_dsi/r_mipi_dsi.o
 .debug_info    0x0003a8c8     0x9b03 ./ra/fsp/src/r_ioport/r_ioport.o
 .debug_info    0x000443cb     0xb207 ./ra/fsp/src/r_iic_master/r_iic_master.o
 .debug_info    0x0004f5d2     0x74b1 ./ra/fsp/src/r_glcdc/r_glcdc.o
 .debug_info    0x00056a83      0x63c ./ra/fsp/src/bsp/mcu/ra8d1/bsp_linker.o